Component: ARM Compiler 5.06 update 5 (build 528) Tool: armlink [4d35e2]

==============================================================================

Section Cross References

    main.o(.text) refers to _printf_percent.o(.ARM.Collect$$_printf_percent$$00000000) for _printf_percent
    main.o(.text) refers to _printf_d.o(.ARM.Collect$$_printf_percent$$00000009) for _printf_d
    main.o(.text) refers to _printf_dec.o(.text) for _printf_int_dec
    main.o(.text) refers to _printf_pad.o(.text) for _printf_pre_padding
    main.o(.text) refers to _printf_s.o(.ARM.Collect$$_printf_percent$$00000014) for _printf_s
    main.o(.text) refers to _printf_str.o(.text) for _printf_str
    main.o(.text) refers to misc.o(.text) for NVIC_PriorityGroupConfig
    main.o(.text) refers to delay.o(.text) for delay_init
    main.o(.text) refers to usart.o(.text) for uart_init
    main.o(.text) refers to usart3.o(.text) for usart3_init
    main.o(.text) refers to led.o(.text) for LED_Init
    main.o(.text) refers to oled.o(.text) for OLED_Init
    main.o(.text) refers to timer.o(.text) for TIM3_PWM_Init
    main.o(.text) refers to encoder.o(.text) for ENCODER_Init
    main.o(.text) refers to stm32f4xx_tim.o(.text) for TIM_SetCompare4
    main.o(.text) refers to __2printf.o(.text) for __2printf
    main.o(.text) refers to rt_memclr_w.o(.text) for __aeabi_memclr4
    main.o(.text) refers to __2sprintf.o(.text) for __2sprintf
    main.o(.text) refers to common.o(.text) for atk_8266_send_cmd
    main.o(.text) refers to main.o(.data) for window_isOpen
    main.o(.text) refers to common.o(.data) for isAlive
    main.o(.text) refers to encoder.o(.data) for CaptureNumber
    system_stm32f4xx.o(.text) refers to system_stm32f4xx.o(.data) for SystemCoreClock
    led.o(.text) refers to stm32f4xx_rcc.o(.text) for RCC_AHB1PeriphClockCmd
    led.o(.text) refers to stm32f4xx_gpio.o(.text) for GPIO_Init
    adc.o(.text) refers to stm32f4xx_rcc.o(.text) for RCC_AHB1PeriphClockCmd
    adc.o(.text) refers to stm32f4xx_gpio.o(.text) for GPIO_Init
    adc.o(.text) refers to stm32f4xx_adc.o(.text) for ADC_CommonInit
    adc.o(.text) refers to delay.o(.text) for delay_ms
    mq_sensor.o(.text) refers to adc.o(.text) for Adc_Init
    mq_sensor.o(.text) refers to f2d.o(x$fpl$f2d) for __aeabi_f2d
    mq_sensor.o(.text) refers to dmul.o(x$fpl$dmul) for __aeabi_dmul
    mq_sensor.o(.text) refers to d2f.o(x$fpl$d2f) for __aeabi_d2f
    mq_sensor.o(.text) refers to pow.o(i.__hardfp_pow) for __hardfp_pow
    hc_sr501.o(.text) refers to stm32f4xx_rcc.o(.text) for RCC_AHB1PeriphClockCmd
    hc_sr501.o(.text) refers to stm32f4xx_gpio.o(.text) for GPIO_Init
    hc_sr501.o(.text) refers to exti.o(.text) for HC_EXTI_Init
    exti.o(.text) refers to delay.o(.text) for delay_ms
    exti.o(.text) refers to stm32f4xx_exti.o(.text) for EXTI_ClearITPendingBit
    exti.o(.text) refers to __2printf.o(.text) for __2printf
    exti.o(.text) refers to stm32f4xx_rcc.o(.text) for RCC_APB2PeriphClockCmd
    exti.o(.text) refers to stm32f4xx_syscfg.o(.text) for SYSCFG_EXTILineConfig
    exti.o(.text) refers to misc.o(.text) for NVIC_Init
    exti.o(.text) refers to main.o(.data) for rain
    dht11.o(.text) refers to delay.o(.text) for delay_ms
    dht11.o(.text) refers to stm32f4xx_rcc.o(.text) for RCC_AHB1PeriphClockCmd
    dht11.o(.text) refers to stm32f4xx_gpio.o(.text) for GPIO_Init
    rain_detect.o(.text) refers to stm32f4xx_rcc.o(.text) for RCC_AHB1PeriphClockCmd
    rain_detect.o(.text) refers to stm32f4xx_gpio.o(.text) for GPIO_Init
    rain_detect.o(.text) refers to exti.o(.text) for Rain_EXIT_Init
    usart3.o(.text) refers to stm32f4xx_usart.o(.text) for USART_GetITStatus
    usart3.o(.text) refers to stm32f4xx_tim.o(.text) for TIM_SetCounter
    usart3.o(.text) refers to stm32f4xx_rcc.o(.text) for RCC_AHB1PeriphClockCmd
    usart3.o(.text) refers to stm32f4xx_gpio.o(.text) for GPIO_PinAFConfig
    usart3.o(.text) refers to misc.o(.text) for NVIC_Init
    usart3.o(.text) refers to timer.o(.text) for TIM7_Int_Init
    usart3.o(.text) refers to c89vsprintf.o(.text) for __c89vsprintf
    usart3.o(.text) refers to strlen.o(.text) for strlen
    usart3.o(.text) refers to usart3.o(.data) for USART3_RX_STA
    usart3.o(.text) refers to usart3.o(.bss) for USART3_RX_BUF
    timer.o(.text) refers to stm32f4xx_tim.o(.text) for TIM_GetITStatus
    timer.o(.text) refers to stm32f4xx_rcc.o(.text) for RCC_APB1PeriphClockCmd
    timer.o(.text) refers to misc.o(.text) for NVIC_Init
    timer.o(.text) refers to stm32f4xx_gpio.o(.text) for GPIO_PinAFConfig
    timer.o(.text) refers to usart3.o(.data) for USART3_RX_STA
    encoder.o(.text) refers to stm32f4xx_rcc.o(.text) for RCC_AHB1PeriphClockCmd
    encoder.o(.text) refers to stm32f4xx_gpio.o(.text) for GPIO_Init
    encoder.o(.text) refers to misc.o(.text) for NVIC_Init
    encoder.o(.text) refers to stm32f4xx_tim.o(.text) for TIM_TimeBaseInit
    encoder.o(.text) refers to encoder.o(.data) for CaptureNumber
[...]
    x$fpl$fpinit                             0x08004f1c   Section       10  fpinit.o(x$fpl$fpinit)
    $v0                                      0x08004f1c   Number         0  fpinit.o(x$fpl$fpinit)
    x$fpl$printf1                            0x08004f26   Section        4  printf1.o(x$fpl$printf1)
    $v0                                      0x08004f26   Number         0  printf1.o(x$fpl$printf1)
    .constdata                               0x08004f2a   Section     2648  oled.o(.constdata)
    x$fpl$usenofp                            0x08004f2a   Section        0  usenofp.o(x$fpl$usenofp)
    .constdata                               0x08005982   Section       17  __printf_flags_ss_wp.o(.constdata)
    maptable                                 0x08005982   Data          17  __printf_flags_ss_wp.o(.constdata)
    .constdata                               0x08005994   Section        8  _printf_wctomb.o(.constdata)
    initial_mbstate                          0x08005994   Data           8  _printf_wctomb.o(.constdata)
    .constdata                               0x0800599c   Section       40  _printf_hex_int_ll_ptr.o(.constdata)
    uc_hextab                                0x0800599c   Data          20  _printf_hex_int_ll_ptr.o(.constdata)
    lc_hextab                                0x080059b0   Data          20  _printf_hex_int_ll_ptr.o(.constdata)
    .constdata                               0x080059c4   Section      148  bigflt0.o(.constdata)
    tenpwrs_x                                0x080059c4   Data          60  bigflt0.o(.constdata)
    tenpwrs_i                                0x08005a00   Data          64  bigflt0.o(.constdata)
    .conststring                             0x08005a58   Section       29  common.o(.conststring)
    locale$$data                             0x08005a98   Section       28  lc_numeric_c.o(locale$$data)
    __lcnum_c_name                           0x08005a9c   Data           2  lc_numeric_c.o(locale$$data)
    __lcnum_c_start                          0x08005aa4   Data           0  lc_numeric_c.o(locale$$data)
    __lcnum_c_point                          0x08005ab0   Data           0  lc_numeric_c.o(locale$$data)
    __lcnum_c_thousands                      0x08005ab2   Data           0  lc_numeric_c.o(locale$$data)
    __lcnum_c_grouping                       0x08005ab3   Data           0  lc_numeric_c.o(locale$$data)
    locale$$data                             0x08005ab4   Section      272  lc_ctype_c.o(locale$$data)
    __lcnum_c_end                            0x08005ab4   Data           0  lc_numeric_c.o(locale$$data)
    __lcctype_c_name                         0x08005ab8   Data           2  lc_ctype_c.o(locale$$data)
    __lcctype_c_start                        0x08005ac0   Data           0  lc_ctype_c.o(locale$$data)
    __lcctype_c_end                          0x08005bc4   Data           0  lc_ctype_c.o(locale$$data)
    .data                                    0x20000000   Section        2  main.o(.data)
    .data                                    0x20000004   Section       20  system_stm32f4xx.o(.data)
    .data                                    0x20000018   Section        2  usart3.o(.data)
    .data                                    0x2000001c   Section        4  encoder.o(.data)
    .data                                    0x20000020   Section        6  oled.o(.data)
    .data                                    0x20000026   Section        4  delay.o(.data)
    fac_us                                   0x20000026   Data           1  delay.o(.data)
    fac_ms                                   0x20000028   Data           2  delay.o(.data)
    .data                                    0x2000002c   Section        6  usart.o(.data)
    .data                                    0x20000032   Section       16  stm32f4xx_rcc.o(.data)
    APBAHBPrescTable                         0x20000032   Data          16  stm32f4xx_rcc.o(.data)
    .data                                    0x20000044   Section       13  common.o(.data)
    .data                                    0x20000054   Section        4  strtok.o(.data)
    _strtok_saves1                           0x20000054   Data           4  strtok.o(.data)
    .bss                                     0x20000058   Section      800  usart3.o(.bss)
    .bss                                     0x20000378   Section       16  oled.o(.bss)
    .bss                                     0x20000388   Section      200  usart.o(.bss)
    .bss                                     0x20000450   Section       96  libspace.o(.bss)
    HEAP                                     0x200004b0   Section      512  startup_stm32f40_41xxx.o(HEAP)
    Heap_Mem                                 0x200004b0   Data         512  startup_stm32f40_41xxx.o(HEAP)
    STACK                                    0x200006b0   Section     1024  startup_stm32f40_41xxx.o(STACK)
    Stack_Mem                                0x200006b0   Data        1024  startup_stm32f40_41xxx.o(STACK)
    __initial_sp                             0x20000ab0   Data           0  startup_stm32f40_41xxx.o(STACK)

    Global Symbols

    Symbol Name                              Value     Ov Type        Size  Object(Section)

    BuildAttributes$$THM_ISAv4$E$P$D$K$B$S$7EM$VFPi3$EXTD16$VFPS$VFMA$PE$A:L22UL41UL21$X:L11$S22US41US21$IEEE1$IW$USESV6$~STKCKD$USESV7$~SHL$OTIME$ROPI$IEEEX$EBA8$UX$STANDARDLIB$REQ8$PRES8$EABIv2 0x00000000   Number         0  anon$$obj.o ABSOLUTE
    __ARM_use_no_argv                        0x00000000   Number         0  main.o ABSOLUTE
    _printf_flags                            0x00000000   Number         0  printf_stubs.o ABSOLUTE
    _printf_return_value                     0x00000000   Number         0  printf_stubs.o ABSOLUTE
    _printf_sizespec                         0x00000000   Number         0  printf_stubs.o ABSOLUTE
    _printf_widthprec                        0x00000000   Number         0  printf_stubs.o ABSOLUTE
    __ARM_exceptions_init                     - Undefined Weak Reference
    __alloca_initialize                       - Undefined Weak Reference
    __arm_preinit_                            - Undefined Weak Reference
    __cpp_initialize__aeabi_                  - Undefined Weak Reference
    __cxa_finalize                            - Undefined Weak Reference
    __sigvec_lookup                           - Undefined Weak Reference
    _atexit_init                              - Undefined Weak Reference
    _call_atexit_fns                          - Undefined Weak Reference
    _clock_init                               - Undefined Weak Reference
    _fp_trap_init                             - Undefined Weak Reference
    _fp_trap_shutdown                         - Undefined Weak Reference
    _get_lc_collate                           - Undefined Weak Reference
    _get_lc_monetary                          - Undefined Weak Reference
    _get_lc_time                              - Undefined Weak Reference
    _getenv_init                              - Undefined Weak Reference
    _handle_redirection                       - Undefined Weak Reference
    _init_alloc                               - Undefined Weak Reference
    _init_user_alloc                          - Undefined Weak Reference
    _initio                                   - Undefined Weak Reference
    _mutex_acquire                            - Undefined Weak Reference
    _mutex_release                            - Undefined Weak Reference
    _printf_fp_hex                            - Undefined Weak Reference
    _printf_mbtowc                            - Undefined Weak Reference
    _printf_wc                                - Undefined Weak Reference
    _rand_init                                - Undefined Weak Reference
    _signal_finish                            - Undefined Weak Reference
    _signal_init                              - Undefined Weak Reference
    _terminate_alloc                          - Undefined Weak Reference
    _terminate_user_alloc                     - Undefined Weak Reference
    _terminateio                              - Undefined Weak Reference
    __Vectors_Size                           0x00000188   Number         0  startup_stm32f40_41xxx.o ABSOLUTE
    __Vectors                                0x08000000   Data           4  startup_stm32f40_41xxx.o(RESET)
    __Vectors_End                            0x08000188   Data           0  startup_stm32f40_41xxx.o(RESET)
    __main                                   0x08000189   Thumb Code     8  __main.o(!!!main)
    __scatterload                            0x08000191   Thumb Code     0  __scatter.o(!!!scatter)
    __scatterload_rt2                        0x08000191   Thumb Code    44  __scatter.o(!!!scatter)
    __scatterload_rt2_thumb_only             0x08000191   Thumb Code     0  __scatter.o(!!!scatter)
    __scatterload_null                       0x0800019f   Thumb Code     0  __scatter.o(!!!scatter)
    __scatterload_copy                       0x080001c5   Thumb Code    26  __scatter_copy.o(!!handler_copy)
    __scatterload_zeroinit                   0x080001e1   Thumb Code    28  __scatter_zi.o(!!handler_zi)
    _printf_n                                0x080001fd   Thumb Code     0  _printf_n.o(.ARM.Collect$$_printf_percent$$00000001)
    _printf_percent                          0x080001fd   Thumb Code     0  _printf_percent.o(.ARM.Collect$$_printf_percent$$00000000)
    _printf_p                                0x08000203   Thumb Code     0  _printf_p.o(.ARM.Collect$$_printf_percent$$00000002)
    _printf_f                                0x08000209   Thumb Code     0  _printf_f.o(.ARM.Collect$$_printf_percent$$00000003)
    _printf_e                                0x0800020f   Thumb Code     0  _printf_e.o(.ARM.Collect$$_printf_percent$$00000004)
    _printf_g                                0x08000215   Thumb Code     0  _printf_g.o(.ARM.Collect$$_printf_percent$$00000005)
    _printf_a                                0x0800021b   Thumb Code     0  _printf_a.o(.ARM.Collect$$_printf_percent$$00000006)
    _printf_ll                               0x08000221   Thumb Code     0  _printf_ll.o(.ARM.Collect$$_printf_percent$$00000007)
    _printf_i                                0x0800022b   Thumb Code     0  _printf_i.o(.ARM.Collect$$_printf_percent$$00000008)
    _printf_d                                0x08000231   Thumb Code     0  _printf_d.o(.ARM.Collect$$_printf_percent$$00000009)
    _printf_u                                0x08000237   Thumb Code     0  _printf_u.o(.ARM.Collect$$_printf_percent$$0000000A)
    _printf_o                                0x0800023d   Thumb Code     0  _printf_o.o(.ARM.Collect$$_printf_percent$$0000000B)
    _printf_x                                0x08000243   Thumb Code     0  _printf_x.o(.ARM.Collect$$_printf_percent$$0000000C)
    _printf_lli                              0x08000249   Thumb Code     0  _printf_lli.o(.ARM.Collect$$_printf_percent$$0000000D)
    _printf_lld                              0x0800024f   Thumb Code     0  _printf_lld.o(.ARM.Collect$$_printf_percent$$0000000E)
    _printf_llu                              0x08000255   Thumb Code     0  _printf_llu.o(.ARM.Collect$$_printf_percent$$0000000F)
    _printf_llo                              0x0800025b   Thumb Code     0  _printf_llo.o(.ARM.Collect$$_printf_percent$$00000010)
    _printf_llx                              0x08000261   Thumb Code     0  _printf_llx.o(.ARM.Collect$$_printf_percent$$00000011)
    _printf_l                                0x08000267   Thumb Code     0  _printf_l.o(.ARM.Collect$$_printf_percent$$00000012)
    _printf_c                                0x08000271   Thumb Code     0  _printf_c.o(.ARM.Collect$$_printf_percent$$00000013)
    _printf_s                                0x08000277   Thumb Code     0  _printf_s.o(.ARM.Collect$$_printf_percent$$00000014)
    _printf_lc                               0x0800027d   Thumb Code     0  _printf_lc.o(.ARM.Collect$$_printf_percent$$00000015)
    _printf_ls                               0x08000283   Thumb Code     0  _printf_ls.o(.ARM.Collect$$_printf_percent$$00000016)
    _printf_percent_end                      0x08000289   Thumb Code     0  _printf_percent_end.o(.ARM.Collect$$_printf_percent$$00000017)
    __rt_lib_init                            0x0800028d   Thumb Code     0  libinit.o(.ARM.Collect$$libinit$$00000000)
    __rt_lib_init_fp_1                       0x0800028f   Thumb Code     0  libinit2.o(.ARM.Collect$$libinit$$00000001)
    __rt_lib_init_heap_1                     0x08000293   Thumb Code     0  libinit2.o(.ARM.Collect$$libinit$$0000000A)
    __rt_lib_init_lc_common                  0x08000293   Thumb Code     0  libinit2.o(.ARM.Collect$$libinit$$0000000F)
    __rt_lib_init_preinit_1                  0x08000293   Thumb Code     0  libinit2.o(.ARM.Collect$$libinit$$00000004)
    __rt_lib_init_rand_1                     0x08000293   Thumb Code     0  libinit2.o(.ARM.Collect$$libinit$$0000000E)
    __rt_lib_init_user_alloc_1               0x08000293   Thumb Code     0  libinit2.o(.ARM.Collect$$libinit$$0000000C)
    __rt_lib_init_lc_collate_1               0x08000299   Thumb Code     0  libinit2.o(.ARM.Collect$$libinit$$00000011)
    __rt_lib_init_lc_ctype_2                 0x08000299   Thumb Code     0  libinit2.o(.ARM.Collect$$libinit$$00000012)
    __rt_lib_init_lc_ctype_1                 0x080002a5   Thumb Code     0  libinit2.o(.ARM.Collect$$libinit$$00000013)
    __rt_lib_init_lc_monetary_1              0x080002a5   Thumb Code     0  libinit2.o(.ARM.Collect$$libinit$$00000015)
    __rt_lib_init_lc_numeric_2               0x080002a5   Thumb Code     0  libinit2.o(.ARM.Collect$$libinit$$00000016)
    __rt_lib_init_alloca_1                   0x080002af   Thumb Code     0  libinit2.o(.ARM.Collect$$libinit$$0000002E)
    __rt_lib_init_argv_1                     0x080002af   Thumb Code     0  libinit2.o(.ARM.Collect$$libinit$$0000002C)
    __rt_lib_init_atexit_1                   0x080002af   Thumb Code     0  libinit2.o(.ARM.Collect$$libinit$$0000001B)
    __rt_lib_init_clock_1                    0x080002af   Thumb Code     0  libinit2.o(.ARM.Collect$$libinit$$00000021)
    __rt_lib_init_cpp_1                      0x080002af   Thumb Code     0  libinit2.o(.ARM.Collect$$libinit$$00000032)
    __rt_lib_init_exceptions_1               0x080002af   Thumb Code     0  libinit2.o(.ARM.Collect$$libinit$$00000030)
    __rt_lib_init_fp_trap_1                  0x080002af   Thumb Code     0  libinit2.o(.ARM.Collect$$libinit$$0000001F)
    __rt_lib_init_getenv_1                   0x080002af   Thumb Code     0  libinit2.o(.ARM.Collect$$libinit$$00000023)
    __rt_lib_init_lc_numeric_1               0x080002af   Thumb Code     0  libinit2.o(.ARM.Collect$$libinit$$00000017)
    __rt_lib_init_lc_time_1                  0x080002af   Thumb Code     0  libinit2.o(.ARM.Collect$$libinit$$00000019)
    __rt_lib_init_return                     0x080002af   Thumb Code     0  libinit2.o(.ARM.Collect$$libinit$$00000033)
    __rt_lib_init_signal_1                   0x080002af   Thumb Code     0  libinit2.o(.ARM.Collect$$libinit$$0000001D)
    __rt_lib_init_stdio_1                    0x080002af   Thumb Code     0  libinit2.o(.ARM.Collect$$libinit$$00000025)
    __rt_lib_shutdown                        0x080002b1   Thumb Code     0  libshutdown.o(.ARM.Collect$$libshutdown$$00000000)
    __rt_lib_shutdown_cpp_1                  0x080002b3   Thumb Code     0  libshutdown2.o(.ARM.Collect$$libshutdown$$00000002)
    __rt_lib_shutdown_fp_trap_1              0x080002b3   Thumb Code     0  libshutdown2.o(.ARM.Collect$$libshutdown$$00000007)
    __rt_lib_shutdown_heap_1                 0x080002b3   Thumb Code     0  libshutdown2.o(.ARM.Collect$$libshutdown$$0000000F)
    __rt_lib_shutdown_return                 0x080002b3   Thumb Code     0  libshutdown2.o(.ARM.Collect$$libshutdown$$00000010)
    __rt_lib_shutdown_signal_1               0x080002b3   Thumb Code     0  libshutdown2.o(.ARM.Collect$$libshutdown$$0000000A)
    __rt_lib_shutdown_stdio_1                0x080002b3   Thumb Code     0  libshutdown2.o(.ARM.Collect$$libshutdown$$00000004)
    __rt_lib_shutdown_user_alloc_1           0x080002b3   Thumb Code     0  libshutdown2.o(.ARM.Collect$$libshutdown$$0000000C)
    __rt_entry                               0x080002b5   Thumb Code     0  __rtentry.o(.ARM.Collect$$rtentry$$00000000)
    __rt_entry_presh_1                       0x080002b5   Thumb Code     0  __rtentry2.o(.ARM.Collect$$rtentry$$00000002)
    __rt_entry_sh                            0x080002b5   Thumb Code     0  __rtentry4.o(.ARM.Collect$$rtentry$$00000004)
    __rt_entry_li                            0x080002bb   Thumb Code     0  __rtentry2.o(.ARM.Collect$$rtentry$$0000000A)
    __rt_entry_postsh_1                      0x080002bb   Thumb Code     0  __rtentry2.o(.ARM.Collect$$rtentry$$00000009)
    __rt_entry_main                          0x080002bf   Thumb Code     0  __rtentry2.o(.ARM.Collect$$rtentry$$0000000D)
    __rt_entry_postli_1                      0x080002bf   Thumb Code     0  __rtentry2.o(.ARM.Collect$$rtentry$$0000000C)
    __rt_exit                                0x080002c7   Thumb Code     0  rtexit.o(.ARM.Collect$$rtexit$$00000000)
    __rt_exit_ls                             0x080002c9   Thumb Code     0  rtexit2.o(.ARM.Collect$$rtexit$$00000003)
    __rt_exit_prels_1                        0x080002c9   Thumb Code     0  rtexit2.o(.ARM.Collect$$rtexit$$00000002)
    __rt_exit_exit                           0x080002cd   Thumb Code     0  rtexit2.o(.ARM.Collect$$rtexit$$00000004)
    main                                     0x080002d5   Thumb Code   524  main.o(.text)
    NMI_Handler                              0x0800057d   Thumb Code     2  stm32f4xx_it.o(.text)
    HardFault_Handler                        0x0800057f   Thumb Code     4  stm32f4xx_it.o(.text)
    MemManage_Handler                        0x08000583   Thumb Code     4  stm32f4xx_it.o(.text)
    BusFault_Handler                         0x08000587   Thumb Code     4  stm32f4xx_it.o(.text)
    UsageFault_Handler                       0x0800058b   Thumb Code     4  stm32f4xx_it.o(.text)
    SVC_Handler                              0x0800058f   Thumb Code     2  stm32f4xx_it.o(.text)
    DebugMon_Handler                         0x08000591   Thumb Code     2  stm32f4xx_it.o(.text)
    PendSV_Handler                           0x08000593   Thumb Code     2  stm32f4xx_it.o(.text)
    SysTick_Handler                          0x08000595   Thumb Code     2  stm32f4xx_it.o(.text)
    SystemInit                               0x08000675   Thumb Code    88  system_stm32f4xx.o(.text)
    SystemCoreClockUpdate                    0x080006cd   Thumb Code   174  system_stm32f4xx.o(.text)
    LED_Init                                 0x080007a9   Thumb Code    60  led.o(.text)
    EXTI0_IRQHandler                         0x080007e9   Thumb Code    38  exti.o(.text)
    EXTI2_IRQHandler                         0x0800080f   Thumb Code    28  exti.o(.text)
    HC_EXTI_Init                             0x0800082b   Thumb Code    78  exti.o(.text)
    Rain_EXIT_Init                           0x08000879   Thumb Code    78  exti.o(.text)
    USART3_IRQHandler                        0x08000905   Thumb Code    96  usart3.o(.text)
    usart3_init                              0x08000965   Thumb Code   198  usart3.o(.text)
    u3_printf                                0x08000a2b   Thumb Code    72  usart3.o(.text)
    TIM7_IRQHandler                          0x08000a8d   Thumb Code    42  timer.o(.text)
    TIM7_Int_Init                            0x08000ab7   Thumb Code    78  timer.o(.text)
    TIM3_PWM_Init                            0x08000b05   Thumb Code   148  timer.o(.text)
    ENCODER_GPIO_Init                        0x08000ba9   Thumb Code    58  encoder.o(.text)
    TIM2_NVIC_Configuration                  0x08000be3   Thumb Code    34  encoder.o(.text)
    ENCODER_TIM2_Init                        0x08000c05   Thumb Code   108  encoder.o(.text)
    ENCODER_Init                             0x08000c71   Thumb Code    12  encoder.o(.text)
    TIM2_IRQHandler                          0x08000c7d   Thumb Code    34  encoder.o(.text)
    OLED_GPIO_Init                           0x08000ca9   Thumb Code    60  oled.o(.text)
    IIC_Start                                0x08000ce5   Thumb Code    46  oled.o(.text)
    IIC_Stop                                 0x08000d13   Thumb Code    48  oled.o(.text)
    Write_IIC_Byte                           0x08000d43   Thumb Code    94  oled.o(.text)
    OLED_WrDat                               0x08000da1   Thumb Code    32  oled.o(.text)
    OLED_WrCmd                               0x08000dc1   Thumb Code    32  oled.o(.text)
    OLED_Set_Pos                             0x08000de1   Thumb Code    40  oled.o(.text)
    OLED_Fill                                0x08000e09   Thumb Code    58  oled.o(.text)
    OLED_CLS                                 0x08000e43   Thumb Code    10  oled.o(.text)
    OLED_ON                                  0x08000e4d   Thumb Code    22  oled.o(.text)
    OLED_OFF                                 0x08000e63   Thumb Code    22  oled.o(.text)
    OLED_Init                                0x08000e79   Thumb Code   196  oled.o(.text)
    OLED_P6x8Str                             0x08000f3d   Thumb Code   116  oled.o(.text)
    OLED_P8x16Str                            0x08000fb1   Thumb Code   158  oled.o(.text)
    OLED_Show6x8                             0x0800104f   Thumb Code   122  oled.o(.text)
    OLED_Show8x16                            0x080010c9   Thumb Code   122  oled.o(.text)
    OLED_Show16x16                           0x08001143   Thumb Code   104  oled.o(.text)
    Oled_Printf_U16                          0x080011ab   Thumb Code   190  oled.o(.text)
    Oled_Printf_Float                        0x08001269   Thumb Code   274  oled.o(.text)
    delay_init                               0x08001389   Thumb Code    52  delay.o(.text)
    delay_us                                 0x080013bd   Thumb Code    72  delay.o(.text)
    delay_xms                                0x08001405   Thumb Code    72  delay.o(.text)
    delay_ms                                 0x0800144d   Thumb Code    56  delay.o(.text)
    _sys_exit                                0x0800148d   Thumb Code     6  usart.o(.text)
    fputc                                    0x08001493   Thumb Code    22  usart.o(.text)
    uart_init                                0x080014a9   Thumb Code   164  usart.o(.text)
    USART1_IRQHandler                        0x0800154d   Thumb Code   122  usart.o(.text)
    Reset_Handler                            0x080015d9   Thumb Code     8  startup_stm32f40_41xxx.o(.text)
    ADC_IRQHandler                           0x080015f3   Thumb Code     0  startup_stm32f40_41xxx.o(.text)
    CAN1_RX0_IRQHandler                      0x080015f3   Thumb Code     0  startup_stm32f40_41xxx.o(.text)
    CAN1_RX1_IRQHandler                      0x080015f3   Thumb Code     0  startup_stm32f40_41xxx.o(.text)
    CAN1_SCE_IRQHandler                      0x080015f3   Thumb Code     0  startup_stm32f40_41xxx.o(.text)
    CAN1_TX_IRQHandler                       0x080015f3   Thumb Code     0  startup_stm32f40_41xxx.o(.text)
    CAN2_RX0_IRQHandler                      0x080015f3   Thumb Code     0  startup_stm32f40_41xxx.o(.text)
    CAN2_RX1_IRQHandler                      0x080015f3   Thumb Code     0  startup_stm32f40_41xxx.o(.text)
    CAN2_SCE_IRQHandler                      0x080015f3   Thumb Code     0  startup_stm32f40_41xxx.o(.text)
    CAN2_TX_IRQHandler                       0x080015f3   Thumb Code     0  startup_stm32f40_41xxx.o(.text)
    CRYP_IRQHandler                          0x080015f3   Thumb Code     0  startup_stm32f40_41xxx.o(.text)
    DCMI_IRQHandler                          0x080015f3   Thumb Code     0  startup_stm32f40_41xxx.o(.text)
    DMA1_Stream0_IRQHandler                  0x080015f3   Thumb Code     0  startup_stm32f40_41xxx.o(.text)
    DMA1_Stream1_IRQHandler                  0x080015f3   Thumb Code     0  startup_stm32f40_41xxx.o(.text)
    DMA1_Stream2_IRQHandler                  0x080015f3   Thumb Code     0  startup_stm32f40_41xxx.o(.text)
    DMA1_Stream3_IRQHandler                  0x080015f3   Thumb Code     0  startup_stm32f40_41xxx.o(.text)
    DMA1_Stream4_IRQHandler                  0x080015f3   Thumb Code     0  startup_stm32f40_41xxx.o(.text)
    DMA1_Stream5_IRQHandler                  0x080015f3   Thumb Code     0  startup_stm32f40_41xxx.o(.text)
    DMA1_Stream6_IRQHandler                  0x080015f3   Thumb Code     0  startup_stm32f40_41xxx.o(.text)
    DMA1_Stream7_IRQHandler                  0x080015f3   Thumb Code     0  startup_stm32f40_41xxx.o(.text)
    DMA2_Stream0_IRQHandler                  0x080015f3   Thumb Code     0  startup_stm32f40_41xxx.o(.text)
    DMA2_Stream1_IRQHandler                  0x080015f3   Thumb Code     0  startup_stm32f40_41xxx.o(.text)
    DMA2_Stream2_IRQHandler                  0x080015f3   Thumb Code     0  startup_stm32f40_41xxx.o(.text)
    DMA2_Stream3_IRQHandler                  0x080015f3   Thumb Code     0  startup_stm32f40_41xxx.o(.text)
    DMA2_Stream4_IRQHandler                  0x080015f3   Thumb Code     0  startup_stm32f40_41xxx.o(.text)
    DMA2_Stream5_IRQHandler                  0x080015f3   Thumb Code     0  startup_stm32f40_41xxx.o(.text)
    DMA2_Stream6_IRQHandler                  0x080015f3   Thumb Code     0  startup_stm32f40_41xxx.o(.text)
    DMA2_Stream7_IRQHandler                  0x080015f3   Thumb Code     0  startup_stm32f40_41xxx.o(.text)
    ETH_IRQHandler                           0x080015f3   Thumb Code     0  startup_stm32f40_41xxx.o(.text)
    ETH_WKUP_IRQHandler                      0x080015f3   Thumb Code     0  startup_stm32f40_41xxx.o(.text)
    EXTI15_10_IRQHandler                     0x080015f3   Thumb Code     0  startup_stm32f40_41xxx.o(.text)
    EXTI1_IRQHandler                         0x080015f3   Thumb Code     0  startup_stm32f40_41xxx.o(.text)
    EXTI3_IRQHandler                         0x080015f3   Thumb Code     0  startup_stm32f40_41xxx.o(.text)
    EXTI4_IRQHandler                         0x080015f3   Thumb Code     0  startup_stm32f40_41xxx.o(.text)
    EXTI9_5_IRQHandler                       0x080015f3   Thumb Code     0  startup_stm32f40_41xxx.o(.text)
    FLASH_IRQHandler                         0x080015f3   Thumb Code     0  startup_stm32f40_41xxx.o(.text)
    FPU_IRQHandler                           0x080015f3   Thumb Code     0  startup_stm32f40_41xxx.o(.text)
    FSMC_IRQHandler                          0x080015f3   Thumb Code     0  startup_stm32f40_41xxx.o(.text)
    HASH_RNG_IRQHandler                      0x080015f3   Thumb Code     0  startup_stm32f40_41xxx.o(.text)
    I2C1_ER_IRQHandler                       0x080015f3   Thumb Code     0  startup_stm32f40_41xxx.o(.text)
    I2C1_EV_IRQHandler                       0x080015f3   Thumb Code     0  startup_stm32f40_41xxx.o(.text)
    I2C2_ER_IRQHandler                       0x080015f3   Thumb Code     0  startup_stm32f40_41xxx.o(.text)
    I2C2_EV_IRQHandler                       0x080015f3   Thumb Code     0  startup_stm32f40_41xxx.o(.text)
    I2C3_ER_IRQHandler                       0x080015f3   Thumb Code     0  startup_stm32f40_41xxx.o(.text)
    I2C3_EV_IRQHandler                       0x080015f3   Thumb Code     0  startup_stm32f40_41xxx.o(.text)
    OTG_FS_IRQHandler                        0x080015f3   Thumb Code     0  startup_stm32f40_41xxx.o(.text)
    OTG_FS_WKUP_IRQHandler                   0x080015f3   Thumb Code     0  startup_stm32f40_41xxx.o(.text)
    OTG_HS_EP1_IN_IRQHandler                 0x080015f3   Thumb Code     0  startup_stm32f40_41xxx.o(.text)
    OTG_HS_EP1_OUT_IRQHandler                0x080015f3   Thumb Code     0  startup_stm32f40_41xxx.o(.text)
    OTG_HS_IRQHandler                        0x080015f3   Thumb Code     0  startup_stm32f40_41xxx.o(.text)
    OTG_HS_WKUP_IRQHandler                   0x080015f3   Thumb Code     0  startup_stm32f40_41xxx.o(.text)
    PVD_IRQHandler                           0x080015f3   Thumb Code     0  startup_stm32f40_41xxx.o(.text)
    RCC_IRQHandler                           0x080015f3   Thumb Code     0  startup_stm32f40_41xxx.o(.text)
    RTC_Alarm_IRQHandler                     0x080015f3   Thumb Code     0  startup_stm32f40_41xxx.o(.text)
    RTC_WKUP_IRQHandler                      0x080015f3   Thumb Code     0  startup_stm32f40_41xxx.o(.text)
    SDIO_IRQHandler                          0x080015f3   Thumb Code     0  startup_stm32f40_41xxx.o(.text)
    SPI1_IRQHandler                          0x080015f3   Thumb Code     0  startup_stm32f40_41xxx.o(.text)
    SPI2_IRQHandler                          0x080015f3   Thumb Code     0  startup_stm32f40_41xxx.o(.text)
    SPI3_IRQHandler                          0x080015f3   Thumb Code     0  startup_stm32f40_41xxx.o(.text)
    TAMP_STAMP_IRQHandler                    0x080015f3   Thumb Code     0  startup_stm32f40_41xxx.o(.text)
    TIM1_BRK_TIM9_IRQHandler                 0x080015f3   Thumb Code     0  startup_stm32f40_41xxx.o(.text)
    TIM1_CC_IRQHandler                       0x080015f3   Thumb Code     0  startup_stm32f40_41xxx.o(.text)
    TIM1_TRG_COM_TIM11_IRQHandler            0x080015f3   Thumb Code     0  startup_stm32f40_41xxx.o(.text)
    TIM1_UP_TIM10_IRQHandler                 0x080015f3   Thumb Code     0  startup_stm32f40_41xxx.o(.text)
    TIM3_IRQHandler                          0x080015f3   Thumb Code     0  startup_stm32f40_41xxx.o(.text)
    TIM4_IRQHandler                          0x080015f3   Thumb Code     0  startup_stm32f40_41xxx.o(.text)
    TIM5_IRQHandler                          0x080015f3   Thumb Code     0  startup_stm32f40_41xxx.o(.text)
    TIM6_DAC_IRQHandler                      0x080015f3   Thumb Code     0  startup_stm32f40_41xxx.o(.text)
    TIM8_BRK_TIM12_IRQHandler                0x080015f3   Thumb Code     0  startup_stm32f40_41xxx.o(.text)
    TIM8_CC_IRQHandler                       0x080015f3   Thumb Code     0  startup_stm32f40_41xxx.o(.text)
    TIM8_TRG_COM_TIM14_IRQHandler            0x080015f3   Thumb Code     0  startup_stm32f40_41xxx.o(.text)
    TIM8_UP_TIM13_IRQHandler                 0x080015f3   Thumb Code     0  startup_stm32f40_41xxx.o(.text)
    UART4_IRQHandler                         0x080015f3   Thumb Code     0  startup_stm32f40_41xxx.o(.text)
    UART5_IRQHandler                         0x080015f3   Thumb Code     0  startup_stm32f40_41xxx.o(.text)
    USART2_IRQHandler                        0x080015f3   Thumb Code     0  startup_stm32f40_41xxx.o(.text)
    USART6_IRQHandler                        0x080015f3   Thumb Code     0  startup_stm32f40_41xxx.o(.text)
    WWDG_IRQHandler                          0x080015f3   Thumb Code     0  startup_stm32f40_41xxx.o(.text)
    __user_initial_stackheap                 0x080015f5   Thumb Code     0  startup_stm32f40_41xxx.o(.text)
    NVIC_PriorityGroupConfig                 0x08001619   Thumb Code    10  misc.o(.text)
    NVIC_Init                                0x08001623   Thumb Code   106  misc.o(.text)
    NVIC_SetVectorTable                      0x0800168d   Thumb Code    14  misc.o(.text)
    NVIC_SystemLPConfig                      0x0800169b   Thumb Code    34  misc.o(.text)
    SysTick_CLKSourceConfig                  0x080016bd   Thumb Code    40  misc.o(.text)
    GPIO_DeInit                              0x080016f9   Thumb Code   268  stm32f4xx_gpio.o(.text)
    GPIO_Init                                0x08001805   Thumb Code   144  stm32f4xx_gpio.o(.text)
    GPIO_StructInit                          0x08001895   Thumb Code    18  stm32f4xx_gpio.o(.text)
    GPIO_PinLockConfig                       0x080018a7   Thumb Code    34  stm32f4xx_gpio.o(.text)
    GPIO_ReadInputDataBit                    0x080018c9   Thumb Code    18  stm32f4xx_gpio.o(.text)
    GPIO_ReadInputData                       0x080018db   Thumb Code     8  stm32f4xx_gpio.o(.text)
    GPIO_ReadOutputDataBit                   0x080018e3   Thumb Code    18  stm32f4xx_gpio.o(.text)
    GPIO_ReadOutputData                      0x080018f5   Thumb Code     8  stm32f4xx_gpio.o(.text)
    GPIO_SetBits                             0x080018fd   Thumb Code     4  stm32f4xx_gpio.o(.text)
    GPIO_ResetBits                           0x08001901   Thumb Code     4  stm32f4xx_gpio.o(.text)
    GPIO_WriteBit                            0x08001905   Thumb Code    10  stm32f4xx_gpio.o(.text)
    GPIO_Write                               0x0800190f   Thumb Code     4  stm32f4xx_gpio.o(.text)
    GPIO_ToggleBits                          0x08001913   Thumb Code     8  stm32f4xx_gpio.o(.text)
    GPIO_PinAFConfig                         0x0800191b   Thumb Code    70  stm32f4xx_gpio.o(.text)
    RCC_DeInit                               0x0800198d   Thumb Code    82  stm32f4xx_rcc.o(.text)
    RCC_HSEConfig                            0x080019df   Thumb Code    14  stm32f4xx_rcc.o(.text)
    RCC_GetFlagStatus                        0x080019ed   Thumb Code    60  stm32f4xx_rcc.o(.text)
    RCC_WaitForHSEStartUp                    0x08001a29   Thumb Code    56  stm32f4xx_rcc.o(.text)
    RCC_AdjustHSICalibrationValue            0x08001a61   Thumb Code    20  stm32f4xx_rcc.o(.text)
    RCC_HSICmd                               0x08001a75   Thumb Code     6  stm32f4xx_rcc.o(.text)
    RCC_LSEConfig                            0x08001a7b   Thumb Code    46  stm32f4xx_rcc.o(.text)
    RCC_LSICmd                               0x08001aa9   Thumb Code     6  stm32f4xx_rcc.o(.text)
    RCC_PLLConfig                            0x08001aaf   Thumb Code    32  stm32f4xx_rcc.o(.text)
    RCC_PLLCmd                               0x08001acf   Thumb Code     6  stm32f4xx_rcc.o(.text)
    RCC_PLLI2SConfig                         0x08001ad5   Thumb Code    14  stm32f4xx_rcc.o(.text)
    RCC_PLLI2SCmd                            0x08001ae3   Thumb Code     6  stm32f4xx_rcc.o(.text)
    RCC_PLLSAIConfig                         0x08001ae9   Thumb Code    20  stm32f4xx_rcc.o(.text)
    RCC_PLLSAICmd                            0x08001afd   Thumb Code     6  stm32f4xx_rcc.o(.text)
    RCC_ClockSecuritySystemCmd               0x08001b03   Thumb Code     6  stm32f4xx_rcc.o(.text)
    RCC_MCO1Config                           0x08001b09   Thumb Code    28  stm32f4xx_rcc.o(.text)
    RCC_MCO2Config                           0x08001b25   Thumb Code    28  stm32f4xx_rcc.o(.text)
    RCC_SYSCLKConfig                         0x08001b41   Thumb Code    20  stm32f4xx_rcc.o(.text)
    RCC_GetSYSCLKSource                      0x08001b55   Thumb Code    12  stm32f4xx_rcc.o(.text)
    RCC_HCLKConfig                           0x08001b61   Thumb Code    20  stm32f4xx_rcc.o(.text)
    RCC_PCLK1Config                          0x08001b75   Thumb Code    20  stm32f4xx_rcc.o(.text)
    RCC_PCLK2Config                          0x08001b89   Thumb Code    22  stm32f4xx_rcc.o(.text)
    RCC_GetClocksFreq                        0x08001b9f   Thumb Code   222  stm32f4xx_rcc.o(.text)
    RCC_RTCCLKConfig                         0x08001c7d   Thumb Code    54  stm32f4xx_rcc.o(.text)
    RCC_RTCCLKCmd                            0x08001cb3   Thumb Code     8  stm32f4xx_rcc.o(.text)
    RCC_BackupResetCmd                       0x08001cbb   Thumb Code     8  stm32f4xx_rcc.o(.text)
    RCC_I2SCLKConfig                         0x08001cc3   Thumb Code     6  stm32f4xx_rcc.o(.text)
    RCC_SAIPLLI2SClkDivConfig                0x08001cc9   Thumb Code    26  stm32f4xx_rcc.o(.text)
    RCC_SAIPLLSAIClkDivConfig                0x08001ce3   Thumb Code    28  stm32f4xx_rcc.o(.text)
    RCC_SAIBlockACLKConfig                   0x08001cff   Thumb Code    20  stm32f4xx_rcc.o(.text)
    RCC_SAIBlockBCLKConfig                   0x08001d13   Thumb Code    20  stm32f4xx_rcc.o(.text)
    RCC_LTDCCLKDivConfig                     0x08001d27   Thumb Code    20  stm32f4xx_rcc.o(.text)
    RCC_TIMCLKPresConfig                     0x08001d3b   Thumb Code     6  stm32f4xx_rcc.o(.text)
    RCC_AHB1PeriphClockCmd                   0x08001d41   Thumb Code    34  stm32f4xx_rcc.o(.text)
    RCC_AHB2PeriphClockCmd                   0x08001d63   Thumb Code    78  stm32f4xx_rcc.o(.text)
    RCC_AHB3PeriphClockCmd                   0x08001db1   Thumb Code    34  stm32f4xx_rcc.o(.text)
    RCC_APB1PeriphClockCmd                   0x08001dd3   Thumb Code    34  stm32f4xx_rcc.o(.text)
    RCC_APB2PeriphClockCmd                   0x08001df5   Thumb Code    34  stm32f4xx_rcc.o(.text)
    RCC_AHB1PeriphResetCmd                   0x08001e17   Thumb Code    34  stm32f4xx_rcc.o(.text)
    RCC_AHB2PeriphResetCmd                   0x08001e39   Thumb Code    34  stm32f4xx_rcc.o(.text)
    RCC_AHB3PeriphResetCmd                   0x08001e5b   Thumb Code    34  stm32f4xx_rcc.o(.text)
    RCC_APB1PeriphResetCmd                   0x08001e7d   Thumb Code    34  stm32f4xx_rcc.o(.text)
    RCC_APB2PeriphResetCmd                   0x08001e9f   Thumb Code    34  stm32f4xx_rcc.o(.text)
    RCC_AHB1PeriphClockLPModeCmd             0x08001ec1   Thumb Code    34  stm32f4xx_rcc.o(.text)
    RCC_AHB2PeriphClockLPModeCmd             0x08001ee3   Thumb Code    34  stm32f4xx_rcc.o(.text)
    RCC_AHB3PeriphClockLPModeCmd             0x08001f05   Thumb Code    34  stm32f4xx_rcc.o(.text)
    RCC_APB1PeriphClockLPModeCmd             0x08001f27   Thumb Code    34  stm32f4xx_rcc.o(.text)
    RCC_APB2PeriphClockLPModeCmd             0x08001f49   Thumb Code    34  stm32f4xx_rcc.o(.text)
    RCC_LSEModeConfig                        0x08001f6b   Thumb Code    40  stm32f4xx_rcc.o(.text)
    RCC_ITConfig                             0x08001f93   Thumb Code    34  stm32f4xx_rcc.o(.text)
    RCC_ClearFlag                            0x08001fb5   Thumb Code    18  stm32f4xx_rcc.o(.text)
    RCC_GetITStatus                          0x08001fc7   Thumb Code    22  stm32f4xx_rcc.o(.text)
    RCC_ClearITPendingBit                    0x08001fdd   Thumb Code     8  stm32f4xx_rcc.o(.text)
    USART_DeInit                             0x08001fe9   Thumb Code   206  stm32f4xx_usart.o(.text)
    USART_Init                               0x080020b7   Thumb Code   204  stm32f4xx_usart.o(.text)
    USART_StructInit                         0x08002183   Thumb Code    24  stm32f4xx_usart.o(.text)
    USART_ClockInit                          0x0800219b   Thumb Code    32  stm32f4xx_usart.o(.text)
    USART_ClockStructInit                    0x080021bb   Thumb Code    12  stm32f4xx_usart.o(.text)
    USART_Cmd                                0x080021c7   Thumb Code    24  stm32f4xx_usart.o(.text)
    USART_SetPrescaler                       0x080021df   Thumb Code    16  stm32f4xx_usart.o(.text)
    USART_OverSampling8Cmd                   0x080021ef   Thumb Code    22  stm32f4xx_usart.o(.text)
    USART_OneBitMethodCmd                    0x08002205   Thumb Code    24  stm32f4xx_usart.o(.text)
    USART_SendData                           0x0800221d   Thumb Code     8  stm32f4xx_usart.o(.text)
    USART_ReceiveData                        0x08002225   Thumb Code    10  stm32f4xx_usart.o(.text)
    USART_SetAddress                         0x0800222f   Thumb Code    18  stm32f4xx_usart.o(.text)
    USART_ReceiverWakeUpCmd                  0x08002241   Thumb Code    24  stm32f4xx_usart.o(.text)
    USART_WakeUpConfig                       0x08002259   Thumb Code    18  stm32f4xx_usart.o(.text)
    USART_LINBreakDetectLengthConfig         0x0800226b   Thumb Code    18  stm32f4xx_usart.o(.text)
    USART_LINCmd                             0x0800227d   Thumb Code    24  stm32f4xx_usart.o(.text)
    USART_SendBreak                          0x08002295   Thumb Code    10  stm32f4xx_usart.o(.text)
    USART_HalfDuplexCmd                      0x0800229f   Thumb Code    24  stm32f4xx_usart.o(.text)
    USART_SetGuardTime                       0x080022b7   Thumb Code    16  stm32f4xx_usart.o(.text)
    USART_SmartCardCmd                       0x080022c7   Thumb Code    24  stm32f4xx_usart.o(.text)
    USART_SmartCardNACKCmd                   0x080022df   Thumb Code    24  stm32f4xx_usart.o(.text)
    USART_IrDAConfig                         0x080022f7   Thumb Code    18  stm32f4xx_usart.o(.text)
    USART_IrDACmd                            0x08002309   Thumb Code    24  stm32f4xx_usart.o(.text)
    USART_DMACmd                             0x08002321   Thumb Code    18  stm32f4xx_usart.o(.text)
    USART_ITConfig                           0x08002333   Thumb Code    74  stm32f4xx_usart.o(.text)
    USART_GetFlagStatus                      0x0800237d   Thumb Code    26  stm32f4xx_usart.o(.text)
    USART_ClearFlag                          0x08002397   Thumb Code    18  stm32f4xx_usart.o(.text)
    USART_GetITStatus                        0x080023a9   Thumb Code   118  stm32f4xx_usart.o(.text)
    USART_ClearITPendingBit                  0x0800241f   Thumb Code    30  stm32f4xx_usart.o(.text)
    SYSCFG_DeInit                            0x0800243d   Thumb Code    22  stm32f4xx_syscfg.o(.text)
    SYSCFG_MemoryRemapConfig                 0x08002453   Thumb Code     6  stm32f4xx_syscfg.o(.text)
    SYSCFG_MemorySwappingBank                0x08002459   Thumb Code     6  stm32f4xx_syscfg.o(.text)
    SYSCFG_EXTILineConfig                    0x0800245f   Thumb Code    66  stm32f4xx_syscfg.o(.text)
    SYSCFG_ETH_MediaInterfaceConfig          0x080024a1   Thumb Code     8  stm32f4xx_syscfg.o(.text)
    SYSCFG_CompensationCellCmd               0x080024a9   Thumb Code     6  stm32f4xx_syscfg.o(.text)
    SYSCFG_GetCompensationCellStatus         0x080024af   Thumb Code    22  stm32f4xx_syscfg.o(.text)
    TIM_DeInit                               0x080024d1   Thumb Code   346  stm32f4xx_tim.o(.text)
    TIM_TimeBaseInit                         0x0800262b   Thumb Code   104  stm32f4xx_tim.o(.text)
    TIM_TimeBaseStructInit                   0x08002693   Thumb Code    18  stm32f4xx_tim.o(.text)
    TIM_PrescalerConfig                      0x080026a5   Thumb Code     6  stm32f4xx_tim.o(.text)
    TIM_CounterModeConfig                    0x080026ab   Thumb Code    18  stm32f4xx_tim.o(.text)
    TIM_SetCounter                           0x080026bd   Thumb Code     4  stm32f4xx_tim.o(.text)
    TIM_SetAutoreload                        0x080026c1   Thumb Code     4  stm32f4xx_tim.o(.text)
    TIM_GetCounter                           0x080026c5   Thumb Code     6  stm32f4xx_tim.o(.text)
    TIM_GetPrescaler                         0x080026cb   Thumb Code     6  stm32f4xx_tim.o(.text)
    TIM_UpdateDisableConfig                  0x080026d1   Thumb Code    24  stm32f4xx_tim.o(.text)
    TIM_UpdateRequestConfig                  0x080026e9   Thumb Code    24  stm32f4xx_tim.o(.text)
    TIM_ARRPreloadConfig                     0x08002701   Thumb Code    24  stm32f4xx_tim.o(.text)
    TIM_SelectOnePulseMode                   0x08002719   Thumb Code    18  stm32f4xx_tim.o(.text)
    TIM_SetClockDivision                     0x0800272b   Thumb Code    18  stm32f4xx_tim.o(.text)
    TIM_Cmd                                  0x0800273d   Thumb Code    24  stm32f4xx_tim.o(.text)
    TIM_OC1Init                              0x08002755   Thumb Code   114  stm32f4xx_tim.o(.text)
    TIM_OC2Init                              0x080027c7   Thumb Code   154  stm32f4xx_tim.o(.text)
    TIM_OC3Init                              0x08002861   Thumb Code   204  stm32f4xx_tim.o(.text)
    TIM_OC4Init                              0x0800292d   Thumb Code   112  stm32f4xx_tim.o(.text)
    TIM_OCStructInit                         0x0800299d   Thumb Code    20  stm32f4xx_tim.o(.text)
    TIM_SelectOCxM                           0x080029b1   Thumb Code    86  stm32f4xx_tim.o(.text)
    TIM_SetCompare1                          0x08002a07   Thumb Code     4  stm32f4xx_tim.o(.text)
    TIM_SetCompare2                          0x08002a0b   Thumb Code     4  stm32f4xx_tim.o(.text)
    TIM_SetCompare3                          0x08002a0f   Thumb Code     4  stm32f4xx_tim.o(.text)
    TIM_SetCompare4                          0x08002a13   Thumb Code     4  stm32f4xx_tim.o(.text)
    TIM_ForcedOC1Config                      0x08002a17   Thumb Code    18  stm32f4xx_tim.o(.text)
    TIM_ForcedOC2Config                      0x08002a29   Thumb Code    26  stm32f4xx_tim.o(.text)
    TIM_ForcedOC3Config                      0x08002a43   Thumb Code    18  stm32f4xx_tim.o(.text)
    TIM_ForcedOC4Config                      0x08002a55   Thumb Code    26  stm32f4xx_tim.o(.text)
    TIM_OC1PreloadConfig                     0x08002a6f   Thumb Code    18  stm32f4xx_tim.o(.text)
    TIM_OC2PreloadConfig                     0x08002a81   Thumb Code    26  stm32f4xx_tim.o(.text)
    TIM_OC3PreloadConfig                     0x08002a9b   Thumb Code    18  stm32f4xx_tim.o(.text)
    TIM_OC4PreloadConfig                     0x08002aad   Thumb Code    26  stm32f4xx_tim.o(.text)
    TIM_OC1FastConfig                        0x08002ac7   Thumb Code    18  stm32f4xx_tim.o(.text)
    TIM_OC2FastConfig                        0x08002ad9   Thumb Code    26  stm32f4xx_tim.o(.text)
    TIM_OC3FastConfig                        0x08002af3   Thumb Code    18  stm32f4xx_tim.o(.text)
    TIM_OC4FastConfig                        0x08002b05   Thumb Code    26  stm32f4xx_tim.o(.text)
    TIM_ClearOC1Ref                          0x08002b1f   Thumb Code    18  stm32f4xx_tim.o(.text)
    TIM_ClearOC2Ref                          0x08002b31   Thumb Code    24  stm32f4xx_tim.o(.text)
    TIM_ClearOC3Ref                          0x08002b49   Thumb Code    18  stm32f4xx_tim.o(.text)
    TIM_ClearOC4Ref                          0x08002b5b   Thumb Code    24  stm32f4xx_tim.o(.text)
    TIM_OC1PolarityConfig                    0x08002b73   Thumb Code    18  stm32f4xx_tim.o(.text)
    TIM_OC1NPolarityConfig                   0x08002b85   Thumb Code    18  stm32f4xx_tim.o(.text)
    TIM_OC2PolarityConfig                    0x08002b97   Thumb Code    26  stm32f4xx_tim.o(.text)
    TIM_OC2NPolarityConfig                   0x08002bb1   Thumb Code    26  stm32f4xx_tim.o(.text)
    TIM_OC3PolarityConfig                    0x08002bcb   Thumb Code    26  stm32f4xx_tim.o(.text)
    TIM_OC3NPolarityConfig                   0x08002be5   Thumb Code    26  stm32f4xx_tim.o(.text)
    TIM_OC4PolarityConfig                    0x08002bff   Thumb Code    26  stm32f4xx_tim.o(.text)
    TIM_CCxCmd                               0x08002c19   Thumb Code    30  stm32f4xx_tim.o(.text)
    TIM_CCxNCmd                              0x08002c37   Thumb Code    30  stm32f4xx_tim.o(.text)
    TIM_SetIC4Prescaler                      0x08002c55   Thumb Code    26  stm32f4xx_tim.o(.text)
    TIM_SetIC3Prescaler                      0x08002cbf   Thumb Code    18  stm32f4xx_tim.o(.text)
    TIM_SetIC2Prescaler                      0x08002d19   Thumb Code    26  stm32f4xx_tim.o(.text)
    TIM_SetIC1Prescaler                      0x08002d8d   Thumb Code    18  stm32f4xx_tim.o(.text)
    TIM_ICInit                               0x08002dd9   Thumb Code   110  stm32f4xx_tim.o(.text)
    TIM_ICStructInit                         0x08002e47   Thumb Code    18  stm32f4xx_tim.o(.text)
    TIM_PWMIConfig                           0x08002e59   Thumb Code   124  stm32f4xx_tim.o(.text)
    TIM_GetCapture1                          0x08002ed5   Thumb Code     6  stm32f4xx_tim.o(.text)
    TIM_GetCapture2                          0x08002edb   Thumb Code     6  stm32f4xx_tim.o(.text)
    TIM_GetCapture3                          0x08002ee1   Thumb Code     6  stm32f4xx_tim.o(.text)
    TIM_GetCapture4                          0x08002ee7   Thumb Code     6  stm32f4xx_tim.o(.text)
    TIM_BDTRConfig                           0x08002eed   Thumb Code    32  stm32f4xx_tim.o(.text)
    TIM_BDTRStructInit                       0x08002f0d   Thumb Code    18  stm32f4xx_tim.o(.text)
    TIM_CtrlPWMOutputs                       0x08002f1f   Thumb Code    30  stm32f4xx_tim.o(.text)
    TIM_SelectCOM                            0x08002f3d   Thumb Code    24  stm32f4xx_tim.o(.text)
    TIM_CCPreloadControl                     0x08002f55   Thumb Code    24  stm32f4xx_tim.o(.text)
    TIM_ITConfig                             0x08002f6d   Thumb Code    18  stm32f4xx_tim.o(.text)
    TIM_GenerateEvent                        0x08002f7f   Thumb Code     4  stm32f4xx_tim.o(.text)
    TIM_GetFlagStatus                        0x08002f83   Thumb Code    18  stm32f4xx_tim.o(.text)
    TIM_ClearFlag                            0x08002f95   Thumb Code     6  stm32f4xx_tim.o(.text)
    TIM_GetITStatus                          0x08002f9b   Thumb Code    34  stm32f4xx_tim.o(.text)
    TIM_ClearITPendingBit                    0x08002fbd   Thumb Code     6  stm32f4xx_tim.o(.text)
    TIM_DMAConfig                            0x08002fc3   Thumb Code    10  stm32f4xx_tim.o(.text)
    TIM_DMACmd                               0x08002fcd   Thumb Code    18  stm32f4xx_tim.o(.text)
    TIM_SelectCCDMA                          0x08002fdf   Thumb Code    24  stm32f4xx_tim.o(.text)
    TIM_InternalClockConfig                  0x08002ff7   Thumb Code    12  stm32f4xx_tim.o(.text)
    TIM_SelectInputTrigger                   0x08003003   Thumb Code    18  stm32f4xx_tim.o(.text)
    TIM_ITRxExternalClockConfig              0x08003015   Thumb Code    24  stm32f4xx_tim.o(.text)
    TIM_TIxExternalClockConfig               0x0800302d   Thumb Code    62  stm32f4xx_tim.o(.text)
    TIM_ETRConfig                            0x0800306b   Thumb Code    28  stm32f4xx_tim.o(.text)
    TIM_ETRClockMode1Config                  0x08003087   Thumb Code    54  stm32f4xx_tim.o(.text)
    TIM_ETRClockMode2Config                  0x080030bd   Thumb Code    32  stm32f4xx_tim.o(.text)
    TIM_SelectOutputTrigger                  0x080030dd   Thumb Code    18  stm32f4xx_tim.o(.text)
    TIM_SelectSlaveMode                      0x080030ef   Thumb Code    18  stm32f4xx_tim.o(.text)
    TIM_SelectMasterSlaveMode                0x08003101   Thumb Code    18  stm32f4xx_tim.o(.text)
    TIM_EncoderInterfaceConfig               0x08003113   Thumb Code    66  stm32f4xx_tim.o(.text)
    TIM_SelectHallSensor                     0x08003155   Thumb Code    24  stm32f4xx_tim.o(.text)
    TIM_RemapConfig                          0x0800316d   Thumb Code     6  stm32f4xx_tim.o(.text)
    EXTI_DeInit                              0x08003175   Thumb Code    28  stm32f4xx_exti.o(.text)
    EXTI_Init                                0x08003191   Thumb Code   142  stm32f4xx_exti.o(.text)
    EXTI_StructInit                          0x0800321f   Thumb Code    16  stm32f4xx_exti.o(.text)
    EXTI_GenerateSWInterrupt                 0x0800322f   Thumb Code    16  stm32f4xx_exti.o(.text)
    EXTI_GetFlagStatus                       0x0800323f   Thumb Code    22  stm32f4xx_exti.o(.text)
    EXTI_ClearFlag                           0x08003255   Thumb Code     8  stm32f4xx_exti.o(.text)
    EXTI_GetITStatus                         0x0800325d   Thumb Code    22  stm32f4xx_exti.o(.text)
    EXTI_ClearITPendingBit                   0x08003273   Thumb Code     8  stm32f4xx_exti.o(.text)
    check_app_cmd                            0x08003285   Thumb Code    86  common.o(.text)
    atk_8266_at_response                     0x080032db   Thumb Code   112  common.o(.text)
    atk_8266_check_cmd                       0x0800334b   Thumb Code    44  common.o(.text)
    atk_8266_send_cmd                        0x08003377   Thumb Code   100  common.o(.text)
    atk_8266_send_data                       0x080033db   Thumb Code    84  common.o(.text)
    atk_8266_quit_trans                      0x0800342f   Thumb Code   100  common.o(.text)
    atk_8266_consta_check                    0x08003493   Thumb Code    36  common.o(.text)
    atk_8266_get_ip                          0x080034b7   Thumb Code    50  common.o(.text)
    atk_8266_mode_cofig                      0x080034e9   Thumb Code    24  common.o(.text)
    atk_8266_test                            0x08003501   Thumb Code    46  common.o(.text)
    atk_8266_wifista_init                    0x0800352f   Thumb Code   154  common.o(.text)
    __use_no_semihosting                     0x0800375d   Thumb Code     2  use_no_semi_2.o(.text)
    __c89vsprintf                            0x08003761   Thumb Code    32  c89vsprintf.o(.text)
    __2printf                                0x08003785   Thumb Code    20  __2printf.o(.text)
    __2sprintf                               0x0800379d   Thumb Code    38  __2sprintf.o(.text)
    _printf_pre_padding                      0x080037c9   Thumb Code    44  _printf_pad.o(.text)
    _printf_post_padding                     0x080037f5   Thumb Code    34  _printf_pad.o(.text)
    _printf_str                              0x08003817   Thumb Code    82  _printf_str.o(.text)
    _printf_int_dec                          0x08003869   Thumb Code   104  _printf_dec.o(.text)
    __printf                                 0x080038e1   Thumb Code   388  __printf_flags_ss_wp.o(.text)
    strtok                                   0x08003a69   Thumb Code     6  strtok.o(.text)
    strstr                                   0x08003a75   Thumb Code    36  strstr.o(.text)
    strlen                                   0x08003a99   Thumb Code    62  strlen.o(.text)
    __aeabi_memclr4                          0x08003ad7   Thumb Code     0  rt_memclr_w.o(.text)
    __aeabi_memclr8                          0x08003ad7   Thumb Code     0  rt_memclr_w.o(.text)
    __rt_memclr_w                            0x08003ad7   Thumb Code    78  rt_memclr_w.o(.text)
    _memset_w                                0x08003adb   Thumb Code     0  rt_memclr_w.o(.text)
    __use_two_region_memory                  0x08003b25   Thumb Code     2  heapauxi.o(.text)
    __rt_heap_escrow$2region                 0x08003b27   Thumb Code     2  heapauxi.o(.text)
    __rt_heap_expand$2region                 0x08003b29   Thumb Code     2  heapauxi.o(.text)
    __I$use$semihosting                      0x08003b2b   Thumb Code     0  use_no_semi.o(.text)
    __use_no_semihosting_swi                 0x08003b2b   Thumb Code     2  use_no_semi.o(.text)
    _printf_truncate_signed                  0x08003b2d   Thumb Code    18  _printf_truncate.o(.text)
    _printf_truncate_unsigned                0x08003b3f   Thumb Code    18  _printf_truncate.o(.text)
    _printf_int_common                       0x08003b51   Thumb Code   178  _printf_intcommon.o(.text)
    _printf_charcount                        0x08003c03   Thumb Code    40  _printf_charcount.o(.text)
    _printf_char_common                      0x08003c37   Thumb Code    32  _printf_char_common.o(.text)
    _sputc                                   0x08003c5d   Thumb Code    10  _sputc.o(.text)
    _printf_cs_common                        0x08003c67   Thumb Code    20  _printf_char.o(.text)
    _printf_char                             0x08003c7b   Thumb Code    16  _printf_char.o(.text)
    _printf_string                           0x08003c8b   Thumb Code     8  _printf_char.o(.text)
    _printf_char_file                        0x08003c95   Thumb Code    32  _printf_char_file.o(.text)
    _printf_wctomb                           0x08003cb9   Thumb Code   182  _printf_wctomb.o(.text)
    _printf_longlong_dec                     0x08003d75   Thumb Code   108  _printf_longlong_dec.o(.text)
    _printf_longlong_oct                     0x08003df1   Thumb Code    66  _printf_oct_int_ll.o(.text)
    _printf_int_oct                          0x08003e33   Thumb Code    24  _printf_oct_int_ll.o(.text)
    _printf_ll_oct                           0x08003e4b   Thumb Code    12  _printf_oct_int_ll.o(.text)
    _printf_longlong_hex                     0x08003e61   Thumb Code    86  _printf_hex_int_ll_ptr.o(.text)
    _printf_int_hex                          0x08003eb7   Thumb Code    28  _printf_hex_int_ll_ptr.o(.text)
    _printf_ll_hex                           0x08003ed3   Thumb Code    12  _printf_hex_int_ll_ptr.o(.text)
    _printf_hex_ptr                          0x08003edf   Thumb Code    18  _printf_hex_int_ll_ptr.o(.text)
    __strtok_internal                        0x08003ef5   Thumb Code    64  strtok_int.o(.text)
    _ll_udiv10                               0x08003f39   Thumb Code   138  lludiv10.o(.text)
    __lib_sel_fp_printf                      0x08003fc3   Thumb Code     2  _printf_fp_dec.o(.text)
    _printf_fp_dec_real                      0x08004175   Thumb Code   620  _printf_fp_dec.o(.text)
    _printf_lcs_common                       0x080043e1   Thumb Code    20  _printf_wchar.o(.text)
    _printf_wchar                            0x080043f5   Thumb Code    16  _printf_wchar.o(.text)
    _printf_wstring                          0x08004405   Thumb Code     8  _printf_wchar.o(.text)
    ferror                                   0x0800440d   Thumb Code     8  ferror.o(.text)
    _wcrtomb                                 0x08004415   Thumb Code    64  _wcrtomb.o(.text)
    strcspn                                  0x08004455   Thumb Code    32  strcspn.o(.text)
    strspn                                   0x08004475   Thumb Code    28  strspn.o(.text)
    __user_libspace                          0x08004491   Thumb Code     8  libspace.o(.text)
    __user_perproc_libspace                  0x08004491   Thumb Code     0  libspace.o(.text)
    __user_perthread_libspace                0x08004491   Thumb Code     0  libspace.o(.text)
    __user_setup_stackheap                   0x08004499   Thumb Code    74  sys_stackheap_outer.o(.text)
    __rt_ctype_table                         0x080044e5   Thumb Code    16  rt_ctype_table.o(.text)
    __rt_locale                              0x080044f5   Thumb Code     8  rt_locale_intlibspace.o(.text)
    _printf_fp_infnan                        0x080044fd   Thumb Code   112  _printf_fp_infnan.o(.text)
    _btod_etento                             0x0800457d   Thumb Code   224  bigflt0.o(.text)
    exit                                     0x08004661   Thumb Code    18  exit.o(.text)
    strcmp                                   0x08004675   Thumb Code   128  strcmpv7m.o(.text)
    _btod_d2e                                0x080046f5   Thumb Code    62  btod.o(CL$$btod_d2e)
    _d2e_denorm_low                          0x08004733   Thumb Code    70  btod.o(CL$$btod_d2e_denorm_low)
    _d2e_norm_op1                            0x08004779   Thumb Code    96  btod.o(CL$$btod_d2e_norm_op1)
    __btod_div_common                        0x080047d9   Thumb Code   696  btod.o(CL$$btod_div_common)
    _e2e                                     0x08004b11   Thumb Code   220  btod.o(CL$$btod_e2e)
    _btod_ediv                               0x08004bed   Thumb Code    42  btod.o(CL$$btod_ediv)
    _btod_emul                               0x08004c17   Thumb Code    42  btod.o(CL$$btod_emul)
    __btod_mult_common                       0x08004c41   Thumb Code   580  btod.o(CL$$btod_mult_common)
    __ARM_fpclassify                         0x08004e85   Thumb Code    48  fpclassify.o(i.__ARM_fpclassify)
    _is_digit                                0x08004eb5   Thumb Code    14  __printf_wp.o(i._is_digit)
    _get_lc_numeric                          0x08004ec5   Thumb Code    44  lc_numeric_c.o(locale$$code)
    _get_lc_ctype                            0x08004ef1   Thumb Code    44  lc_ctype_c.o(locale$$code)
    _fp_init                                 0x08004f1d   Thumb Code    10  fpinit.o(x$fpl$fpinit)
    __fplib_config_fpu_vfp                   0x08004f25   Thumb Code     0  fpinit.o(x$fpl$fpinit)
    __fplib_config_pureend_doubles           0x08004f25   Thumb Code     0  fpinit.o(x$fpl$fpinit)
    _printf_fp_dec                           0x08004f27   Thumb Code     4  printf1.o(x$fpl$printf1)
    F16x16                                   0x08004f2a   Data         576  oled.o(.constdata)
    __I$use$fp                               0x08004f2a   Number         0  usenofp.o(x$fpl$usenofp)
    F6x8                                     0x0800516a   Data         552  oled.o(.constdata)
    F8X16                                    0x08005392   Data        1520  oled.o(.constdata)
    Region$$Table$$Base                      0x08005a78   Number         0  anon$$obj.o(Region$$Table)
    Region$$Table$$Limit                     0x08005a98   Number         0  anon$$obj.o(Region$$Table)
    __ctype                                  0x08005ac1   Data           0  lc_ctype_c.o(locale$$data)
    window_isOpen                            0x20000000   Data           1  main.o(.data)
    rain                                     0x20000001   Data           1  main.o(.data)
    SystemCoreClock                          0x20000004   Data           4  system_stm32f4xx.o(.data)
    AHBPrescTable                            0x20000008   Data          16  system_stm32f4xx.o(.data)
    USART3_RX_STA                            0x20000018   Data           2  usart3.o(.data)
    CaptureNumber                            0x2000001c   Data           4  encoder.o(.data)
    My6x8                                    0x20000020   Data           6  oled.o(.data)
    __stdout                                 0x2000002c   Data           4  usart.o(.data)
    USART_RX_STA                             0x20000030   Data           2  usart.o(.data)
    portnum                                  0x20000044   Data           4  common.o(.data)
    wifista_ssid                             0x20000048   Data           4  common.o(.data)
    wifista_password                         0x2000004c   Data           4  common.o(.data)
    isAlive                                  0x20000050   Data           1  common.o(.data)
    USART3_TX_BUF                            0x20000058   Data         400  usart3.o(.bss)
    USART3_RX_BUF                            0x200001e8   Data         400  usart3.o(.bss)
    My8x16                                   0x20000378   Data          16  oled.o(.bss)
    USART_RX_BUF                             0x20000388   Data         200  usart.o(.bss)
    __libspace_start                         0x20000450   Data          96  libspace.o(.bss)
    __temporary_stack_top$libspace           0x200004b0   Data           0  libspace.o(.bss)



==============================================================================

Memory Map of the image

  Image Entry point : 0x08000189

  Load Region LR_IROM1 (Base: 0x08000000, Size: 0x00005c1c, Max: 0x00080000, ABSOLUTE)

    Execution Region ER_IROM1 (Exec base: 0x08000000, Load base: 0x08000000, Size: 0x00005bc4, Max: 0x00080000, ABSOLUTE)

    Exec Addr    Load Addr    Size         Type   Attr      Idx    E Section Name        Object

    0x08000000   0x08000000   0x00000188   Data   RO          590    RESET               startup_stm32f40_41xxx.o
    0x08000188   0x08000188   0x00000008   Code   RO          864  * !!!main             c_w.l(__main.o)
    0x08000190   0x08000190   0x00000034   Code   RO         1259    !!!scatter          c_w.l(__scatter.o)
    0x080001c4   0x080001c4   0x0000001a   Code   RO         1261    !!handler_copy      c_w.l(__scatter_copy.o)
    0x080001de   0x080001de   0x00000002   PAD
    0x080001e0   0x080001e0   0x0000001c   Code   RO         1263    !!handler_zi        c_w.l(__scatter_zi.o)
    0x080001fc   0x080001fc   0x00000000   Code   RO          852    .ARM.Collect$$_printf_percent$$00000000  c_w.l(_printf_percent.o)
    0x080001fc   0x080001fc   0x00000006   Code   RO          938    .ARM.Collect$$_printf_percent$$00000001  c_w.l(_printf_n.o)
    0x08000202   0x08000202   0x00000006   Code   RO          940    .ARM.Collect$$_printf_percent$$00000002  c_w.l(_printf_p.o)
    0x08000208   0x08000208   0x00000006   Code   RO          944    .ARM.Collect$$_printf_percent$$00000003  c_w.l(_printf_f.o)
    0x0800020e   0x0800020e   0x00000006   Code   RO          945    .ARM.Collect$$_printf_percent$$00000004  c_w.l(_printf_e.o)
    0x08000214   0x08000214   0x00000006   Code   RO          946    .ARM.Collect$$_printf_percent$$00000005  c_w.l(_printf_g.o)
    0x0800021a   0x0800021a   0x00000006   Code   RO          947    .ARM.Collect$$_printf_percent$$00000006  c_w.l(_printf_a.o)
    0x08000220   0x08000220   0x0000000a   Code   RO          952    .ARM.Collect$$_printf_percent$$00000007  c_w.l(_printf_ll.o)
    0x0800022a   0x0800022a   0x00000006   Code   RO          942    .ARM.Collect$$_printf_percent$$00000008  c_w.l(_printf_i.o)
    0x08000230   0x08000230   0x00000006   Code   RO          851    .ARM.Collect$$_printf_percent$$00000009  c_w.l(_printf_d.o)
    0x08000236   0x08000236   0x00000006   Code   RO          943    .ARM.Collect$$_printf_percent$$0000000A  c_w.l(_printf_u.o)
    0x0800023c   0x0800023c   0x00000006   Code   RO          941    .ARM.Collect$$_printf_percent$$0000000B  c_w.l(_printf_o.o)
    0x08000242   0x08000242   0x00000006   Code   RO          939    .ARM.Collect$$_printf_percent$$0000000C  c_w.l(_printf_x.o)
    0x08000248   0x08000248   0x00000006   Code   RO          949    .ARM.Collect$$_printf_percent$$0000000D  c_w.l(_printf_lli.o)
    0x0800024e   0x0800024e   0x00000006   Code   RO          950    .ARM.Collect$$_printf_percent$$0000000E  c_w.l(_printf_lld.o)
    0x08000254   0x08000254   0x00000006   Code   RO          951    .ARM.Collect$$_printf_percent$$0000000F  c_w.l(_printf_llu.o)
    0x0800025a   0x0800025a   0x00000006   Code   RO          956    .ARM.Collect$$_printf_percent$$00000010  c_w.l(_printf_llo.o)
    0x08000260   0x08000260   0x00000006   Code   RO          957    .ARM.Collect$$_printf_percent$$00000011  c_w.l(_printf_llx.o)
    0x08000266   0x08000266   0x0000000a   Code   RO          953    .ARM.Collect$$_printf_percent$$00000012  c_w.l(_printf_l.o)
    0x08000270   0x08000270   0x00000006   Code   RO          937    .ARM.Collect$$_printf_percent$$00000013  c_w.l(_printf_c.o)
    0x08000276   0x08000276   0x00000006   Code   RO          850    .ARM.Collect$$_printf_percent$$00000014  c_w.l(_printf_s.o)
    0x0800027c   0x0800027c   0x00000006   Code   RO          954    .ARM.Collect$$_printf_percent$$00000015  c_w.l(_printf_lc.o)
    0x08000282   0x08000282   0x00000006   Code   RO          955    .ARM.Collect$$_printf_percent$$00000016  c_w.l(_printf_ls.o)
    0x08000288   0x08000288   0x00000004   Code   RO          948    .ARM.Collect$$_printf_percent$$00000017  c_w.l(_printf_percent_end.o)
    0x0800028c   0x0800028c   0x00000002   Code   RO         1123    .ARM.Collect$$libinit$$00000000  c_w.l(libinit.o)
    0x0800028e   0x0800028e   0x00000004   Code   RO         1137    .ARM.Collect$$libinit$$00000001  c_w.l(libinit2.o)
    0x08000292   0x08000292   0x00000000   Code   RO         1140    .ARM.Collect$$libinit$$00000004  c_w.l(libinit2.o)
    0x08000292   0x08000292   0x00000000   Code   RO         1143    .ARM.Collect$$libinit$$0000000A  c_w.l(libinit2.o)
    0x08000292   0x08000292   0x00000000   Code   RO         1145    .ARM.Collect$$libinit$$0000000C  c_w.l(libinit2.o)
    0x08000292   0x08000292   0x00000000   Code   RO         1147    .ARM.Collect$$libinit$$0000000E  c_w.l(libinit2.o)
    0x08000292   0x08000292   0x00000006   Code   RO         1148    .ARM.Collect$$libinit$$0000000F  c_w.l(libinit2.o)
    0x08000298   0x08000298   0x00000000   Code   RO         1150    .ARM.Collect$$libinit$$00000011  c_w.l(libinit2.o)
    0x08000298   0x08000298   0x0000000c   Code   RO         1151    .ARM.Collect$$libinit$$00000012  c_w.l(libinit2.o)
    0x080002a4   0x080002a4   0x00000000   Code   RO         1152    .ARM.Collect$$libinit$$00000013  c_w.l(libinit2.o)
    0x080002a4   0x080002a4   0x00000000   Code   RO         1154    .ARM.Collect$$libinit$$00000015  c_w.l(libinit2.o)
    0x080002a4   0x080002a4   0x0000000a   Code   RO         1155    .ARM.Collect$$libinit$$00000016  c_w.l(libinit2.o)
    0x080002ae   0x080002ae   0x00000000   Code   RO         1156    .ARM.Collect$$libinit$$00000017  c_w.l(libinit2.o)
    0x080002ae   0x080002ae   0x00000000   Code   RO         1158    .ARM.Collect$$libinit$$00000019  c_w.l(libinit2.o)
    0x080002ae   0x080002ae   0x00000000   Code   RO         1160    .ARM.Collect$$libinit$$0000001B  c_w.l(libinit2.o)
    0x080002ae   0x080002ae   0x00000000   Code   RO         1162    .ARM.Collect$$libinit$$0000001D  c_w.l(libinit2.o)
    0x080002ae   0x080002ae   0x00000000   Code   RO         1164    .ARM.Collect$$libinit$$0000001F  c_w.l(libinit2.o)
    0x080002ae   0x080002ae   0x00000000   Code   RO         1166    .ARM.Collect$$libinit$$00000021  c_w.l(libinit2.o)
    0x080002ae   0x080002ae   0x00000000   Code   RO         1168    .ARM.Collect$$libinit$$00000023  c_w.l(libinit2.o)
    0x080002ae   0x080002ae   0x00000000   Code   RO         1170    .ARM.Collect$$libinit$$00000025  c_w.l(libinit2.o)
    0x080002ae   0x080002ae   0x00000000   Code   RO         1174    .ARM.Collect$$libinit$$0000002C  c_w.l(libinit2.o)
    0x080002ae   0x080002ae   0x00000000   Code   RO         1176    .ARM.Collect$$libinit$$0000002E  c_w.l(libinit2.o)
    0x080002ae   0x080002ae   0x00000000   Code   RO         1178    .ARM.Collect$$libinit$$00000030  c_w.l(libinit2.o)
    0x080002ae   0x080002ae   0x00000000   Code   RO         1180    .ARM.Collect$$libinit$$00000032  c_w.l(libinit2.o)
    0x080002ae   0x080002ae   0x00000002   Code   RO         1181    .ARM.Collect$$libinit$$00000033  c_w.l(libinit2.o)
    0x080002b0   0x080002b0   0x00000002   Code   RO         1201    .ARM.Collect$$libshutdown$$00000000  c_w.l(libshutdown.o)
    0x080002b2   0x080002b2   0x00000000   Code   RO         1211    .ARM.Collect$$libshutdown$$00000002  c_w.l(libshutdown2.o)
    0x080002b2   0x080002b2   0x00000000   Code   RO         1213    .ARM.Collect$$libshutdown$$00000004  c_w.l(libshutdown2.o)
    0x080002b2   0x080002b2   0x00000000   Code   RO         1216    .ARM.Collect$$libshutdown$$00000007  c_w.l(libshutdown2.o)
    0x080002b2   0x080002b2   0x00000000   Code   RO         1219    .ARM.Collect$$libshutdown$$0000000A  c_w.l(libshutdown2.o)
    0x080002b2   0x080002b2   0x00000000   Code   RO         1221    .ARM.Collect$$libshutdown$$0000000C  c_w.l(libshutdown2.o)
    0x080002b2   0x080002b2   0x00000000   Code   RO         1224    .ARM.Collect$$libshutdown$$0000000F  c_w.l(libshutdown2.o)
    0x080002b2   0x080002b2   0x00000002   Code   RO         1225    .ARM.Collect$$libshutdown$$00000010  c_w.l(libshutdown2.o)
    0x080002b4   0x080002b4   0x00000000   Code   RO          888    .ARM.Collect$$rtentry$$00000000  c_w.l(__rtentry.o)
    0x080002b4   0x080002b4   0x00000000   Code   RO         1031    .ARM.Collect$$rtentry$$00000002  c_w.l(__rtentry2.o)
    0x080002b4   0x080002b4   0x00000006   Code   RO         1043    .ARM.Collect$$rtentry$$00000004  c_w.l(__rtentry4.o)
    0x080002ba   0x080002ba   0x00000000   Code   RO         1033    .ARM.Collect$$rtentry$$00000009  c_w.l(__rtentry2.o)
    0x080002ba   0x080002ba   0x00000004   Code   RO         1034    .ARM.Collect$$rtentry$$0000000A  c_w.l(__rtentry2.o)
    0x080002be   0x080002be   0x00000000   Code   RO         1036    .ARM.Collect$$rtentry$$0000000C  c_w.l(__rtentry2.o)
    0x080002be   0x080002be   0x00000008   Code   RO         1037    .ARM.Collect$$rtentry$$0000000D  c_w.l(__rtentry2.o)
    0x080002c6   0x080002c6   0x00000002   Code   RO         1130    .ARM.Collect$$rtexit$$00000000  c_w.l(rtexit.o)
    0x080002c8   0x080002c8   0x00000000   Code   RO         1185    .ARM.Collect$$rtexit$$00000002  c_w.l(rtexit2.o)
    0x080002c8   0x080002c8   0x00000004   Code   RO         1186    .ARM.Collect$$rtexit$$00000003  c_w.l(rtexit2.o)
    0x080002cc   0x080002cc   0x00000006   Code   RO         1187    .ARM.Collect$$rtexit$$00000004  c_w.l(rtexit2.o)
    0x080002d2   0x080002d2   0x00000002   PAD
    0x080002d4   0x080002d4   0x000002a8   Code   RO            3    .text               main.o
    0x0800057c   0x0800057c   0x0000001a   Code   RO          186    .text               stm32f4xx_it.o
    0x08000596   0x08000596   0x00000002   PAD
    0x08000598   0x08000598   0x00000210   Code   RO          235    .text               system_stm32f4xx.o
    0x080007a8   0x080007a8   0x00000040   Code   RO          261    .text               led.o
    0x080007e8   0x080007e8   0x0000011c   Code   RO          348    .text               exti.o
    0x08000904   0x08000904   0x00000188   Code   RO          409    .text               usart3.o
    0x08000a8c   0x08000a8c   0x0000011c   Code   RO          446    .text               timer.o
    0x08000ba8   0x08000ba8   0x00000100   Code   RO          467    .text               encoder.o
    0x08000ca8   0x08000ca8   0x000006e0   Code   RO          493    .text               oled.o
    0x08001388   0x08001388   0x00000104   Code   RO          519    .text               delay.o
    0x0800148c   0x0800148c   0x0000014c   Code   RO          559    .text               usart.o
    0x080015d8   0x080015d8   0x00000040   Code   RO          591    .text               startup_stm32f40_41xxx.o
    0x08001618   0x08001618   0x000000e0   Code   RO          597    .text               misc.o
    0x080016f8   0x080016f8   0x00000294   Code   RO          637    .text               stm32f4xx_gpio.o
    0x0800198c   0x0800198c   0x0000065c   Code   RO          680    .text               stm32f4xx_rcc.o
    0x08001fe8   0x08001fe8   0x00000454   Code   RO          702    .text               stm32f4xx_usart.o
    0x0800243c   0x0800243c   0x00000094   Code   RO          722    .text               stm32f4xx_syscfg.o
    0x080024d0   0x080024d0   0x00000ca2   Code   RO          742    .text               stm32f4xx_tim.o
    0x08003172   0x08003172   0x00000002   PAD
    0x08003174   0x08003174   0x00000110   Code   RO          762    .text               stm32f4xx_exti.o
    0x08003284   0x08003284   0x000004d8   Code   RO          782    .text               common.o
    0x0800375c   0x0800375c   0x00000002   Code   RO          810    .text               c_w.l(use_no_semi_2.o)
    0x0800375e   0x0800375e   0x00000002   PAD
    0x08003760   0x08003760   0x00000024   Code   RO          812    .text               c_w.l(c89vsprintf.o)
    0x08003784   0x08003784   0x00000018   Code   RO          814    .text               c_w.l(__2printf.o)
    0x0800379c   0x0800379c   0x0000002c   Code   RO          816    .text               c_w.l(__2sprintf.o)
    0x080037c8   0x080037c8   0x0000004e   Code   RO          824    .text               c_w.l(_printf_pad.o)
    0x08003816   0x08003816   0x00000052   Code   RO          826    .text               c_w.l(_printf_str.o)
    0x08003868   0x08003868   0x00000078   Code   RO          828    .text               c_w.l(_printf_dec.o)
    0x080038e0   0x080038e0   0x00000188   Code   RO          847    .text               c_w.l(__printf_flags_ss_wp.o)
    0x08003a68   0x08003a68   0x0000000c   Code   RO          853    .text               c_w.l(strtok.o)
    0x08003a74   0x08003a74   0x00000024   Code   RO          856    .text               c_w.l(strstr.o)
    0x08003a98   0x08003a98   0x0000003e   Code   RO          858    .text               c_w.l(strlen.o)
    0x08003ad6   0x08003ad6   0x0000004e   Code   RO          860    .text               c_w.l(rt_memclr_w.o)
    0x08003b24   0x08003b24   0x00000006   Code   RO          862    .text               c_w.l(heapauxi.o)
    0x08003b2a   0x08003b2a   0x00000002   Code   RO          886    .text               c_w.l(use_no_semi.o)
    0x08003b2c   0x08003b2c   0x00000024   Code   RO          891    .text               c_w.l(_printf_truncate.o)
    0x08003b50   0x08003b50   0x000000b2   Code   RO          893    .text               c_w.l(_printf_intcommon.o)
    0x08003c02   0x08003c02   0x00000028   Code   RO          895    .text               c_w.l(_printf_charcount.o)
    0x08003c2a   0x08003c2a   0x00000002   PAD
    0x08003c2c   0x08003c2c   0x00000030   Code   RO          897    .text               c_w.l(_printf_char_common.o)
    0x08003c5c   0x08003c5c   0x0000000a   Code   RO          899    .text               c_w.l(_sputc.o)
    0x08003c66   0x08003c66   0x0000002c   Code   RO          901    .text               c_w.l(_printf_char.o)
    0x08003c92   0x08003c92   0x00000002   PAD
    0x08003c94   0x08003c94   0x00000024   Code   RO          903    .text               c_w.l(_printf_char_file.o)
    0x08003cb8   0x08003cb8   0x000000bc   Code   RO          905    .text               c_w.l(_printf_wctomb.o)
    0x08003d74   0x08003d74   0x0000007c   Code   RO          908    .text               c_w.l(_printf_longlong_dec.o)
    0x08003df0   0x08003df0   0x00000070   Code   RO          914    .text               c_w.l(_printf_oct_int_ll.o)
    0x08003e60   0x08003e60   0x00000094   Code   RO          934    .text               c_w.l(_printf_hex_int_ll_ptr.o)
    0x08003ef4   0x08003ef4   0x00000044   Code   RO          958    .text               c_w.l(strtok_int.o)
    0x08003f38   0x08003f38   0x0000008a   Code   RO         1050    .text               c_w.l(lludiv10.o)
    0x08003fc2   0x08003fc2   0x0000041e   Code   RO         1052    .text               c_w.l(_printf_fp_dec.o)
    0x080043e0   0x080043e0   0x0000002c   Code   RO         1056    .text               c_w.l(_printf_wchar.o)
    0x0800440c   0x0800440c   0x00000008   Code   RO         1058    .text               c_w.l(ferror.o)
    0x08004414   0x08004414   0x00000040   Code   RO         1062    .text               c_w.l(_wcrtomb.o)
    0x08004454   0x08004454   0x00000020   Code   RO         1064    .text               c_w.l(strcspn.o)
    0x08004474   0x08004474   0x0000001c   Code   RO         1066    .text               c_w.l(strspn.o)
    0x08004490   0x08004490   0x00000008   Code   RO         1074    .text               c_w.l(libspace.o)
    0x08004498   0x08004498   0x0000004a   Code   RO         1077    .text               c_w.l(sys_stackheap_outer.o)
    0x080044e2   0x080044e2   0x00000002   PAD
    0x080044e4   0x080044e4   0x00000010   Code   RO         1079    .text               c_w.l(rt_ctype_table.o)
    0x080044f4   0x080044f4   0x00000008   Code   RO         1084    .text               c_w.l(rt_locale_intlibspace.o)
    0x080044fc   0x080044fc   0x00000080   Code   RO         1086    .text               c_w.l(_printf_fp_infnan.o)
    0x0800457c   0x0800457c   0x000000e4   Code   RO         1088    .text               c_w.l(bigflt0.o)
    0x08004660   0x08004660   0x00000012   Code   RO         1116    .text               c_w.l(exit.o)
    0x08004672   0x08004672   0x00000002   PAD
    0x08004674   0x08004674   0x00000080   Code   RO         1135    .text               c_w.l(strcmpv7m.o)
    0x080046f4   0x080046f4   0x0000003e   Code   RO         1091    CL$$btod_d2e        c_w.l(btod.o)
    0x08004732   0x08004732   0x00000046   Code   RO         1093    CL$$btod_d2e_denorm_low  c_w.l(btod.o)
    0x08004778   0x08004778   0x00000060   Code   RO         1092    CL$$btod_d2e_norm_op1  c_w.l(btod.o)
    0x080047d8   0x080047d8   0x00000338   Code   RO         1101    CL$$btod_div_common  c_w.l(btod.o)
    0x08004b10   0x08004b10   0x000000dc   Code   RO         1098    CL$$btod_e2e        c_w.l(btod.o)
    0x08004bec   0x08004bec   0x0000002a   Code   RO         1095    CL$$btod_ediv       c_w.l(btod.o)
    0x08004c16   0x08004c16   0x0000002a   Code   RO         1094    CL$$btod_emul       c_w.l(btod.o)
    0x08004c40   0x08004c40   0x00000244   Code   RO         1100    CL$$btod_mult_common  c_w.l(btod.o)
    0x08004e84   0x08004e84   0x00000030   Code   RO         1013    i.__ARM_fpclassify  m_wm.l(fpclassify.o)
    0x08004eb4   0x08004eb4   0x0000000e   Code   RO          840    i._is_digit         c_w.l(__printf_wp.o)
    0x08004ec2   0x08004ec2   0x00000002   PAD
    0x08004ec4   0x08004ec4   0x0000002c   Code   RO         1114    locale$$code        c_w.l(lc_numeric_c.o)
    0x08004ef0   0x08004ef0   0x0000002c   Code   RO         1133    locale$$code        c_w.l(lc_ctype_c.o)
    0x08004f1c   0x08004f1c   0x0000000a   Code   RO         1193    x$fpl$fpinit        fz_wm.l(fpinit.o)
    0x08004f26   0x08004f26   0x00000004   Code   RO          988    x$fpl$printf1       fz_wm.l(printf1.o)
    0x08004f2a   0x08004f2a   0x00000000   Code   RO          992    x$fpl$usenofp       fz_wm.l(usenofp.o)
    0x08004f2a   0x08004f2a   0x00000a58   Data   RO          495    .constdata          oled.o
    0x08005982   0x08005982   0x00000011   Data   RO          848    .constdata          c_w.l(__printf_flags_ss_wp.o)
    0x08005993   0x08005993   0x00000001   PAD
    0x08005994   0x08005994   0x00000008   Data   RO          906    .constdata          c_w.l(_printf_wctomb.o)
    0x0800599c   0x0800599c   0x00000028   Data   RO          935    .constdata          c_w.l(_printf_hex_int_ll_ptr.o)
    0x080059c4   0x080059c4   0x00000094   Data   RO         1089    .constdata          c_w.l(bigflt0.o)
    0x08005a58   0x08005a58   0x0000001d   Data   RO          783    .conststring        common.o
    0x08005a75   0x08005a75   0x00000003   PAD
    0x08005a78   0x08005a78   0x00000020   Data   RO         1257    Region$$Table       anon$$obj.o
    0x08005a98   0x08005a98   0x0000001c   Data   RO         1113    locale$$data        c_w.l(lc_numeric_c.o)
    0x08005ab4   0x08005ab4   0x00000110   Data   RO         1132    locale$$data        c_w.l(lc_ctype_c.o)


    Execution Region RW_IRAM2 (Exec base: 0x10000000, Load base: 0x08005c1c, Size: 0x00000000, Max: 0x00010000, ABSOLUTE)

    **** No section assigned to this execution region ****


    Execution Region RW_IRAM1 (Exec base: 0x20000000, Load base: 0x08005bc4, Size: 0x00000ab0, Max: 0x00020000, ABSOLUTE)

    Exec Addr    Load Addr    Size         Type   Attr      Idx    E Section Name        Object

    0x20000000   0x08005bc4   0x00000002   Data   RW            4    .data               main.o
    0x20000002   0x08005bc6   0x00000002   PAD
    0x20000004   0x08005bc8   0x00000014   Data   RW          236    .data               system_stm32f4xx.o
    0x20000018   0x08005bdc   0x00000002   Data   RW          411    .data               usart3.o
    0x2000001a   0x08005bde   0x00000002   PAD
    0x2000001c   0x08005be0   0x00000004   Data   RW          468    .data               encoder.o
    0x20000020   0x08005be4   0x00000006   Data   RW          496    .data               oled.o
    0x20000026   0x08005bea   0x00000004   Data   RW          520    .data               delay.o
    0x2000002a   0x08005bee   0x00000002   PAD
    0x2000002c   0x08005bf0   0x00000006   Data   RW          561    .data               usart.o
    0x20000032   0x08005bf6   0x00000010   Data   RW          681    .data               stm32f4xx_rcc.o
    0x20000042   0x08005c06   0x00000002   PAD
    0x20000044   0x08005c08   0x0000000d   Data   RW          784    .data               common.o
    0x20000051   0x08005c15   0x00000003   PAD
    0x20000054   0x08005c18   0x00000004   Data   RW          854    .data               c_w.l(strtok.o)
    0x20000058        -       0x00000320   Zero   RW          410    .bss                usart3.o
    0x20000378        -       0x00000010   Zero   RW          494    .bss                oled.o
    0x20000388        -       0x000000c8   Zero   RW          560    .bss                usart.o
    0x20000450        -       0x00000060   Zero   RW         1075    .bss                c_w.l(libspace.o)
    0x200004b0        -       0x00000200   Zero   RW          589    HEAP                startup_stm32f40_41xxx.o
    0x200006b0        -       0x00000400   Zero   RW          588    STACK               startup_stm32f40_41xxx.o


==============================================================================

Image component sizes


      Code (inc. data)   RO Data    RW Data    ZI Data      Debug   Object Name

      1240        404         29         13          0       4039   common.o
       260          8          0          4          0       1457   delay.o
       256         10          0          4          0       1471   encoder.o
       284         62          0          0          0       1076   exti.o
        64          4          0          0          0        515   led.o
       680        156          0          2          0     284896   main.o
       224         20          0          0          0       1793   misc.o
      1760         40       2648          6         16       6300   oled.o
        64         26        392          0       1536        824   startup_stm32f40_41xxx.o
       272         10          0          0          0       2263   stm32f4xx_exti.o
       660         44          0          0          0       4137   stm32f4xx_gpio.o
        26          0          0          0          0       1210   stm32f4xx_it.o
      1628         52          0         16          0      12996   stm32f4xx_rcc.o
       148         12          0          0          0       1833   stm32f4xx_syscfg.o
      3234         60          0          0          0      22992   stm32f4xx_tim.o
      1108         34          0          0          0       7860   stm32f4xx_usart.o
       528         46          0         20          0       1743   system_stm32f4xx.o
       284         16          0          0          0       1226   timer.o
       332         18          0          6        200       3302   usart.o
       392         26          0          2        800       2542   usart3.o

    ----------------------------------------------------------------------
     13448       1048       3104         84       2552     364475   Object Totals
         0          0         32          0          0          0   (incl. Generated)
         4          0          3         11          0          0   (incl. Padding)

    ----------------------------------------------------------------------

      Code (inc. data)   RO Data    RW Data    ZI Data      Debug   Library Member Name

        24          4          0          0          0         84   __2printf.o
        44          6          0          0          0         84   __2sprintf.o
         8          0          0          0          0         68   __main.o
       392          4         17          0          0         92   __printf_flags_ss_wp.o
        14          0          0          0          0         68   __printf_wp.o
         0          0          0          0          0          0   __rtentry.o
        12          0          0          0          0          0   __rtentry2.o
         6          0          0          0          0          0   __rtentry4.o
        52          8          0          0          0          0   __scatter.o
        26          0          0          0          0          0   __scatter_copy.o
        28          0          0          0          0          0   __scatter_zi.o
         6          0          0          0          0          0   _printf_a.o
         6          0          0          0          0          0   _printf_c.o
        44          0          0          0          0        108   _printf_char.o
        48          6          0          0          0         96   _printf_char_common.o
        36          4          0          0          0         80   _printf_char_file.o
        40          0          0          0          0         68   _printf_charcount.o
         6          0          0          0          0          0   _printf_d.o
       120         16          0          0          0         92   _printf_dec.o
         6          0          0          0          0          0   _printf_e.o
         6          0          0          0          0          0   _printf_f.o
      1054          0          0          0          0        216   _printf_fp_dec.o
       128         16          0          0          0         84   _printf_fp_infnan.o
         6          0          0          0          0          0   _printf_g.o
       148          4         40          0          0        160   _printf_hex_int_ll_ptr.o
         6          0          0          0          0          0   _printf_i.o
       178          0          0          0          0         88   _printf_intcommon.o
        10          0          0          0          0          0   _printf_l.o
         6          0          0          0          0          0   _printf_lc.o
        10          0          0          0          0          0   _printf_ll.o
         6          0          0          0          0          0   _printf_lld.o
         6          0          0          0          0          0   _printf_lli.o
         6          0          0          0          0          0   _printf_llo.o
         6          0          0          0          0          0   _printf_llu.o
         6          0          0          0          0          0   _printf_llx.o
       124         16          0          0          0         92   _printf_longlong_dec.o
         6          0          0          0          0          0   _printf_ls.o
         6          0          0          0          0          0   _printf_n.o
         6          0          0          0          0          0   _printf_o.o
       112         10          0          0          0        124   _printf_oct_int_ll.o
         6          0          0          0          0          0   _printf_p.o
        78          0          0          0          0        108   _printf_pad.o
         0          0          0          0          0          0   _printf_percent.o
         4          0          0          0          0          0   _printf_percent_end.o
         6          0          0          0          0          0   _printf_s.o
        82          0          0          0          0         80   _printf_str.o
        36          0          0          0          0         84   _printf_truncate.o
         6          0          0          0          0          0   _printf_u.o
        44          0          0          0          0        108   _printf_wchar.o
       188          6          8          0          0         92   _printf_wctomb.o
         6          0          0          0          0          0   _printf_x.o
        10          0          0          0          0         68   _sputc.o
        64          0          0          0          0         92   _wcrtomb.o
       228          4        148          0          0         96   bigflt0.o
      1936        128          0          0          0        672   btod.o
        36          4          0          0          0         76   c89vsprintf.o
        18          0          0          0          0         80   exit.o
         8          0          0          0          0         68   ferror.o
         6          0          0          0          0        152   heapauxi.o
        44         10        272          0          0         76   lc_ctype_c.o
        44         10         28          0          0         76   lc_numeric_c.o
         2          0          0          0          0          0   libinit.o
        34          0          0          0          0          0   libinit2.o
         2          0          0          0          0          0   libshutdown.o
         2          0          0          0          0          0   libshutdown2.o
         8          4          0          0         96         68   libspace.o
       138          0          0          0          0         80   lludiv10.o
        16          4          0          0          0         76   rt_ctype_table.o
         8          4          0          0          0         68   rt_locale_intlibspace.o
        78          0          0          0          0         80   rt_memclr_w.o
         2          0          0          0          0          0   rtexit.o
        10          0          0          0          0          0   rtexit2.o
       128          0          0          0          0         68   strcmpv7m.o
        32          0          0          0          0         80   strcspn.o
        62          0          0          0          0         76   strlen.o
        28          0          0          0          0         80   strspn.o
        36          0          0          0          0         80   strstr.o
        12          6          0          4          0         68   strtok.o
        68          4          0          0          0         84   strtok_int.o
        74          0          0          0          0         80   sys_stackheap_outer.o
         2          0          0          0          0         68   use_no_semi.o
         2          0          0          0          0         68   use_no_semi_2.o
        10          0          0          0          0        116   fpinit.o
         4          0          0          0          0        116   printf1.o
         0          0          0          0          0          0   usenofp.o
        48          0          0          0          0        124   fpclassify.o

    ----------------------------------------------------------------------
      6426        278        514          4         96       5012   Library Totals
        16          0          1          0          0          0   (incl. Padding)

    ----------------------------------------------------------------------

      Code (inc. data)   RO Data    RW Data    ZI Data      Debug   Library Name

      6348        278        513          4         96       4656   c_w.l
        14          0          0          0          0        232   fz_wm.l
        48          0          0          0          0        124   m_wm.l

    ----------------------------------------------------------------------
      6426        278        514          4         96       5012   Library Totals

    ----------------------------------------------------------------------

==============================================================================


      Code (inc. data)   RO Data    RW Data    ZI Data      Debug   

     19874       1326       3618         88       2648     363287   Grand Totals
     19874       1326       3618         88       2648     363287   ELF Image Totals
     19874       1326       3618         88          0          0   ROM Totals

==============================================================================

    Total RO  Size (Code + RO Data)                23492 (  22.94kB)
    Total RW  Size (RW Data + ZI Data)              2736 (   2.67kB)
    Total ROM Size (Code + RO Data + RW Data)      23580 (  23.03kB)

==============================================================================

