<html>
<body>
<pre>
<h1>礦ision Build Log</h1>
<h2>Tool Versions:</h2>
IDE-Version: μVision V5.24.2.0
Copyright (C) 2017 ARM Ltd and ARM Germany GmbH. All rights reserved.
License Information: 朱 zhu, 桂林电子科技大学, LIC=0VRBS-L9GMZ-PGC7L-037L8-ABNKF-H6EI8
 
Tool Versions:
Toolchain:       MDK-ARM Professional  Version: 5.24.1
Toolchain Path:  E:\MDK5.24\ARM\ARMCC\Bin
C Compiler:      Armcc.exe V5.06 update 5 (build 528)
Assembler:       Armasm.exe V5.06 update 5 (build 528)
Linker/Locator:  ArmLink.exe V5.06 update 5 (build 528)
Library Manager: ArmAr.exe V5.06 update 5 (build 528)
Hex Converter:   FromElf.exe V5.06 update 5 (build 528)
CPU DLL:         SARMCM3.DLL V5.24.1
Dialog DLL:      DCM.DLL V1.16.0.0
Target DLL:      STLink\ST-LINKIII-KEIL_SWO.dll V3.0.1.0
Dialog DLL:      TCM.DLL V1.32.0.0
 
<h2>Project:</h2>
E:\STM32_Projects\GFM_V1\USER\ADC.uvprojx
Project File Date:  04/17/2020

<h2>Output:</h2>
*** Using Compiler 'V5.06 update 5 (build 528)', folder: 'E:\MDK5.24\ARM\ARMCC\Bin'
Build target 'ADC'
compiling main.c...
main.c(18): warning:  #177-D: variable "ppm"  was declared but never referenced
  	float ppm;
main.c(20): warning:  #177-D: variable "t"  was declared but never referenced
  	u8 t=0;			    
main.c(21): warning:  #177-D: variable "temperature"  was declared but never referenced
  	u8 temperature;  	    
main.c(22): warning:  #177-D: variable "humidity"  was declared but never referenced
  	u8 humidity;  
main.c(24): warning:  #177-D: variable "rain"  was declared but never referenced
  	u8 rain = 0;
main.c(25): warning:  #177-D: variable "wind"  was declared but never referenced
  	u8 wind = 0;
main.c(27): warning:  #177-D: variable "window_isOpen"  was declared but never referenced
  	u8 window_isOpen = 0;
main.c: 7 warnings, 0 errors
compiling common.c...
..\ATK-ESP8266\common.c(38): warning:  #177-D: variable "buf"  was declared but never referenced
  	char *buf;
..\ATK-ESP8266\common.c(83): warning:  #167-D: argument of type "u8 *" is incompatible with parameter of type "char *"
  				if(atk_8266_check_cmd(ack))
..\ATK-ESP8266\common.c(112): warning:  #167-D: argument of type "u8 *" is incompatible with parameter of type "char *"
  				if(atk_8266_check_cmd(ack))break;//得到有效数据 
..\ATK-ESP8266\common.c(148): warning:  #513-D: a value of type "char *" cannot be assigned to an entity of type "u8 *"
  	p=atk_8266_check_cmd("+CIPSTATUS:"); 
..\ATK-ESP8266\common.c(249): warning:  #167-D: argument of type "char *" is incompatible with parameter of type "u8 *"
  	while(atk_8266_send_cmd(p,"WIFI GOT IP",300))				//连接目标路由器,并且获得IP
..\ATK-ESP8266\common.c(258): warning:  #167-D: argument of type "char *" is incompatible with parameter of type "u8 *"
  	while(atk_8266_send_cmd(p,"OK",300))
..\ATK-ESP8266\common.c(267): warning:  #225-D: the format string ends before this argument
  	printf("%s",p,(u8*)portnum);
..\ATK-ESP8266\common.c(228): warning:  #177-D: variable "key"  was declared but never referenced
  	u8 key;
..\ATK-ESP8266\common.c(229): warning:  #177-D: variable "timex"  was declared but never referenced
  	u8 timex=0; 
..\ATK-ESP8266\common.c(232): warning:  #177-D: variable "t"  was declared but never referenced
  	u16 t=999;		//加速第一次获取链接状态
..\ATK-ESP8266\common.c(234): warning:  #177-D: variable "rlen"  was declared but never referenced
  	u16 rlen=0;
..\ATK-ESP8266\common.c(235): warning:  #177-D: variable "constate"  was declared but never referenced
  	u8 constate=0;	//连接状态
..\ATK-ESP8266\common.c: 12 warnings, 0 errors
linking...
Program Size: Code=16930 RO-data=970 RW-data=64 ZI-data=2632  
FromELF: creating hex file...
"..\OBJ\ADC.axf" - 0 Error(s), 19 Warning(s).

<h2>Software Packages used:</h2>

Package Vendor: Keil
                http://www.keil.com/pack/Keil.STM32F4xx_DFP.1.0.8.pack
                Keil.STM32F4xx_DFP.1.0.8
                STMicroelectronics STM32F4 Series Device Support, Drivers and Examples

<h2>Collection of Component include folders:</h2>
  .\RTE\_ADC
  E:\MDK5.24\ARM\PACK\Keil\STM32F4xx_DFP\1.0.8\Device\Include

<h2>Collection of Component Files used:</h2>
Build Time Elapsed:  00:00:03
</pre>
</body>
</html>
