Component: ARM Compiler 5.06 update 5 (build 528) Tool: armlink [4d35e2]

==============================================================================

Section Cross References

    main.o(.text) refers to _printf_percent.o(.ARM.Collect$$_printf_percent$$00000000) for _printf_percent
    main.o(.text) refers to _printf_d.o(.ARM.Collect$$_printf_percent$$00000009) for _printf_d
    main.o(.text) refers to _printf_c.o(.ARM.Collect$$_printf_percent$$00000013) for _printf_c
    main.o(.text) refers to _printf_dec.o(.text) for _printf_int_dec
    main.o(.text) refers to _printf_str.o(.text) for _printf_str
    main.o(.text) refers to _printf_s.o(.ARM.Collect$$_printf_percent$$00000014) for _printf_s
    main.o(.text) refers to _printf_pad.o(.text) for _printf_pre_padding
    main.o(.text) refers to stm32f4xx_tim.o(.text) for TIM_SetCompare4
    main.o(.text) refers to misc.o(.text) for NVIC_PriorityGroupConfig
    main.o(.text) refers to delay.o(.text) for delay_init
    main.o(.text) refers to usart.o(.text) for usart_init
    main.o(.text) refers to usart3.o(.text) for usart3_init
    main.o(.text) refers to usart6.o(.text) for usart6_init
    main.o(.text) refers to led.o(.text) for LED_Init
    main.o(.text) refers to oled.o(.text) for OLED_Init
    main.o(.text) refers to __2printf.o(.text) for __2printf
    main.o(.text) refers to common.o(.text) for atk_8266_wifista_init
    main.o(.text) refers to sim800a.o(.text) for sim800a_pdu_init
    main.o(.text) refers to mq_sensor.o(.text) for MQ2_Init
    main.o(.text) refers to hc_sr501.o(.text) for HC_SR_Init
    main.o(.text) refers to rain_detect.o(.text) for Rain_Detect_Init
    main.o(.text) refers to encoder.o(.text) for ENCODER_Init
    main.o(.text) refers to dht11.o(.text) for DHT11_Init
    main.o(.text) refers to timer.o(.text) for TIM3_PWM_Init
    main.o(.text) refers to exti.o(.text) for MH_EXIT_Init
    main.o(.text) refers to stm32f4xx_usart.o(.text) for USART_ITConfig
    main.o(.text) refers to rt_memclr_w.o(.text) for __aeabi_memclr4
    main.o(.text) refers to __2sprintf.o(.text) for __2sprintf
    main.o(.text) refers to main.o(.data) for close_window_flag
    main.o(.text) refers to common.o(.data) for isAlive
    main.o(.text) refers to encoder.o(.data) for CaptureNumber
    system_stm32f4xx.o(.text) refers to system_stm32f4xx.o(.data) for SystemCoreClock
    led.o(.text) refers to stm32f4xx_rcc.o(.text) for RCC_AHB1PeriphClockCmd
    led.o(.text) refers to stm32f4xx_gpio.o(.text) for GPIO_Init
    adc.o(.text) refers to stm32f4xx_rcc.o(.text) for RCC_AHB1PeriphClockCmd
    adc.o(.text) refers to stm32f4xx_gpio.o(.text) for GPIO_Init
    adc.o(.text) refers to stm32f4xx_adc.o(.text) for ADC_CommonInit
    adc.o(.text) refers to delay.o(.text) for delay_ms
    mq_sensor.o(.text) refers to adc.o(.text) for Adc_Init
    mq_sensor.o(.text) refers to f2d.o(x$fpl$f2d) for __aeabi_f2d
    mq_sensor.o(.text) refers to dmul.o(x$fpl$dmul) for __aeabi_dmul
    mq_sensor.o(.text) refers to d2f.o(x$fpl$d2f) for __aeabi_d2f
    mq_sensor.o(.text) refers to pow.o(i.__hardfp_pow) for __hardfp_pow
    hc_sr501.o(.text) refers to stm32f4xx_rcc.o(.text) for RCC_AHB1PeriphClockCmd
    hc_sr501.o(.text) refers to stm32f4xx_gpio.o(.text) for GPIO_Init
    hc_sr501.o(.text) refers to exti.o(.text) for HC_EXTI_Init
    exti.o(.text) refers to _printf_percent.o(.ARM.Collect$$_printf_percent$$00000000) for _printf_percent
    exti.o(.text) refers to _printf_d.o(.ARM.Collect$$_printf_percent$$00000009) for _printf_d
    exti.o(.text) refers to _printf_dec.o(.text) for _printf_int_dec
    exti.o(.text) refers to delay.o(.text) for delay_ms
    exti.o(.text) refers to __2printf.o(.text) for __2printf
    exti.o(.text) refers to stm32f4xx_exti.o(.text) for EXTI_ClearITPendingBit
    exti.o(.text) refers to stm32f4xx_rcc.o(.text) for RCC_APB2PeriphClockCmd
    exti.o(.text) refers to stm32f4xx_syscfg.o(.text) for SYSCFG_EXTILineConfig
    exti.o(.text) refers to misc.o(.text) for NVIC_Init
    exti.o(.text) refers to stm32f4xx_gpio.o(.text) for GPIO_Init
    exti.o(.text) refers to main.o(.data) for enter_home
    exti.o(.text) refers to exti.o(.data) for raint_count
    dht11.o(.text) refers to delay.o(.text) for delay_ms
    dht11.o(.text) refers to stm32f4xx_rcc.o(.text) for RCC_AHB1PeriphClockCmd
    dht11.o(.text) refers to stm32f4xx_gpio.o(.text) for GPIO_Init
    rain_detect.o(.text) refers to stm32f4xx_rcc.o(.text) for RCC_AHB1PeriphClockCmd
    rain_detect.o(.text) refers to stm32f4xx_gpio.o(.text) for GPIO_Init
    rain_detect.o(.text) refers to exti.o(.text) for Rain_EXIT_Init
    usart3.o(.text) refers to stm32f4xx_usart.o(.text) for USART_GetITStatus
    usart3.o(.text) refers to stm32f4xx_tim.o(.text) for TIM_SetCounter
    usart3.o(.text) refers to stm32f4xx_rcc.o(.text) for RCC_AHB1PeriphClockCmd
    usart3.o(.text) refers to stm32f4xx_gpio.o(.text) for GPIO_PinAFConfig
    usart3.o(.text) refers to misc.o(.text) for NVIC_Init
[...]
    TIM2_NVIC_Configuration                  0x0800161b   Thumb Code    34  encoder.o(.text)
    ENCODER_TIM2_Init                        0x0800163d   Thumb Code   108  encoder.o(.text)
    ENCODER_Init                             0x080016a9   Thumb Code    12  encoder.o(.text)
    TIM2_IRQHandler                          0x080016b5   Thumb Code    34  encoder.o(.text)
    OLED_GPIO_Init                           0x080016e1   Thumb Code    60  oled.o(.text)
    IIC_Start                                0x0800171d   Thumb Code    46  oled.o(.text)
    IIC_Stop                                 0x0800174b   Thumb Code    48  oled.o(.text)
    Write_IIC_Byte                           0x0800177b   Thumb Code    94  oled.o(.text)
    OLED_WrDat                               0x080017d9   Thumb Code    32  oled.o(.text)
    OLED_WrCmd                               0x080017f9   Thumb Code    32  oled.o(.text)
    OLED_Set_Pos                             0x08001819   Thumb Code    40  oled.o(.text)
    OLED_Fill                                0x08001841   Thumb Code    58  oled.o(.text)
    OLED_CLS                                 0x0800187b   Thumb Code    10  oled.o(.text)
    OLED_ON                                  0x08001885   Thumb Code    22  oled.o(.text)
    OLED_OFF                                 0x0800189b   Thumb Code    22  oled.o(.text)
    OLED_Init                                0x080018b1   Thumb Code   196  oled.o(.text)
    OLED_P6x8Str                             0x08001975   Thumb Code   116  oled.o(.text)
    OLED_P8x16Str                            0x080019e9   Thumb Code   158  oled.o(.text)
    OLED_Show6x8                             0x08001a87   Thumb Code   122  oled.o(.text)
    OLED_Show8x16                            0x08001b01   Thumb Code   122  oled.o(.text)
    OLED_Show16x16                           0x08001b7b   Thumb Code   104  oled.o(.text)
    Oled_Printf_U16                          0x08001be3   Thumb Code   190  oled.o(.text)
    Oled_Printf_Float                        0x08001ca1   Thumb Code   274  oled.o(.text)
    delay_init                               0x08001dc1   Thumb Code    52  delay.o(.text)
    delay_us                                 0x08001df5   Thumb Code    72  delay.o(.text)
    delay_xms                                0x08001e3d   Thumb Code    72  delay.o(.text)
    delay_ms                                 0x08001e85   Thumb Code    56  delay.o(.text)
    _sys_exit                                0x08001ec5   Thumb Code     6  usart.o(.text)
    fputc                                    0x08001ecb   Thumb Code    22  usart.o(.text)
    usart_init                               0x08001ee1   Thumb Code   164  usart.o(.text)
    USART1_IRQHandler                        0x08001f85   Thumb Code   122  usart.o(.text)
    Reset_Handler                            0x08002011   Thumb Code     8  startup_stm32f40_41xxx.o(.text)
    ADC_IRQHandler                           0x0800202b   Thumb Code     0  startup_stm32f40_41xxx.o(.text)
    CAN1_RX0_IRQHandler                      0x0800202b   Thumb Code     0  startup_stm32f40_41xxx.o(.text)
    CAN1_RX1_IRQHandler                      0x0800202b   Thumb Code     0  startup_stm32f40_41xxx.o(.text)
    CAN1_SCE_IRQHandler                      0x0800202b   Thumb Code     0  startup_stm32f40_41xxx.o(.text)
    CAN1_TX_IRQHandler                       0x0800202b   Thumb Code     0  startup_stm32f40_41xxx.o(.text)
    CAN2_RX0_IRQHandler                      0x0800202b   Thumb Code     0  startup_stm32f40_41xxx.o(.text)
    CAN2_RX1_IRQHandler                      0x0800202b   Thumb Code     0  startup_stm32f40_41xxx.o(.text)
    CAN2_SCE_IRQHandler                      0x0800202b   Thumb Code     0  startup_stm32f40_41xxx.o(.text)
    CAN2_TX_IRQHandler                       0x0800202b   Thumb Code     0  startup_stm32f40_41xxx.o(.text)
    CRYP_IRQHandler                          0x0800202b   Thumb Code     0  startup_stm32f40_41xxx.o(.text)
    DCMI_IRQHandler                          0x0800202b   Thumb Code     0  startup_stm32f40_41xxx.o(.text)
    DMA1_Stream0_IRQHandler                  0x0800202b   Thumb Code     0  startup_stm32f40_41xxx.o(.text)
    DMA1_Stream1_IRQHandler                  0x0800202b   Thumb Code     0  startup_stm32f40_41xxx.o(.text)
    DMA1_Stream2_IRQHandler                  0x0800202b   Thumb Code     0  startup_stm32f40_41xxx.o(.text)
    DMA1_Stream3_IRQHandler                  0x0800202b   Thumb Code     0  startup_stm32f40_41xxx.o(.text)
    DMA1_Stream4_IRQHandler                  0x0800202b   Thumb Code     0  startup_stm32f40_41xxx.o(.text)
    DMA1_Stream5_IRQHandler                  0x0800202b   Thumb Code     0  startup_stm32f40_41xxx.o(.text)
    DMA1_Stream6_IRQHandler                  0x0800202b   Thumb Code     0  startup_stm32f40_41xxx.o(.text)
    DMA1_Stream7_IRQHandler                  0x0800202b   Thumb Code     0  startup_stm32f40_41xxx.o(.text)
    DMA2_Stream0_IRQHandler                  0x0800202b   Thumb Code     0  startup_stm32f40_41xxx.o(.text)
    DMA2_Stream1_IRQHandler                  0x0800202b   Thumb Code     0  startup_stm32f40_41xxx.o(.text)
    DMA2_Stream2_IRQHandler                  0x0800202b   Thumb Code     0  startup_stm32f40_41xxx.o(.text)
    DMA2_Stream3_IRQHandler                  0x0800202b   Thumb Code     0  startup_stm32f40_41xxx.o(.text)
    DMA2_Stream4_IRQHandler                  0x0800202b   Thumb Code     0  startup_stm32f40_41xxx.o(.text)
    DMA2_Stream5_IRQHandler                  0x0800202b   Thumb Code     0  startup_stm32f40_41xxx.o(.text)
    DMA2_Stream6_IRQHandler                  0x0800202b   Thumb Code     0  startup_stm32f40_41xxx.o(.text)
    DMA2_Stream7_IRQHandler                  0x0800202b   Thumb Code     0  startup_stm32f40_41xxx.o(.text)
    ETH_IRQHandler                           0x0800202b   Thumb Code     0  startup_stm32f40_41xxx.o(.text)
    ETH_WKUP_IRQHandler                      0x0800202b   Thumb Code     0  startup_stm32f40_41xxx.o(.text)
    EXTI15_10_IRQHandler                     0x0800202b   Thumb Code     0  startup_stm32f40_41xxx.o(.text)
    EXTI1_IRQHandler                         0x0800202b   Thumb Code     0  startup_stm32f40_41xxx.o(.text)
    EXTI3_IRQHandler                         0x0800202b   Thumb Code     0  startup_stm32f40_41xxx.o(.text)
    EXTI4_IRQHandler                         0x0800202b   Thumb Code     0  startup_stm32f40_41xxx.o(.text)
    FLASH_IRQHandler                         0x0800202b   Thumb Code     0  startup_stm32f40_41xxx.o(.text)
    FPU_IRQHandler                           0x0800202b   Thumb Code     0  startup_stm32f40_41xxx.o(.text)
    FSMC_IRQHandler                          0x0800202b   Thumb Code     0  startup_stm32f40_41xxx.o(.text)
    HASH_RNG_IRQHandler                      0x0800202b   Thumb Code     0  startup_stm32f40_41xxx.o(.text)
    I2C1_ER_IRQHandler                       0x0800202b   Thumb Code     0  startup_stm32f40_41xxx.o(.text)
    I2C1_EV_IRQHandler                       0x0800202b   Thumb Code     0  startup_stm32f40_41xxx.o(.text)
    I2C2_ER_IRQHandler                       0x0800202b   Thumb Code     0  startup_stm32f40_41xxx.o(.text)
    I2C2_EV_IRQHandler                       0x0800202b   Thumb Code     0  startup_stm32f40_41xxx.o(.text)
    I2C3_ER_IRQHandler                       0x0800202b   Thumb Code     0  startup_stm32f40_41xxx.o(.text)
    I2C3_EV_IRQHandler                       0x0800202b   Thumb Code     0  startup_stm32f40_41xxx.o(.text)
    OTG_FS_IRQHandler                        0x0800202b   Thumb Code     0  startup_stm32f40_41xxx.o(.text)
    OTG_FS_WKUP_IRQHandler                   0x0800202b   Thumb Code     0  startup_stm32f40_41xxx.o(.text)
    OTG_HS_EP1_IN_IRQHandler                 0x0800202b   Thumb Code     0  startup_stm32f40_41xxx.o(.text)
    OTG_HS_EP1_OUT_IRQHandler                0x0800202b   Thumb Code     0  startup_stm32f40_41xxx.o(.text)
    OTG_HS_IRQHandler                        0x0800202b   Thumb Code     0  startup_stm32f40_41xxx.o(.text)
    OTG_HS_WKUP_IRQHandler                   0x0800202b   Thumb Code     0  startup_stm32f40_41xxx.o(.text)
    PVD_IRQHandler                           0x0800202b   Thumb Code     0  startup_stm32f40_41xxx.o(.text)
    RCC_IRQHandler                           0x0800202b   Thumb Code     0  startup_stm32f40_41xxx.o(.text)
    RTC_Alarm_IRQHandler                     0x0800202b   Thumb Code     0  startup_stm32f40_41xxx.o(.text)
    RTC_WKUP_IRQHandler                      0x0800202b   Thumb Code     0  startup_stm32f40_41xxx.o(.text)
    SDIO_IRQHandler                          0x0800202b   Thumb Code     0  startup_stm32f40_41xxx.o(.text)
    SPI1_IRQHandler                          0x0800202b   Thumb Code     0  startup_stm32f40_41xxx.o(.text)
    SPI2_IRQHandler                          0x0800202b   Thumb Code     0  startup_stm32f40_41xxx.o(.text)
    SPI3_IRQHandler                          0x0800202b   Thumb Code     0  startup_stm32f40_41xxx.o(.text)
    TAMP_STAMP_IRQHandler                    0x0800202b   Thumb Code     0  startup_stm32f40_41xxx.o(.text)
    TIM1_BRK_TIM9_IRQHandler                 0x0800202b   Thumb Code     0  startup_stm32f40_41xxx.o(.text)
    TIM1_CC_IRQHandler                       0x0800202b   Thumb Code     0  startup_stm32f40_41xxx.o(.text)
    TIM1_TRG_COM_TIM11_IRQHandler            0x0800202b   Thumb Code     0  startup_stm32f40_41xxx.o(.text)
    TIM1_UP_TIM10_IRQHandler                 0x0800202b   Thumb Code     0  startup_stm32f40_41xxx.o(.text)
    TIM3_IRQHandler                          0x0800202b   Thumb Code     0  startup_stm32f40_41xxx.o(.text)
    TIM4_IRQHandler                          0x0800202b   Thumb Code     0  startup_stm32f40_41xxx.o(.text)
    TIM6_DAC_IRQHandler                      0x0800202b   Thumb Code     0  startup_stm32f40_41xxx.o(.text)
    TIM8_BRK_TIM12_IRQHandler                0x0800202b   Thumb Code     0  startup_stm32f40_41xxx.o(.text)
    TIM8_CC_IRQHandler                       0x0800202b   Thumb Code     0  startup_stm32f40_41xxx.o(.text)
    TIM8_TRG_COM_TIM14_IRQHandler            0x0800202b   Thumb Code     0  startup_stm32f40_41xxx.o(.text)
    TIM8_UP_TIM13_IRQHandler                 0x0800202b   Thumb Code     0  startup_stm32f40_41xxx.o(.text)
    UART4_IRQHandler                         0x0800202b   Thumb Code     0  startup_stm32f40_41xxx.o(.text)
    UART5_IRQHandler                         0x0800202b   Thumb Code     0  startup_stm32f40_41xxx.o(.text)
    USART2_IRQHandler                        0x0800202b   Thumb Code     0  startup_stm32f40_41xxx.o(.text)
    WWDG_IRQHandler                          0x0800202b   Thumb Code     0  startup_stm32f40_41xxx.o(.text)
    __user_initial_stackheap                 0x0800202d   Thumb Code     0  startup_stm32f40_41xxx.o(.text)
    NVIC_PriorityGroupConfig                 0x08002051   Thumb Code    10  misc.o(.text)
    NVIC_Init                                0x0800205b   Thumb Code   106  misc.o(.text)
    NVIC_SetVectorTable                      0x080020c5   Thumb Code    14  misc.o(.text)
    NVIC_SystemLPConfig                      0x080020d3   Thumb Code    34  misc.o(.text)
    SysTick_CLKSourceConfig                  0x080020f5   Thumb Code    40  misc.o(.text)
    ADC_DeInit                               0x08002131   Thumb Code    22  stm32f4xx_adc.o(.text)
    ADC_Init                                 0x08002147   Thumb Code    74  stm32f4xx_adc.o(.text)
    ADC_StructInit                           0x08002191   Thumb Code    20  stm32f4xx_adc.o(.text)
    ADC_CommonInit                           0x080021a5   Thumb Code    34  stm32f4xx_adc.o(.text)
    ADC_CommonStructInit                     0x080021c7   Thumb Code    12  stm32f4xx_adc.o(.text)
    ADC_Cmd                                  0x080021d3   Thumb Code    22  stm32f4xx_adc.o(.text)
    ADC_AnalogWatchdogCmd                    0x080021e9   Thumb Code    16  stm32f4xx_adc.o(.text)
    ADC_AnalogWatchdogThresholdsConfig       0x080021f9   Thumb Code     6  stm32f4xx_adc.o(.text)
    ADC_AnalogWatchdogSingleChannelConfig    0x080021ff   Thumb Code    16  stm32f4xx_adc.o(.text)
    ADC_TempSensorVrefintCmd                 0x0800220f   Thumb Code    34  stm32f4xx_adc.o(.text)
    ADC_VBATCmd                              0x08002231   Thumb Code    34  stm32f4xx_adc.o(.text)
    ADC_RegularChannelConfig                 0x08002253   Thumb Code   184  stm32f4xx_adc.o(.text)
    ADC_SoftwareStartConv                    0x0800230b   Thumb Code    10  stm32f4xx_adc.o(.text)
    ADC_GetSoftwareStartConvStatus           0x08002315   Thumb Code    20  stm32f4xx_adc.o(.text)
    ADC_EOCOnEachRegularChannelCmd           0x08002329   Thumb Code    22  stm32f4xx_adc.o(.text)
    ADC_ContinuousModeCmd                    0x0800233f   Thumb Code    22  stm32f4xx_adc.o(.text)
    ADC_DiscModeChannelCountConfig           0x08002355   Thumb Code    24  stm32f4xx_adc.o(.text)
    ADC_DiscModeCmd                          0x0800236d   Thumb Code    22  stm32f4xx_adc.o(.text)
    ADC_GetConversionValue                   0x08002383   Thumb Code     8  stm32f4xx_adc.o(.text)
    ADC_GetMultiModeConversionValue          0x0800238b   Thumb Code     8  stm32f4xx_adc.o(.text)
    ADC_DMACmd                               0x08002393   Thumb Code    22  stm32f4xx_adc.o(.text)
    ADC_DMARequestAfterLastTransferCmd       0x080023a9   Thumb Code    22  stm32f4xx_adc.o(.text)
    ADC_MultiModeDMARequestAfterLastTransferCmd 0x080023bf   Thumb Code    34  stm32f4xx_adc.o(.text)
    ADC_InjectedChannelConfig                0x080023e1   Thumb Code   130  stm32f4xx_adc.o(.text)
    ADC_InjectedSequencerLengthConfig        0x08002463   Thumb Code    24  stm32f4xx_adc.o(.text)
    ADC_SetInjectedOffset                    0x0800247b   Thumb Code    20  stm32f4xx_adc.o(.text)
    ADC_ExternalTrigInjectedConvConfig       0x0800248f   Thumb Code    16  stm32f4xx_adc.o(.text)
    ADC_ExternalTrigInjectedConvEdgeConfig   0x0800249f   Thumb Code    16  stm32f4xx_adc.o(.text)
    ADC_SoftwareStartInjectedConv            0x080024af   Thumb Code    10  stm32f4xx_adc.o(.text)
    ADC_GetSoftwareStartInjectedConvCmdStatus 0x080024b9   Thumb Code    20  stm32f4xx_adc.o(.text)
    ADC_AutoInjectedConvCmd                  0x080024cd   Thumb Code    22  stm32f4xx_adc.o(.text)
    ADC_InjectedDiscModeCmd                  0x080024e3   Thumb Code    22  stm32f4xx_adc.o(.text)
    ADC_GetInjectedConversionValue           0x080024f9   Thumb Code    28  stm32f4xx_adc.o(.text)
    ADC_ITConfig                             0x08002515   Thumb Code    56  stm32f4xx_adc.o(.text)
    ADC_GetFlagStatus                        0x0800254d   Thumb Code    18  stm32f4xx_adc.o(.text)
    ADC_ClearFlag                            0x0800255f   Thumb Code     6  stm32f4xx_adc.o(.text)
    ADC_GetITStatus                          0x08002565   Thumb Code    38  stm32f4xx_adc.o(.text)
    ADC_ClearITPendingBit                    0x0800258b   Thumb Code    10  stm32f4xx_adc.o(.text)
    GPIO_DeInit                              0x08002595   Thumb Code   268  stm32f4xx_gpio.o(.text)
    GPIO_Init                                0x080026a1   Thumb Code   144  stm32f4xx_gpio.o(.text)
    GPIO_StructInit                          0x08002731   Thumb Code    18  stm32f4xx_gpio.o(.text)
    GPIO_PinLockConfig                       0x08002743   Thumb Code    34  stm32f4xx_gpio.o(.text)
    GPIO_ReadInputDataBit                    0x08002765   Thumb Code    18  stm32f4xx_gpio.o(.text)
    GPIO_ReadInputData                       0x08002777   Thumb Code     8  stm32f4xx_gpio.o(.text)
    GPIO_ReadOutputDataBit                   0x0800277f   Thumb Code    18  stm32f4xx_gpio.o(.text)
    GPIO_ReadOutputData                      0x08002791   Thumb Code     8  stm32f4xx_gpio.o(.text)
    GPIO_SetBits                             0x08002799   Thumb Code     4  stm32f4xx_gpio.o(.text)
    GPIO_ResetBits                           0x0800279d   Thumb Code     4  stm32f4xx_gpio.o(.text)
    GPIO_WriteBit                            0x080027a1   Thumb Code    10  stm32f4xx_gpio.o(.text)
    GPIO_Write                               0x080027ab   Thumb Code     4  stm32f4xx_gpio.o(.text)
    GPIO_ToggleBits                          0x080027af   Thumb Code     8  stm32f4xx_gpio.o(.text)
    GPIO_PinAFConfig                         0x080027b7   Thumb Code    70  stm32f4xx_gpio.o(.text)
    RCC_DeInit                               0x08002829   Thumb Code    82  stm32f4xx_rcc.o(.text)
    RCC_HSEConfig                            0x0800287b   Thumb Code    14  stm32f4xx_rcc.o(.text)
    RCC_GetFlagStatus                        0x08002889   Thumb Code    60  stm32f4xx_rcc.o(.text)
    RCC_WaitForHSEStartUp                    0x080028c5   Thumb Code    56  stm32f4xx_rcc.o(.text)
    RCC_AdjustHSICalibrationValue            0x080028fd   Thumb Code    20  stm32f4xx_rcc.o(.text)
    RCC_HSICmd                               0x08002911   Thumb Code     6  stm32f4xx_rcc.o(.text)
    RCC_LSEConfig                            0x08002917   Thumb Code    46  stm32f4xx_rcc.o(.text)
    RCC_LSICmd                               0x08002945   Thumb Code     6  stm32f4xx_rcc.o(.text)
    RCC_PLLConfig                            0x0800294b   Thumb Code    32  stm32f4xx_rcc.o(.text)
    RCC_PLLCmd                               0x0800296b   Thumb Code     6  stm32f4xx_rcc.o(.text)
    RCC_PLLI2SConfig                         0x08002971   Thumb Code    14  stm32f4xx_rcc.o(.text)
    RCC_PLLI2SCmd                            0x0800297f   Thumb Code     6  stm32f4xx_rcc.o(.text)
    RCC_PLLSAIConfig                         0x08002985   Thumb Code    20  stm32f4xx_rcc.o(.text)
    RCC_PLLSAICmd                            0x08002999   Thumb Code     6  stm32f4xx_rcc.o(.text)
    RCC_ClockSecuritySystemCmd               0x0800299f   Thumb Code     6  stm32f4xx_rcc.o(.text)
    RCC_MCO1Config                           0x080029a5   Thumb Code    28  stm32f4xx_rcc.o(.text)
    RCC_MCO2Config                           0x080029c1   Thumb Code    28  stm32f4xx_rcc.o(.text)
    RCC_SYSCLKConfig                         0x080029dd   Thumb Code    20  stm32f4xx_rcc.o(.text)
    RCC_GetSYSCLKSource                      0x080029f1   Thumb Code    12  stm32f4xx_rcc.o(.text)
    RCC_HCLKConfig                           0x080029fd   Thumb Code    20  stm32f4xx_rcc.o(.text)
    RCC_PCLK1Config                          0x08002a11   Thumb Code    20  stm32f4xx_rcc.o(.text)
    RCC_PCLK2Config                          0x08002a25   Thumb Code    22  stm32f4xx_rcc.o(.text)
    RCC_GetClocksFreq                        0x08002a3b   Thumb Code   222  stm32f4xx_rcc.o(.text)
    RCC_RTCCLKConfig                         0x08002b19   Thumb Code    54  stm32f4xx_rcc.o(.text)
    RCC_RTCCLKCmd                            0x08002b4f   Thumb Code     8  stm32f4xx_rcc.o(.text)
    RCC_BackupResetCmd                       0x08002b57   Thumb Code     8  stm32f4xx_rcc.o(.text)
    RCC_I2SCLKConfig                         0x08002b5f   Thumb Code     6  stm32f4xx_rcc.o(.text)
    RCC_SAIPLLI2SClkDivConfig                0x08002b65   Thumb Code    26  stm32f4xx_rcc.o(.text)
    RCC_SAIPLLSAIClkDivConfig                0x08002b7f   Thumb Code    28  stm32f4xx_rcc.o(.text)
    RCC_SAIBlockACLKConfig                   0x08002b9b   Thumb Code    20  stm32f4xx_rcc.o(.text)
    RCC_SAIBlockBCLKConfig                   0x08002baf   Thumb Code    20  stm32f4xx_rcc.o(.text)
    RCC_LTDCCLKDivConfig                     0x08002bc3   Thumb Code    20  stm32f4xx_rcc.o(.text)
    RCC_TIMCLKPresConfig                     0x08002bd7   Thumb Code     6  stm32f4xx_rcc.o(.text)
    RCC_AHB1PeriphClockCmd                   0x08002bdd   Thumb Code    34  stm32f4xx_rcc.o(.text)
    RCC_AHB2PeriphClockCmd                   0x08002bff   Thumb Code    78  stm32f4xx_rcc.o(.text)
    RCC_AHB3PeriphClockCmd                   0x08002c4d   Thumb Code    34  stm32f4xx_rcc.o(.text)
    RCC_APB1PeriphClockCmd                   0x08002c6f   Thumb Code    34  stm32f4xx_rcc.o(.text)
    RCC_APB2PeriphClockCmd                   0x08002c91   Thumb Code    34  stm32f4xx_rcc.o(.text)
    RCC_AHB1PeriphResetCmd                   0x08002cb3   Thumb Code    34  stm32f4xx_rcc.o(.text)
    RCC_AHB2PeriphResetCmd                   0x08002cd5   Thumb Code    34  stm32f4xx_rcc.o(.text)
    RCC_AHB3PeriphResetCmd                   0x08002cf7   Thumb Code    34  stm32f4xx_rcc.o(.text)
    RCC_APB1PeriphResetCmd                   0x08002d19   Thumb Code    34  stm32f4xx_rcc.o(.text)
    RCC_APB2PeriphResetCmd                   0x08002d3b   Thumb Code    34  stm32f4xx_rcc.o(.text)
    RCC_AHB1PeriphClockLPModeCmd             0x08002d5d   Thumb Code    34  stm32f4xx_rcc.o(.text)
    RCC_AHB2PeriphClockLPModeCmd             0x08002d7f   Thumb Code    34  stm32f4xx_rcc.o(.text)
    RCC_AHB3PeriphClockLPModeCmd             0x08002da1   Thumb Code    34  stm32f4xx_rcc.o(.text)
    RCC_APB1PeriphClockLPModeCmd             0x08002dc3   Thumb Code    34  stm32f4xx_rcc.o(.text)
    RCC_APB2PeriphClockLPModeCmd             0x08002de5   Thumb Code    34  stm32f4xx_rcc.o(.text)
    RCC_LSEModeConfig                        0x08002e07   Thumb Code    40  stm32f4xx_rcc.o(.text)
    RCC_ITConfig                             0x08002e2f   Thumb Code    34  stm32f4xx_rcc.o(.text)
    RCC_ClearFlag                            0x08002e51   Thumb Code    18  stm32f4xx_rcc.o(.text)
    RCC_GetITStatus                          0x08002e63   Thumb Code    22  stm32f4xx_rcc.o(.text)
    RCC_ClearITPendingBit                    0x08002e79   Thumb Code     8  stm32f4xx_rcc.o(.text)
    USART_DeInit                             0x08002e85   Thumb Code   206  stm32f4xx_usart.o(.text)
    USART_Init                               0x08002f53   Thumb Code   204  stm32f4xx_usart.o(.text)
    USART_StructInit                         0x0800301f   Thumb Code    24  stm32f4xx_usart.o(.text)
    USART_ClockInit                          0x08003037   Thumb Code    32  stm32f4xx_usart.o(.text)
    USART_ClockStructInit                    0x08003057   Thumb Code    12  stm32f4xx_usart.o(.text)
    USART_Cmd                                0x08003063   Thumb Code    24  stm32f4xx_usart.o(.text)
    USART_SetPrescaler                       0x0800307b   Thumb Code    16  stm32f4xx_usart.o(.text)
    USART_OverSampling8Cmd                   0x0800308b   Thumb Code    22  stm32f4xx_usart.o(.text)
    USART_OneBitMethodCmd                    0x080030a1   Thumb Code    24  stm32f4xx_usart.o(.text)
    USART_SendData                           0x080030b9   Thumb Code     8  stm32f4xx_usart.o(.text)
    USART_ReceiveData                        0x080030c1   Thumb Code    10  stm32f4xx_usart.o(.text)
    USART_SetAddress                         0x080030cb   Thumb Code    18  stm32f4xx_usart.o(.text)
    USART_ReceiverWakeUpCmd                  0x080030dd   Thumb Code    24  stm32f4xx_usart.o(.text)
    USART_WakeUpConfig                       0x080030f5   Thumb Code    18  stm32f4xx_usart.o(.text)
    USART_LINBreakDetectLengthConfig         0x08003107   Thumb Code    18  stm32f4xx_usart.o(.text)
    USART_LINCmd                             0x08003119   Thumb Code    24  stm32f4xx_usart.o(.text)
    USART_SendBreak                          0x08003131   Thumb Code    10  stm32f4xx_usart.o(.text)
    USART_HalfDuplexCmd                      0x0800313b   Thumb Code    24  stm32f4xx_usart.o(.text)
    USART_SetGuardTime                       0x08003153   Thumb Code    16  stm32f4xx_usart.o(.text)
    USART_SmartCardCmd                       0x08003163   Thumb Code    24  stm32f4xx_usart.o(.text)
    USART_SmartCardNACKCmd                   0x0800317b   Thumb Code    24  stm32f4xx_usart.o(.text)
    USART_IrDAConfig                         0x08003193   Thumb Code    18  stm32f4xx_usart.o(.text)
    USART_IrDACmd                            0x080031a5   Thumb Code    24  stm32f4xx_usart.o(.text)
    USART_DMACmd                             0x080031bd   Thumb Code    18  stm32f4xx_usart.o(.text)
    USART_ITConfig                           0x080031cf   Thumb Code    74  stm32f4xx_usart.o(.text)
    USART_GetFlagStatus                      0x08003219   Thumb Code    26  stm32f4xx_usart.o(.text)
    USART_ClearFlag                          0x08003233   Thumb Code    18  stm32f4xx_usart.o(.text)
    USART_GetITStatus                        0x08003245   Thumb Code   118  stm32f4xx_usart.o(.text)
    USART_ClearITPendingBit                  0x080032bb   Thumb Code    30  stm32f4xx_usart.o(.text)
    SYSCFG_DeInit                            0x080032d9   Thumb Code    22  stm32f4xx_syscfg.o(.text)
    SYSCFG_MemoryRemapConfig                 0x080032ef   Thumb Code     6  stm32f4xx_syscfg.o(.text)
    SYSCFG_MemorySwappingBank                0x080032f5   Thumb Code     6  stm32f4xx_syscfg.o(.text)
    SYSCFG_EXTILineConfig                    0x080032fb   Thumb Code    66  stm32f4xx_syscfg.o(.text)
    SYSCFG_ETH_MediaInterfaceConfig          0x0800333d   Thumb Code     8  stm32f4xx_syscfg.o(.text)
    SYSCFG_CompensationCellCmd               0x08003345   Thumb Code     6  stm32f4xx_syscfg.o(.text)
    SYSCFG_GetCompensationCellStatus         0x0800334b   Thumb Code    22  stm32f4xx_syscfg.o(.text)
    TIM_DeInit                               0x0800336d   Thumb Code   346  stm32f4xx_tim.o(.text)
    TIM_TimeBaseInit                         0x080034c7   Thumb Code   104  stm32f4xx_tim.o(.text)
    TIM_TimeBaseStructInit                   0x0800352f   Thumb Code    18  stm32f4xx_tim.o(.text)
    TIM_PrescalerConfig                      0x08003541   Thumb Code     6  stm32f4xx_tim.o(.text)
    TIM_CounterModeConfig                    0x08003547   Thumb Code    18  stm32f4xx_tim.o(.text)
    TIM_SetCounter                           0x08003559   Thumb Code     4  stm32f4xx_tim.o(.text)
    TIM_SetAutoreload                        0x0800355d   Thumb Code     4  stm32f4xx_tim.o(.text)
    TIM_GetCounter                           0x08003561   Thumb Code     6  stm32f4xx_tim.o(.text)
    TIM_GetPrescaler                         0x08003567   Thumb Code     6  stm32f4xx_tim.o(.text)
    TIM_UpdateDisableConfig                  0x0800356d   Thumb Code    24  stm32f4xx_tim.o(.text)
    TIM_UpdateRequestConfig                  0x08003585   Thumb Code    24  stm32f4xx_tim.o(.text)
    TIM_ARRPreloadConfig                     0x0800359d   Thumb Code    24  stm32f4xx_tim.o(.text)
    TIM_SelectOnePulseMode                   0x080035b5   Thumb Code    18  stm32f4xx_tim.o(.text)
    TIM_SetClockDivision                     0x080035c7   Thumb Code    18  stm32f4xx_tim.o(.text)
    TIM_Cmd                                  0x080035d9   Thumb Code    24  stm32f4xx_tim.o(.text)
    TIM_OC1Init                              0x080035f1   Thumb Code   114  stm32f4xx_tim.o(.text)
    TIM_OC2Init                              0x08003663   Thumb Code   154  stm32f4xx_tim.o(.text)
    TIM_OC3Init                              0x080036fd   Thumb Code   204  stm32f4xx_tim.o(.text)
    TIM_OC4Init                              0x080037c9   Thumb Code   112  stm32f4xx_tim.o(.text)
    TIM_OCStructInit                         0x08003839   Thumb Code    20  stm32f4xx_tim.o(.text)
    TIM_SelectOCxM                           0x0800384d   Thumb Code    86  stm32f4xx_tim.o(.text)
    TIM_SetCompare1                          0x080038a3   Thumb Code     4  stm32f4xx_tim.o(.text)
    TIM_SetCompare2                          0x080038a7   Thumb Code     4  stm32f4xx_tim.o(.text)
    TIM_SetCompare3                          0x080038ab   Thumb Code     4  stm32f4xx_tim.o(.text)
    TIM_SetCompare4                          0x080038af   Thumb Code     4  stm32f4xx_tim.o(.text)
    TIM_ForcedOC1Config                      0x080038b3   Thumb Code    18  stm32f4xx_tim.o(.text)
    TIM_ForcedOC2Config                      0x080038c5   Thumb Code    26  stm32f4xx_tim.o(.text)
    TIM_ForcedOC3Config                      0x080038df   Thumb Code    18  stm32f4xx_tim.o(.text)
    TIM_ForcedOC4Config                      0x080038f1   Thumb Code    26  stm32f4xx_tim.o(.text)
    TIM_OC1PreloadConfig                     0x0800390b   Thumb Code    18  stm32f4xx_tim.o(.text)
    TIM_OC2PreloadConfig                     0x0800391d   Thumb Code    26  stm32f4xx_tim.o(.text)
    TIM_OC3PreloadConfig                     0x08003937   Thumb Code    18  stm32f4xx_tim.o(.text)
    TIM_OC4PreloadConfig                     0x08003949   Thumb Code    26  stm32f4xx_tim.o(.text)
    TIM_OC1FastConfig                        0x08003963   Thumb Code    18  stm32f4xx_tim.o(.text)
    TIM_OC2FastConfig                        0x08003975   Thumb Code    26  stm32f4xx_tim.o(.text)
    TIM_OC3FastConfig                        0x0800398f   Thumb Code    18  stm32f4xx_tim.o(.text)
    TIM_OC4FastConfig                        0x080039a1   Thumb Code    26  stm32f4xx_tim.o(.text)
    TIM_ClearOC1Ref                          0x080039bb   Thumb Code    18  stm32f4xx_tim.o(.text)
    TIM_ClearOC2Ref                          0x080039cd   Thumb Code    24  stm32f4xx_tim.o(.text)
    TIM_ClearOC3Ref                          0x080039e5   Thumb Code    18  stm32f4xx_tim.o(.text)
    TIM_ClearOC4Ref                          0x080039f7   Thumb Code    24  stm32f4xx_tim.o(.text)
    TIM_OC1PolarityConfig                    0x08003a0f   Thumb Code    18  stm32f4xx_tim.o(.text)
    TIM_OC1NPolarityConfig                   0x08003a21   Thumb Code    18  stm32f4xx_tim.o(.text)
    TIM_OC2PolarityConfig                    0x08003a33   Thumb Code    26  stm32f4xx_tim.o(.text)
    TIM_OC2NPolarityConfig                   0x08003a4d   Thumb Code    26  stm32f4xx_tim.o(.text)
    TIM_OC3PolarityConfig                    0x08003a67   Thumb Code    26  stm32f4xx_tim.o(.text)
    TIM_OC3NPolarityConfig                   0x08003a81   Thumb Code    26  stm32f4xx_tim.o(.text)
    TIM_OC4PolarityConfig                    0x08003a9b   Thumb Code    26  stm32f4xx_tim.o(.text)
    TIM_CCxCmd                               0x08003ab5   Thumb Code    30  stm32f4xx_tim.o(.text)
    TIM_CCxNCmd                              0x08003ad3   Thumb Code    30  stm32f4xx_tim.o(.text)
    TIM_SetIC4Prescaler                      0x08003af1   Thumb Code    26  stm32f4xx_tim.o(.text)
    TIM_SetIC3Prescaler                      0x08003b5b   Thumb Code    18  stm32f4xx_tim.o(.text)
    TIM_SetIC2Prescaler                      0x08003bb5   Thumb Code    26  stm32f4xx_tim.o(.text)
    TIM_SetIC1Prescaler                      0x08003c29   Thumb Code    18  stm32f4xx_tim.o(.text)
    TIM_ICInit                               0x08003c75   Thumb Code   110  stm32f4xx_tim.o(.text)
    TIM_ICStructInit                         0x08003ce3   Thumb Code    18  stm32f4xx_tim.o(.text)
    TIM_PWMIConfig                           0x08003cf5   Thumb Code   124  stm32f4xx_tim.o(.text)
    TIM_GetCapture1                          0x08003d71   Thumb Code     6  stm32f4xx_tim.o(.text)
    TIM_GetCapture2                          0x08003d77   Thumb Code     6  stm32f4xx_tim.o(.text)
    TIM_GetCapture3                          0x08003d7d   Thumb Code     6  stm32f4xx_tim.o(.text)
    TIM_GetCapture4                          0x08003d83   Thumb Code     6  stm32f4xx_tim.o(.text)
    TIM_BDTRConfig                           0x08003d89   Thumb Code    32  stm32f4xx_tim.o(.text)
    TIM_BDTRStructInit                       0x08003da9   Thumb Code    18  stm32f4xx_tim.o(.text)
    TIM_CtrlPWMOutputs                       0x08003dbb   Thumb Code    30  stm32f4xx_tim.o(.text)
    TIM_SelectCOM                            0x08003dd9   Thumb Code    24  stm32f4xx_tim.o(.text)
    TIM_CCPreloadControl                     0x08003df1   Thumb Code    24  stm32f4xx_tim.o(.text)
    TIM_ITConfig                             0x08003e09   Thumb Code    18  stm32f4xx_tim.o(.text)
    TIM_GenerateEvent                        0x08003e1b   Thumb Code     4  stm32f4xx_tim.o(.text)
    TIM_GetFlagStatus                        0x08003e1f   Thumb Code    18  stm32f4xx_tim.o(.text)
    TIM_ClearFlag                            0x08003e31   Thumb Code     6  stm32f4xx_tim.o(.text)
    TIM_GetITStatus                          0x08003e37   Thumb Code    34  stm32f4xx_tim.o(.text)
    TIM_ClearITPendingBit                    0x08003e59   Thumb Code     6  stm32f4xx_tim.o(.text)
    TIM_DMAConfig                            0x08003e5f   Thumb Code    10  stm32f4xx_tim.o(.text)
    TIM_DMACmd                               0x08003e69   Thumb Code    18  stm32f4xx_tim.o(.text)
    TIM_SelectCCDMA                          0x08003e7b   Thumb Code    24  stm32f4xx_tim.o(.text)
    TIM_InternalClockConfig                  0x08003e93   Thumb Code    12  stm32f4xx_tim.o(.text)
    TIM_SelectInputTrigger                   0x08003e9f   Thumb Code    18  stm32f4xx_tim.o(.text)
    TIM_ITRxExternalClockConfig              0x08003eb1   Thumb Code    24  stm32f4xx_tim.o(.text)
    TIM_TIxExternalClockConfig               0x08003ec9   Thumb Code    62  stm32f4xx_tim.o(.text)
    TIM_ETRConfig                            0x08003f07   Thumb Code    28  stm32f4xx_tim.o(.text)
    TIM_ETRClockMode1Config                  0x08003f23   Thumb Code    54  stm32f4xx_tim.o(.text)
    TIM_ETRClockMode2Config                  0x08003f59   Thumb Code    32  stm32f4xx_tim.o(.text)
    TIM_SelectOutputTrigger                  0x08003f79   Thumb Code    18  stm32f4xx_tim.o(.text)
    TIM_SelectSlaveMode                      0x08003f8b   Thumb Code    18  stm32f4xx_tim.o(.text)
    TIM_SelectMasterSlaveMode                0x08003f9d   Thumb Code    18  stm32f4xx_tim.o(.text)
    TIM_EncoderInterfaceConfig               0x08003faf   Thumb Code    66  stm32f4xx_tim.o(.text)
    TIM_SelectHallSensor                     0x08003ff1   Thumb Code    24  stm32f4xx_tim.o(.text)
    TIM_RemapConfig                          0x08004009   Thumb Code     6  stm32f4xx_tim.o(.text)
    EXTI_DeInit                              0x08004011   Thumb Code    28  stm32f4xx_exti.o(.text)
    EXTI_Init                                0x0800402d   Thumb Code   142  stm32f4xx_exti.o(.text)
    EXTI_StructInit                          0x080040bb   Thumb Code    16  stm32f4xx_exti.o(.text)
    EXTI_GenerateSWInterrupt                 0x080040cb   Thumb Code    16  stm32f4xx_exti.o(.text)
    EXTI_GetFlagStatus                       0x080040db   Thumb Code    22  stm32f4xx_exti.o(.text)
    EXTI_ClearFlag                           0x080040f1   Thumb Code     8  stm32f4xx_exti.o(.text)
    EXTI_GetITStatus                         0x080040f9   Thumb Code    22  stm32f4xx_exti.o(.text)
    EXTI_ClearITPendingBit                   0x0800410f   Thumb Code     8  stm32f4xx_exti.o(.text)
    handle_threshold                         0x08004121   Thumb Code   124  common.o(.text)
    check_app_cmd                            0x0800419d   Thumb Code   132  common.o(.text)
    atk_8266_at_response                     0x08004221   Thumb Code   130  common.o(.text)
    atk_8266_check_cmd                       0x080042a3   Thumb Code    44  common.o(.text)
    atk_8266_send_cmd                        0x080042cf   Thumb Code    92  common.o(.text)
    atk_8266_send_data                       0x0800432b   Thumb Code    84  common.o(.text)
    atk_8266_quit_trans                      0x0800437f   Thumb Code   100  common.o(.text)
    atk_8266_consta_check                    0x080043e3   Thumb Code    36  common.o(.text)
    atk_8266_get_ip                          0x08004407   Thumb Code    50  common.o(.text)
    atk_8266_mode_cofig                      0x08004439   Thumb Code    24  common.o(.text)
    atk_8266_test                            0x08004451   Thumb Code    46  common.o(.text)
    atk_8266_wifista_init                    0x0800447f   Thumb Code   724  common.o(.text)
    sim800a_check_cmd                        0x08004785   Thumb Code    52  sim800a.o(.text)
    sim800a_send_cmd                         0x080047b9   Thumb Code    92  sim800a.o(.text)
    sim800a_send_data                        0x08004815   Thumb Code    84  sim800a.o(.text)
    sim800a_pdu_init                         0x08004869   Thumb Code    64  sim800a.o(.text)
    sim800a_send_warning                     0x080048a9   Thumb Code    70  sim800a.o(.text)
    USART6_IRQHandler                        0x08004a29   Thumb Code    96  usart6.o(.text)
    usart6_init                              0x08004a89   Thumb Code   188  usart6.o(.text)
    u6_printf                                0x08004b45   Thumb Code    72  usart6.o(.text)
    __use_no_semihosting                     0x08004ba5   Thumb Code     2  use_no_semi_2.o(.text)
    __c89vsprintf                            0x08004ba9   Thumb Code    32  c89vsprintf.o(.text)
    __2printf                                0x08004bcd   Thumb Code    20  __2printf.o(.text)
    __2sprintf                               0x08004be5   Thumb Code    38  __2sprintf.o(.text)
    _printf_pre_padding                      0x08004c11   Thumb Code    44  _printf_pad.o(.text)
    _printf_post_padding                     0x08004c3d   Thumb Code    34  _printf_pad.o(.text)
    _printf_str                              0x08004c5f   Thumb Code    82  _printf_str.o(.text)
    _printf_int_dec                          0x08004cb1   Thumb Code   104  _printf_dec.o(.text)
    __printf                                 0x08004d29   Thumb Code   388  __printf_flags_ss_wp.o(.text)
    atoi                                     0x08004eb1   Thumb Code    26  atoi.o(.text)
    strtok                                   0x08004ecd   Thumb Code     6  strtok.o(.text)
    strstr                                   0x08004ed9   Thumb Code    36  strstr.o(.text)
    strlen                                   0x08004efd   Thumb Code    62  strlen.o(.text)
    __aeabi_memclr4                          0x08004f3b   Thumb Code     0  rt_memclr_w.o(.text)
    __aeabi_memclr8                          0x08004f3b   Thumb Code     0  rt_memclr_w.o(.text)
    __rt_memclr_w                            0x08004f3b   Thumb Code    78  rt_memclr_w.o(.text)
    _memset_w                                0x08004f3f   Thumb Code     0  rt_memclr_w.o(.text)
    __use_two_region_memory                  0x08004f89   Thumb Code     2  heapauxi.o(.text)
    __rt_heap_escrow$2region                 0x08004f8b   Thumb Code     2  heapauxi.o(.text)
    __rt_heap_expand$2region                 0x08004f8d   Thumb Code     2  heapauxi.o(.text)
    __I$use$semihosting                      0x08004f8f   Thumb Code     0  use_no_semi.o(.text)
    __use_no_semihosting_swi                 0x08004f8f   Thumb Code     2  use_no_semi.o(.text)
    __aeabi_errno_addr                       0x08004f91   Thumb Code     8  rt_errno_addr_intlibspace.o(.text)
    __errno$intlibspace                      0x08004f91   Thumb Code     0  rt_errno_addr_intlibspace.o(.text)
    __rt_errno_addr$intlibspace              0x08004f91   Thumb Code     0  rt_errno_addr_intlibspace.o(.text)
    __read_errno                             0x08004f99   Thumb Code    10  _rserrno.o(.text)
    __set_errno                              0x08004fa3   Thumb Code    12  _rserrno.o(.text)
    _printf_truncate_signed                  0x08004faf   Thumb Code    18  _printf_truncate.o(.text)
    _printf_truncate_unsigned                0x08004fc1   Thumb Code    18  _printf_truncate.o(.text)
    _printf_int_common                       0x08004fd3   Thumb Code   178  _printf_intcommon.o(.text)
    _printf_charcount                        0x08005085   Thumb Code    40  _printf_charcount.o(.text)
    _printf_char_common                      0x080050b7   Thumb Code    32  _printf_char_common.o(.text)
    _sputc                                   0x080050dd   Thumb Code    10  _sputc.o(.text)
    _printf_cs_common                        0x080050e7   Thumb Code    20  _printf_char.o(.text)
    _printf_char                             0x080050fb   Thumb Code    16  _printf_char.o(.text)
    _printf_string                           0x0800510b   Thumb Code     8  _printf_char.o(.text)
    _printf_char_file                        0x08005115   Thumb Code    32  _printf_char_file.o(.text)
    _printf_wctomb                           0x08005139   Thumb Code   182  _printf_wctomb.o(.text)
    _printf_longlong_dec                     0x080051f5   Thumb Code   108  _printf_longlong_dec.o(.text)
    _printf_longlong_oct                     0x08005271   Thumb Code    66  _printf_oct_int_ll.o(.text)
    _printf_int_oct                          0x080052b3   Thumb Code    24  _printf_oct_int_ll.o(.text)
    _printf_ll_oct                           0x080052cb   Thumb Code    12  _printf_oct_int_ll.o(.text)
    _printf_longlong_hex                     0x080052e1   Thumb Code    86  _printf_hex_int_ll_ptr.o(.text)
    _printf_int_hex                          0x08005337   Thumb Code    28  _printf_hex_int_ll_ptr.o(.text)
    _printf_ll_hex                           0x08005353   Thumb Code    12  _printf_hex_int_ll_ptr.o(.text)
    _printf_hex_ptr                          0x0800535f   Thumb Code    18  _printf_hex_int_ll_ptr.o(.text)
    strtol                                   0x08005375   Thumb Code   112  strtol.o(.text)
    __strtok_internal                        0x080053e5   Thumb Code    64  strtok_int.o(.text)
    __user_libspace                          0x08005429   Thumb Code     8  libspace.o(.text)
    __user_perproc_libspace                  0x08005429   Thumb Code     0  libspace.o(.text)
    __user_perthread_libspace                0x08005429   Thumb Code     0  libspace.o(.text)
    __rt_ctype_table                         0x08005431   Thumb Code    16  rt_ctype_table.o(.text)
    _ll_udiv10                               0x08005441   Thumb Code   138  lludiv10.o(.text)
    __lib_sel_fp_printf                      0x080054cb   Thumb Code     2  _printf_fp_dec.o(.text)
    _printf_fp_dec_real                      0x0800567d   Thumb Code   620  _printf_fp_dec.o(.text)
    _printf_lcs_common                       0x080058e9   Thumb Code    20  _printf_wchar.o(.text)
    _printf_wchar                            0x080058fd   Thumb Code    16  _printf_wchar.o(.text)
    _printf_wstring                          0x0800590d   Thumb Code     8  _printf_wchar.o(.text)
    _strtoul                                 0x08005915   Thumb Code   158  _strtoul.o(.text)
    ferror                                   0x080059b3   Thumb Code     8  ferror.o(.text)
    _wcrtomb                                 0x080059bb   Thumb Code    64  _wcrtomb.o(.text)
    strcspn                                  0x080059fb   Thumb Code    32  strcspn.o(.text)
    strspn                                   0x08005a1b   Thumb Code    28  strspn.o(.text)
    __user_setup_stackheap                   0x08005a37   Thumb Code    74  sys_stackheap_outer.o(.text)
    __rt_locale                              0x08005a81   Thumb Code     8  rt_locale_intlibspace.o(.text)
    _printf_fp_infnan                        0x08005a89   Thumb Code   112  _printf_fp_infnan.o(.text)
    _chval                                   0x08005b09   Thumb Code    28  _chval.o(.text)
    _btod_etento                             0x08005b25   Thumb Code   224  bigflt0.o(.text)
    exit                                     0x08005c09   Thumb Code    18  exit.o(.text)
    strcmp                                   0x08005c1d   Thumb Code   128  strcmpv7m.o(.text)
    _btod_d2e                                0x08005c9d   Thumb Code    62  btod.o(CL$$btod_d2e)
    _d2e_denorm_low                          0x08005cdb   Thumb Code    70  btod.o(CL$$btod_d2e_denorm_low)
    _d2e_norm_op1                            0x08005d21   Thumb Code    96  btod.o(CL$$btod_d2e_norm_op1)
    __btod_div_common                        0x08005d81   Thumb Code   696  btod.o(CL$$btod_div_common)
    _e2e                                     0x080060b9   Thumb Code   220  btod.o(CL$$btod_e2e)
    _btod_ediv                               0x08006195   Thumb Code    42  btod.o(CL$$btod_ediv)
    _btod_emul                               0x080061bf   Thumb Code    42  btod.o(CL$$btod_emul)
    __btod_mult_common                       0x080061e9   Thumb Code   580  btod.o(CL$$btod_mult_common)
    __ARM_fpclassify                         0x0800642d   Thumb Code    48  fpclassify.o(i.__ARM_fpclassify)
    __hardfp_pow                             0x08006461   Thumb Code  3072  pow.o(i.__hardfp_pow)
    __kernel_poly                            0x080070b1   Thumb Code   248  poly.o(i.__kernel_poly)
    __mathlib_dbl_divzero                    0x080071a9   Thumb Code    28  dunder.o(i.__mathlib_dbl_divzero)
    __mathlib_dbl_infnan2                    0x080071d9   Thumb Code    20  dunder.o(i.__mathlib_dbl_infnan2)
    __mathlib_dbl_invalid                    0x080071f1   Thumb Code    24  dunder.o(i.__mathlib_dbl_invalid)
    __mathlib_dbl_overflow                   0x08007211   Thumb Code    24  dunder.o(i.__mathlib_dbl_overflow)
    __mathlib_dbl_underflow                  0x08007231   Thumb Code    24  dunder.o(i.__mathlib_dbl_underflow)
    _is_digit                                0x08007251   Thumb Code    14  __printf_wp.o(i._is_digit)
    fabs                                     0x0800725f   Thumb Code    24  fabs.o(i.fabs)
    sqrt                                     0x08007277   Thumb Code   110  sqrt.o(i.sqrt)
    _get_lc_ctype                            0x080072e5   Thumb Code    44  lc_ctype_c.o(locale$$code)
    _get_lc_numeric                          0x08007311   Thumb Code    44  lc_numeric_c.o(locale$$code)
    __aeabi_dneg                             0x0800733d   Thumb Code     0  basic.o(x$fpl$basic)
    _dneg                                    0x0800733d   Thumb Code     6  basic.o(x$fpl$basic)
    __aeabi_fneg                             0x08007343   Thumb Code     0  basic.o(x$fpl$basic)
    _fneg                                    0x08007343   Thumb Code     6  basic.o(x$fpl$basic)
    _dabs                                    0x08007349   Thumb Code     6  basic.o(x$fpl$basic)
    _fabs                                    0x0800734f   Thumb Code     6  basic.o(x$fpl$basic)
    __aeabi_d2f                              0x08007355   Thumb Code     0  d2f.o(x$fpl$d2f)
    _d2f                                     0x08007355   Thumb Code    98  d2f.o(x$fpl$d2f)
    __aeabi_dadd                             0x080073b9   Thumb Code     0  daddsub_clz.o(x$fpl$dadd)
    _dadd                                    0x080073b9   Thumb Code   332  daddsub_clz.o(x$fpl$dadd)
    __fpl_dcheck_NaN1                        0x08007509   Thumb Code    10  dcheck1.o(x$fpl$dcheck1)
    __fpl_dcmp_Inf                           0x08007519   Thumb Code    24  dcmpi.o(x$fpl$dcmpinf)
    __aeabi_ddiv                             0x08007531   Thumb Code     0  ddiv.o(x$fpl$ddiv)
    _ddiv                                    0x08007531   Thumb Code   552  ddiv.o(x$fpl$ddiv)
    __aeabi_i2d                              0x080077e1   Thumb Code     0  dflt_clz.o(x$fpl$dflt)
    _dflt                                    0x080077e1   Thumb Code    46  dflt_clz.o(x$fpl$dflt)
    __aeabi_cdcmple                          0x08007811   Thumb Code     0  dleqf.o(x$fpl$dleqf)
    _dcmple                                  0x08007811   Thumb Code   120  dleqf.o(x$fpl$dleqf)
    __fpl_dcmple_InfNaN                      0x08007873   Thumb Code     0  dleqf.o(x$fpl$dleqf)
    __aeabi_dmul                             0x08007889   Thumb Code     0  dmul.o(x$fpl$dmul)
    _dmul                                    0x08007889   Thumb Code   332  dmul.o(x$fpl$dmul)
    __fpl_dnaninf                            0x080079dd   Thumb Code   156  dnaninf.o(x$fpl$dnaninf)
    __fpl_dretinf                            0x08007a79   Thumb Code    12  dretinf.o(x$fpl$dretinf)
    __aeabi_cdrcmple                         0x08007a85   Thumb Code     0  drleqf.o(x$fpl$drleqf)
    _drcmple                                 0x08007a85   Thumb Code   108  drleqf.o(x$fpl$drleqf)
    __aeabi_drsub                            0x08007af1   Thumb Code     0  daddsub_clz.o(x$fpl$drsb)
    _drsb                                    0x08007af1   Thumb Code    22  daddsub_clz.o(x$fpl$drsb)
    _dsqrt                                   0x08007b09   Thumb Code   404  dsqrt_umaal.o(x$fpl$dsqrt)
    __aeabi_dsub                             0x08007ca1   Thumb Code     0  daddsub_clz.o(x$fpl$dsub)
    _dsub                                    0x08007ca1   Thumb Code   464  daddsub_clz.o(x$fpl$dsub)
    __aeabi_f2d                              0x08007e75   Thumb Code     0  f2d.o(x$fpl$f2d)
    _f2d                                     0x08007e75   Thumb Code    86  f2d.o(x$fpl$f2d)
    __fpl_fnaninf                            0x08007ecb   Thumb Code   140  fnaninf.o(x$fpl$fnaninf)
    _fp_init                                 0x08007f57   Thumb Code    10  fpinit.o(x$fpl$fpinit)
    __fplib_config_fpu_vfp                   0x08007f5f   Thumb Code     0  fpinit.o(x$fpl$fpinit)
    __fplib_config_pureend_doubles           0x08007f5f   Thumb Code     0  fpinit.o(x$fpl$fpinit)
    __fpl_fretinf                            0x08007f61   Thumb Code    10  fretinf.o(x$fpl$fretinf)
    _printf_fp_dec                           0x08007f6b   Thumb Code     4  printf1.o(x$fpl$printf1)
    __fpl_return_NaN                         0x08007f6f   Thumb Code   100  retnan.o(x$fpl$retnan)
    __ARM_scalbn                             0x08007fd3   Thumb Code    92  scalbn.o(x$fpl$scalbn)
    __fpl_cmpreturn                          0x0800802f   Thumb Code    48  trapv.o(x$fpl$trapveneer)
    F16x16                                   0x0800805e   Data         576  oled.o(.constdata)
    __I$use$fp                               0x0800805e   Number         0  usenofp.o(x$fpl$usenofp)
    F6x8                                     0x0800829e   Data         552  oled.o(.constdata)
    F8X16                                    0x080084c6   Data        1520  oled.o(.constdata)
    __mathlib_zero                           0x08008b80   Data           8  qnan.o(.constdata)
    Region$$Table$$Base                      0x08008c98   Number         0  anon$$obj.o(Region$$Table)
    Region$$Table$$Limit                     0x08008cb8   Number         0  anon$$obj.o(Region$$Table)
    __ctype                                  0x08008cc5   Data           0  lc_ctype_c.o(locale$$data)
    window_isOpen                            0x20000000   Data           1  main.o(.data)
    rain                                     0x20000001   Data           1  main.o(.data)
    enter_home                               0x20000002   Data           1  main.o(.data)
    open_window_flag                         0x20000003   Data           1  main.o(.data)
    close_window_flag                        0x20000004   Data           1  main.o(.data)
    update_window_status                     0x20000005   Data           1  main.o(.data)
    temp_threshold                           0x20000006   Data           1  main.o(.data)
    humi_threshold                           0x20000007   Data           1  main.o(.data)
    wind_threshold                           0x20000008   Data           1  main.o(.data)
    somok_threshold                          0x20000009   Data           1  main.o(.data)
    ip                                       0x2000000c   Data           4  main.o(.data)
    SystemCoreClock                          0x20000010   Data           4  system_stm32f4xx.o(.data)
    AHBPrescTable                            0x20000014   Data          16  system_stm32f4xx.o(.data)
    raint_count                              0x20000024   Data           1  exti.o(.data)
    mh1                                      0x20000025   Data           1  exti.o(.data)
    mh2                                      0x20000026   Data           1  exti.o(.data)
    USART3_RX_STA                            0x20000028   Data           2  usart3.o(.data)
    CaptureNumber                            0x2000002c   Data           4  encoder.o(.data)
    My6x8                                    0x20000030   Data           6  oled.o(.data)
    __stdout                                 0x2000003c   Data           4  usart.o(.data)
    USART_RX_STA                             0x20000040   Data           2  usart.o(.data)
    portnum                                  0x20000054   Data           4  common.o(.data)
    wifista_ssid                             0x20000058   Data           4  common.o(.data)
    wifista_password                         0x2000005c   Data           4  common.o(.data)
    isAlive                                  0x20000060   Data           1  common.o(.data)
    msg_warning                              0x20000064   Data           4  sim800a.o(.data)
    USART6_RX_STA                            0x20000068   Data           2  usart6.o(.data)
    USART3_TX_BUF                            0x20000070   Data         400  usart3.o(.bss)
    USART3_RX_BUF                            0x20000200   Data         400  usart3.o(.bss)
    My8x16                                   0x20000390   Data          16  oled.o(.bss)
    USART_RX_BUF                             0x200003a0   Data         200  usart.o(.bss)
    USART6_TX_BUF                            0x20000468   Data         400  usart6.o(.bss)
    USART6_RX_BUF                            0x200005f8   Data         400  usart6.o(.bss)
    __libspace_start                         0x20000788   Data          96  libspace.o(.bss)
    __temporary_stack_top$libspace           0x200007e8   Data           0  libspace.o(.bss)



==============================================================================

Memory Map of the image

  Image Entry point : 0x08000189

  Load Region LR_IROM1 (Base: 0x08000000, Size: 0x00008e54, Max: 0x00080000, ABSOLUTE)

    Execution Region ER_IROM1 (Exec base: 0x08000000, Load base: 0x08000000, Size: 0x00008de4, Max: 0x00080000, ABSOLUTE)

    Exec Addr    Load Addr    Size         Type   Attr      Idx    E Section Name        Object

    0x08000000   0x08000000   0x00000188   Data   RO          600    RESET               startup_stm32f40_41xxx.o
    0x08000188   0x08000188   0x00000008   Code   RO          935  * !!!main             c_w.l(__main.o)
    0x08000190   0x08000190   0x00000034   Code   RO         1335    !!!scatter          c_w.l(__scatter.o)
    0x080001c4   0x080001c4   0x0000001a   Code   RO         1337    !!handler_copy      c_w.l(__scatter_copy.o)
    0x080001de   0x080001de   0x00000002   PAD
    0x080001e0   0x080001e0   0x0000001c   Code   RO         1339    !!handler_zi        c_w.l(__scatter_zi.o)
    0x080001fc   0x080001fc   0x00000000   Code   RO          921    .ARM.Collect$$_printf_percent$$00000000  c_w.l(_printf_percent.o)
    0x080001fc   0x080001fc   0x00000006   Code   RO         1013    .ARM.Collect$$_printf_percent$$00000001  c_w.l(_printf_n.o)
    0x08000202   0x08000202   0x00000006   Code   RO         1015    .ARM.Collect$$_printf_percent$$00000002  c_w.l(_printf_p.o)
    0x08000208   0x08000208   0x00000006   Code   RO         1019    .ARM.Collect$$_printf_percent$$00000003  c_w.l(_printf_f.o)
    0x0800020e   0x0800020e   0x00000006   Code   RO         1020    .ARM.Collect$$_printf_percent$$00000004  c_w.l(_printf_e.o)
    0x08000214   0x08000214   0x00000006   Code   RO         1021    .ARM.Collect$$_printf_percent$$00000005  c_w.l(_printf_g.o)
    0x0800021a   0x0800021a   0x00000006   Code   RO         1022    .ARM.Collect$$_printf_percent$$00000006  c_w.l(_printf_a.o)
    0x08000220   0x08000220   0x0000000a   Code   RO         1027    .ARM.Collect$$_printf_percent$$00000007  c_w.l(_printf_ll.o)
    0x0800022a   0x0800022a   0x00000006   Code   RO         1017    .ARM.Collect$$_printf_percent$$00000008  c_w.l(_printf_i.o)
    0x08000230   0x08000230   0x00000006   Code   RO          920    .ARM.Collect$$_printf_percent$$00000009  c_w.l(_printf_d.o)
    0x08000236   0x08000236   0x00000006   Code   RO         1018    .ARM.Collect$$_printf_percent$$0000000A  c_w.l(_printf_u.o)
    0x0800023c   0x0800023c   0x00000006   Code   RO         1016    .ARM.Collect$$_printf_percent$$0000000B  c_w.l(_printf_o.o)
    0x08000242   0x08000242   0x00000006   Code   RO         1014    .ARM.Collect$$_printf_percent$$0000000C  c_w.l(_printf_x.o)
    0x08000248   0x08000248   0x00000006   Code   RO         1024    .ARM.Collect$$_printf_percent$$0000000D  c_w.l(_printf_lli.o)
    0x0800024e   0x0800024e   0x00000006   Code   RO         1025    .ARM.Collect$$_printf_percent$$0000000E  c_w.l(_printf_lld.o)
    0x08000254   0x08000254   0x00000006   Code   RO         1026    .ARM.Collect$$_printf_percent$$0000000F  c_w.l(_printf_llu.o)
    0x0800025a   0x0800025a   0x00000006   Code   RO         1031    .ARM.Collect$$_printf_percent$$00000010  c_w.l(_printf_llo.o)
    0x08000260   0x08000260   0x00000006   Code   RO         1032    .ARM.Collect$$_printf_percent$$00000011  c_w.l(_printf_llx.o)
    0x08000266   0x08000266   0x0000000a   Code   RO         1028    .ARM.Collect$$_printf_percent$$00000012  c_w.l(_printf_l.o)
    0x08000270   0x08000270   0x00000006   Code   RO          918    .ARM.Collect$$_printf_percent$$00000013  c_w.l(_printf_c.o)
    0x08000276   0x08000276   0x00000006   Code   RO          919    .ARM.Collect$$_printf_percent$$00000014  c_w.l(_printf_s.o)
    0x0800027c   0x0800027c   0x00000006   Code   RO         1029    .ARM.Collect$$_printf_percent$$00000015  c_w.l(_printf_lc.o)
    0x08000282   0x08000282   0x00000006   Code   RO         1030    .ARM.Collect$$_printf_percent$$00000016  c_w.l(_printf_ls.o)
    0x08000288   0x08000288   0x00000004   Code   RO         1023    .ARM.Collect$$_printf_percent$$00000017  c_w.l(_printf_percent_end.o)
    0x0800028c   0x0800028c   0x00000002   Code   RO         1202    .ARM.Collect$$libinit$$00000000  c_w.l(libinit.o)
    0x0800028e   0x0800028e   0x00000004   Code   RO         1213    .ARM.Collect$$libinit$$00000001  c_w.l(libinit2.o)
    0x08000292   0x08000292   0x00000000   Code   RO         1216    .ARM.Collect$$libinit$$00000004  c_w.l(libinit2.o)
    0x08000292   0x08000292   0x00000000   Code   RO         1219    .ARM.Collect$$libinit$$0000000A  c_w.l(libinit2.o)
    0x08000292   0x08000292   0x00000000   Code   RO         1221    .ARM.Collect$$libinit$$0000000C  c_w.l(libinit2.o)
    0x08000292   0x08000292   0x00000000   Code   RO         1223    .ARM.Collect$$libinit$$0000000E  c_w.l(libinit2.o)
    0x08000292   0x08000292   0x00000006   Code   RO         1224    .ARM.Collect$$libinit$$0000000F  c_w.l(libinit2.o)
    0x08000298   0x08000298   0x00000000   Code   RO         1226    .ARM.Collect$$libinit$$00000011  c_w.l(libinit2.o)
    0x08000298   0x08000298   0x0000000c   Code   RO         1227    .ARM.Collect$$libinit$$00000012  c_w.l(libinit2.o)
    0x080002a4   0x080002a4   0x00000000   Code   RO         1228    .ARM.Collect$$libinit$$00000013  c_w.l(libinit2.o)
    0x080002a4   0x080002a4   0x00000000   Code   RO         1230    .ARM.Collect$$libinit$$00000015  c_w.l(libinit2.o)
    0x080002a4   0x080002a4   0x0000000a   Code   RO         1231    .ARM.Collect$$libinit$$00000016  c_w.l(libinit2.o)
    0x080002ae   0x080002ae   0x00000000   Code   RO         1232    .ARM.Collect$$libinit$$00000017  c_w.l(libinit2.o)
    0x080002ae   0x080002ae   0x00000000   Code   RO         1234    .ARM.Collect$$libinit$$00000019  c_w.l(libinit2.o)
    0x080002ae   0x080002ae   0x00000000   Code   RO         1236    .ARM.Collect$$libinit$$0000001B  c_w.l(libinit2.o)
    0x080002ae   0x080002ae   0x00000000   Code   RO         1238    .ARM.Collect$$libinit$$0000001D  c_w.l(libinit2.o)
    0x080002ae   0x080002ae   0x00000000   Code   RO         1240    .ARM.Collect$$libinit$$0000001F  c_w.l(libinit2.o)
    0x080002ae   0x080002ae   0x00000000   Code   RO         1242    .ARM.Collect$$libinit$$00000021  c_w.l(libinit2.o)
    0x080002ae   0x080002ae   0x00000000   Code   RO         1244    .ARM.Collect$$libinit$$00000023  c_w.l(libinit2.o)
    0x080002ae   0x080002ae   0x00000000   Code   RO         1246    .ARM.Collect$$libinit$$00000025  c_w.l(libinit2.o)
    0x080002ae   0x080002ae   0x00000000   Code   RO         1250    .ARM.Collect$$libinit$$0000002C  c_w.l(libinit2.o)
    0x080002ae   0x080002ae   0x00000000   Code   RO         1252    .ARM.Collect$$libinit$$0000002E  c_w.l(libinit2.o)
    0x080002ae   0x080002ae   0x00000000   Code   RO         1254    .ARM.Collect$$libinit$$00000030  c_w.l(libinit2.o)
    0x080002ae   0x080002ae   0x00000000   Code   RO         1256    .ARM.Collect$$libinit$$00000032  c_w.l(libinit2.o)
    0x080002ae   0x080002ae   0x00000002   Code   RO         1257    .ARM.Collect$$libinit$$00000033  c_w.l(libinit2.o)
    0x080002b0   0x080002b0   0x00000002   Code   RO         1277    .ARM.Collect$$libshutdown$$00000000  c_w.l(libshutdown.o)
    0x080002b2   0x080002b2   0x00000000   Code   RO         1287    .ARM.Collect$$libshutdown$$00000002  c_w.l(libshutdown2.o)
    0x080002b2   0x080002b2   0x00000000   Code   RO         1289    .ARM.Collect$$libshutdown$$00000004  c_w.l(libshutdown2.o)
    0x080002b2   0x080002b2   0x00000000   Code   RO         1292    .ARM.Collect$$libshutdown$$00000007  c_w.l(libshutdown2.o)
    0x080002b2   0x080002b2   0x00000000   Code   RO         1295    .ARM.Collect$$libshutdown$$0000000A  c_w.l(libshutdown2.o)
    0x080002b2   0x080002b2   0x00000000   Code   RO         1297    .ARM.Collect$$libshutdown$$0000000C  c_w.l(libshutdown2.o)
    0x080002b2   0x080002b2   0x00000000   Code   RO         1300    .ARM.Collect$$libshutdown$$0000000F  c_w.l(libshutdown2.o)
    0x080002b2   0x080002b2   0x00000002   Code   RO         1301    .ARM.Collect$$libshutdown$$00000010  c_w.l(libshutdown2.o)
    0x080002b4   0x080002b4   0x00000000   Code   RO          959    .ARM.Collect$$rtentry$$00000000  c_w.l(__rtentry.o)
    0x080002b4   0x080002b4   0x00000000   Code   RO         1111    .ARM.Collect$$rtentry$$00000002  c_w.l(__rtentry2.o)
    0x080002b4   0x080002b4   0x00000006   Code   RO         1123    .ARM.Collect$$rtentry$$00000004  c_w.l(__rtentry4.o)
    0x080002ba   0x080002ba   0x00000000   Code   RO         1113    .ARM.Collect$$rtentry$$00000009  c_w.l(__rtentry2.o)
    0x080002ba   0x080002ba   0x00000004   Code   RO         1114    .ARM.Collect$$rtentry$$0000000A  c_w.l(__rtentry2.o)
    0x080002be   0x080002be   0x00000000   Code   RO         1116    .ARM.Collect$$rtentry$$0000000C  c_w.l(__rtentry2.o)
    0x080002be   0x080002be   0x00000008   Code   RO         1117    .ARM.Collect$$rtentry$$0000000D  c_w.l(__rtentry2.o)
    0x080002c6   0x080002c6   0x00000002   Code   RO         1209    .ARM.Collect$$rtexit$$00000000  c_w.l(rtexit.o)
    0x080002c8   0x080002c8   0x00000000   Code   RO         1261    .ARM.Collect$$rtexit$$00000002  c_w.l(rtexit2.o)
    0x080002c8   0x080002c8   0x00000004   Code   RO         1262    .ARM.Collect$$rtexit$$00000003  c_w.l(rtexit2.o)
    0x080002cc   0x080002cc   0x00000006   Code   RO         1263    .ARM.Collect$$rtexit$$00000004  c_w.l(rtexit2.o)
    0x080002d2   0x080002d2   0x00000002   PAD
    0x080002d4   0x080002d4   0x00000680   Code   RO            3    .text               main.o
    0x08000954   0x08000954   0x0000001a   Code   RO          193    .text               stm32f4xx_it.o
    0x0800096e   0x0800096e   0x00000002   PAD
    0x08000970   0x08000970   0x00000210   Code   RO          242    .text               system_stm32f4xx.o
    0x08000b80   0x08000b80   0x00000040   Code   RO          268    .text               led.o
    0x08000bc0   0x08000bc0   0x000000e0   Code   RO          288    .text               adc.o
    0x08000ca0   0x08000ca0   0x000000d8   Code   RO          308    .text               mq_sensor.o
    0x08000d78   0x08000d78   0x00000034   Code   RO          332    .text               hc_sr501.o
    0x08000dac   0x08000dac   0x0000031c   Code   RO          355    .text               exti.o
    0x080010c8   0x080010c8   0x00000198   Code   RO          379    .text               dht11.o
    0x08001260   0x08001260   0x00000034   Code   RO          399    .text               rain_detect.o
    0x08001294   0x08001294   0x00000188   Code   RO          419    .text               usart3.o
    0x0800141c   0x0800141c   0x000001c4   Code   RO          456    .text               timer.o
    0x080015e0   0x080015e0   0x00000100   Code   RO          477    .text               encoder.o
    0x080016e0   0x080016e0   0x000006e0   Code   RO          503    .text               oled.o
    0x08001dc0   0x08001dc0   0x00000104   Code   RO          529    .text               delay.o
    0x08001ec4   0x08001ec4   0x0000014c   Code   RO          569    .text               usart.o
    0x08002010   0x08002010   0x00000040   Code   RO          601    .text               startup_stm32f40_41xxx.o
    0x08002050   0x08002050   0x000000e0   Code   RO          607    .text               misc.o
    0x08002130   0x08002130   0x00000464   Code   RO          627    .text               stm32f4xx_adc.o
    0x08002594   0x08002594   0x00000294   Code   RO          647    .text               stm32f4xx_gpio.o
    0x08002828   0x08002828   0x0000065c   Code   RO          690    .text               stm32f4xx_rcc.o
    0x08002e84   0x08002e84   0x00000454   Code   RO          712    .text               stm32f4xx_usart.o
    0x080032d8   0x080032d8   0x00000094   Code   RO          732    .text               stm32f4xx_syscfg.o
    0x0800336c   0x0800336c   0x00000ca2   Code   RO          752    .text               stm32f4xx_tim.o
    0x0800400e   0x0800400e   0x00000002   PAD
    0x08004010   0x08004010   0x00000110   Code   RO          772    .text               stm32f4xx_exti.o
    0x08004120   0x08004120   0x00000664   Code   RO          792    .text               common.o
    0x08004784   0x08004784   0x000002a4   Code   RO          823    .text               sim800a.o
    0x08004a28   0x08004a28   0x0000017c   Code   RO          851    .text               usart6.o
    0x08004ba4   0x08004ba4   0x00000002   Code   RO          878    .text               c_w.l(use_no_semi_2.o)
    0x08004ba6   0x08004ba6   0x00000002   PAD
    0x08004ba8   0x08004ba8   0x00000024   Code   RO          880    .text               c_w.l(c89vsprintf.o)
    0x08004bcc   0x08004bcc   0x00000018   Code   RO          882    .text               c_w.l(__2printf.o)
    0x08004be4   0x08004be4   0x0000002c   Code   RO          884    .text               c_w.l(__2sprintf.o)
    0x08004c10   0x08004c10   0x0000004e   Code   RO          892    .text               c_w.l(_printf_pad.o)
    0x08004c5e   0x08004c5e   0x00000052   Code   RO          894    .text               c_w.l(_printf_str.o)
    0x08004cb0   0x08004cb0   0x00000078   Code   RO          896    .text               c_w.l(_printf_dec.o)
    0x08004d28   0x08004d28   0x00000188   Code   RO          915    .text               c_w.l(__printf_flags_ss_wp.o)
    0x08004eb0   0x08004eb0   0x0000001a   Code   RO          922    .text               c_w.l(atoi.o)
    0x08004eca   0x08004eca   0x00000002   PAD
    0x08004ecc   0x08004ecc   0x0000000c   Code   RO          924    .text               c_w.l(strtok.o)
    0x08004ed8   0x08004ed8   0x00000024   Code   RO          927    .text               c_w.l(strstr.o)
    0x08004efc   0x08004efc   0x0000003e   Code   RO          929    .text               c_w.l(strlen.o)
    0x08004f3a   0x08004f3a   0x0000004e   Code   RO          931    .text               c_w.l(rt_memclr_w.o)
    0x08004f88   0x08004f88   0x00000006   Code   RO          933    .text               c_w.l(heapauxi.o)
    0x08004f8e   0x08004f8e   0x00000002   Code   RO          957    .text               c_w.l(use_no_semi.o)
    0x08004f90   0x08004f90   0x00000008   Code   RO          963    .text               c_w.l(rt_errno_addr_intlibspace.o)
    0x08004f98   0x08004f98   0x00000016   Code   RO          965    .text               c_w.l(_rserrno.o)
    0x08004fae   0x08004fae   0x00000024   Code   RO          967    .text               c_w.l(_printf_truncate.o)
    0x08004fd2   0x08004fd2   0x000000b2   Code   RO          969    .text               c_w.l(_printf_intcommon.o)
    0x08005084   0x08005084   0x00000028   Code   RO          971    .text               c_w.l(_printf_charcount.o)
    0x080050ac   0x080050ac   0x00000030   Code   RO          973    .text               c_w.l(_printf_char_common.o)
    0x080050dc   0x080050dc   0x0000000a   Code   RO          975    .text               c_w.l(_sputc.o)
    0x080050e6   0x080050e6   0x0000002c   Code   RO          977    .text               c_w.l(_printf_char.o)
    0x08005112   0x08005112   0x00000002   PAD
    0x08005114   0x08005114   0x00000024   Code   RO          979    .text               c_w.l(_printf_char_file.o)
    0x08005138   0x08005138   0x000000bc   Code   RO          981    .text               c_w.l(_printf_wctomb.o)
    0x080051f4   0x080051f4   0x0000007c   Code   RO          984    .text               c_w.l(_printf_longlong_dec.o)
    0x08005270   0x08005270   0x00000070   Code   RO          990    .text               c_w.l(_printf_oct_int_ll.o)
    0x080052e0   0x080052e0   0x00000094   Code   RO         1010    .text               c_w.l(_printf_hex_int_ll_ptr.o)
    0x08005374   0x08005374   0x00000070   Code   RO         1033    .text               c_w.l(strtol.o)
    0x080053e4   0x080053e4   0x00000044   Code   RO         1035    .text               c_w.l(strtok_int.o)
    0x08005428   0x08005428   0x00000008   Code   RO         1107    .text               c_w.l(libspace.o)
    0x08005430   0x08005430   0x00000010   Code   RO         1125    .text               c_w.l(rt_ctype_table.o)
    0x08005440   0x08005440   0x0000008a   Code   RO         1127    .text               c_w.l(lludiv10.o)
    0x080054ca   0x080054ca   0x0000041e   Code   RO         1129    .text               c_w.l(_printf_fp_dec.o)
    0x080058e8   0x080058e8   0x0000002c   Code   RO         1133    .text               c_w.l(_printf_wchar.o)
    0x08005914   0x08005914   0x0000009e   Code   RO         1135    .text               c_w.l(_strtoul.o)
    0x080059b2   0x080059b2   0x00000008   Code   RO         1137    .text               c_w.l(ferror.o)
    0x080059ba   0x080059ba   0x00000040   Code   RO         1141    .text               c_w.l(_wcrtomb.o)
    0x080059fa   0x080059fa   0x00000020   Code   RO         1143    .text               c_w.l(strcspn.o)
    0x08005a1a   0x08005a1a   0x0000001c   Code   RO         1145    .text               c_w.l(strspn.o)
    0x08005a36   0x08005a36   0x0000004a   Code   RO         1153    .text               c_w.l(sys_stackheap_outer.o)
    0x08005a80   0x08005a80   0x00000008   Code   RO         1158    .text               c_w.l(rt_locale_intlibspace.o)
    0x08005a88   0x08005a88   0x00000080   Code   RO         1160    .text               c_w.l(_printf_fp_infnan.o)
    0x08005b08   0x08005b08   0x0000001c   Code   RO         1162    .text               c_w.l(_chval.o)
    0x08005b24   0x08005b24   0x000000e4   Code   RO         1164    .text               c_w.l(bigflt0.o)
    0x08005c08   0x08005c08   0x00000012   Code   RO         1195    .text               c_w.l(exit.o)
    0x08005c1a   0x08005c1a   0x00000002   PAD
    0x08005c1c   0x08005c1c   0x00000080   Code   RO         1211    .text               c_w.l(strcmpv7m.o)
    0x08005c9c   0x08005c9c   0x0000003e   Code   RO         1167    CL$$btod_d2e        c_w.l(btod.o)
    0x08005cda   0x08005cda   0x00000046   Code   RO         1169    CL$$btod_d2e_denorm_low  c_w.l(btod.o)
    0x08005d20   0x08005d20   0x00000060   Code   RO         1168    CL$$btod_d2e_norm_op1  c_w.l(btod.o)
    0x08005d80   0x08005d80   0x00000338   Code   RO         1177    CL$$btod_div_common  c_w.l(btod.o)
    0x080060b8   0x080060b8   0x000000dc   Code   RO         1174    CL$$btod_e2e        c_w.l(btod.o)
    0x08006194   0x08006194   0x0000002a   Code   RO         1171    CL$$btod_ediv       c_w.l(btod.o)
    0x080061be   0x080061be   0x0000002a   Code   RO         1170    CL$$btod_emul       c_w.l(btod.o)
    0x080061e8   0x080061e8   0x00000244   Code   RO         1176    CL$$btod_mult_common  c_w.l(btod.o)
    0x0800642c   0x0800642c   0x00000030   Code   RO         1090    i.__ARM_fpclassify  m_wm.l(fpclassify.o)
    0x0800645c   0x0800645c   0x00000004   PAD
    0x08006460   0x08006460   0x00000c50   Code   RO          943    i.__hardfp_pow      m_wm.l(pow.o)
    0x080070b0   0x080070b0   0x000000f8   Code   RO         1092    i.__kernel_poly     m_wm.l(poly.o)
    0x080071a8   0x080071a8   0x00000030   Code   RO         1070    i.__mathlib_dbl_divzero  m_wm.l(dunder.o)
    0x080071d8   0x080071d8   0x00000014   Code   RO         1072    i.__mathlib_dbl_infnan2  m_wm.l(dunder.o)
    0x080071ec   0x080071ec   0x00000004   PAD
    0x080071f0   0x080071f0   0x00000020   Code   RO         1073    i.__mathlib_dbl_invalid  m_wm.l(dunder.o)
    0x08007210   0x08007210   0x00000020   Code   RO         1074    i.__mathlib_dbl_overflow  m_wm.l(dunder.o)
    0x08007230   0x08007230   0x00000020   Code   RO         1076    i.__mathlib_dbl_underflow  m_wm.l(dunder.o)
    0x08007250   0x08007250   0x0000000e   Code   RO          908    i._is_digit         c_w.l(__printf_wp.o)
    0x0800725e   0x0800725e   0x00000018   Code   RO         1086    i.fabs              m_wm.l(fabs.o)
    0x08007276   0x08007276   0x0000006e   Code   RO         1097    i.sqrt              m_wm.l(sqrt.o)
    0x080072e4   0x080072e4   0x0000002c   Code   RO         1190    locale$$code        c_w.l(lc_ctype_c.o)
    0x08007310   0x08007310   0x0000002c   Code   RO         1193    locale$$code        c_w.l(lc_numeric_c.o)
    0x0800733c   0x0800733c   0x00000018   Code   RO         1037    x$fpl$basic         fz_wm.l(basic.o)
    0x08007354   0x08007354   0x00000062   Code   RO          937    x$fpl$d2f           fz_wm.l(d2f.o)
    0x080073b6   0x080073b6   0x00000002   PAD
    0x080073b8   0x080073b8   0x00000150   Code   RO         1039    x$fpl$dadd          fz_wm.l(daddsub_clz.o)
    0x08007508   0x08007508   0x00000010   Code   RO         1147    x$fpl$dcheck1       fz_wm.l(dcheck1.o)
    0x08007518   0x08007518   0x00000018   Code   RO         1203    x$fpl$dcmpinf       fz_wm.l(dcmpi.o)
    0x08007530   0x08007530   0x000002b0   Code   RO         1046    x$fpl$ddiv          fz_wm.l(ddiv.o)
    0x080077e0   0x080077e0   0x0000002e   Code   RO         1050    x$fpl$dflt          fz_wm.l(dflt_clz.o)
    0x0800780e   0x0800780e   0x00000002   PAD
    0x08007810   0x08007810   0x00000078   Code   RO         1149    x$fpl$dleqf         fz_wm.l(dleqf.o)
    0x08007888   0x08007888   0x00000154   Code   RO          939    x$fpl$dmul          fz_wm.l(dmul.o)
    0x080079dc   0x080079dc   0x0000009c   Code   RO         1055    x$fpl$dnaninf       fz_wm.l(dnaninf.o)
    0x08007a78   0x08007a78   0x0000000c   Code   RO         1057    x$fpl$dretinf       fz_wm.l(dretinf.o)
    0x08007a84   0x08007a84   0x0000006c   Code   RO         1059    x$fpl$drleqf        fz_wm.l(drleqf.o)
    0x08007af0   0x08007af0   0x00000016   Code   RO         1040    x$fpl$drsb          fz_wm.l(daddsub_clz.o)
    0x08007b06   0x08007b06   0x00000002   PAD
    0x08007b08   0x08007b08   0x00000198   Code   RO         1151    x$fpl$dsqrt         fz_wm.l(dsqrt_umaal.o)
    0x08007ca0   0x08007ca0   0x000001d4   Code   RO         1041    x$fpl$dsub          fz_wm.l(daddsub_clz.o)
    0x08007e74   0x08007e74   0x00000056   Code   RO          941    x$fpl$f2d           fz_wm.l(f2d.o)
    0x08007eca   0x08007eca   0x0000008c   Code   RO         1061    x$fpl$fnaninf       fz_wm.l(fnaninf.o)
    0x08007f56   0x08007f56   0x0000000a   Code   RO         1269    x$fpl$fpinit        fz_wm.l(fpinit.o)
    0x08007f60   0x08007f60   0x0000000a   Code   RO         1063    x$fpl$fretinf       fz_wm.l(fretinf.o)
    0x08007f6a   0x08007f6a   0x00000004   Code   RO         1065    x$fpl$printf1       fz_wm.l(printf1.o)
    0x08007f6e   0x08007f6e   0x00000064   Code   RO         1207    x$fpl$retnan        fz_wm.l(retnan.o)
    0x08007fd2   0x08007fd2   0x0000005c   Code   RO         1067    x$fpl$scalbn        fz_wm.l(scalbn.o)
    0x0800802e   0x0800802e   0x00000030   Code   RO         1258    x$fpl$trapveneer    fz_wm.l(trapv.o)
    0x0800805e   0x0800805e   0x00000000   Code   RO         1069    x$fpl$usenofp       fz_wm.l(usenofp.o)
    0x0800805e   0x0800805e   0x00000a58   Data   RO          505    .constdata          oled.o
    0x08008ab6   0x08008ab6   0x00000011   Data   RO          916    .constdata          c_w.l(__printf_flags_ss_wp.o)
    0x08008ac7   0x08008ac7   0x00000001   PAD
    0x08008ac8   0x08008ac8   0x00000088   Data   RO          946    .constdata          m_wm.l(pow.o)
    0x08008b50   0x08008b50   0x00000008   Data   RO          982    .constdata          c_w.l(_printf_wctomb.o)
    0x08008b58   0x08008b58   0x00000028   Data   RO         1011    .constdata          c_w.l(_printf_hex_int_ll_ptr.o)
    0x08008b80   0x08008b80   0x00000008   Data   RO         1094    .constdata          m_wm.l(qnan.o)
    0x08008b88   0x08008b88   0x00000094   Data   RO         1165    .constdata          c_w.l(bigflt0.o)
    0x08008c1c   0x08008c1c   0x0000001d   Data   RO          793    .conststring        common.o
    0x08008c39   0x08008c39   0x00000003   PAD
    0x08008c3c   0x08008c3c   0x00000059   Data   RO          824    .conststring        sim800a.o
    0x08008c95   0x08008c95   0x00000003   PAD
    0x08008c98   0x08008c98   0x00000020   Data   RO         1333    Region$$Table       anon$$obj.o
    0x08008cb8   0x08008cb8   0x00000110   Data   RO         1189    locale$$data        c_w.l(lc_ctype_c.o)
    0x08008dc8   0x08008dc8   0x0000001c   Data   RO         1192    locale$$data        c_w.l(lc_numeric_c.o)


    Execution Region RW_IRAM2 (Exec base: 0x10000000, Load base: 0x08008e54, Size: 0x00000000, Max: 0x00010000, ABSOLUTE)

    **** No section assigned to this execution region ****


    Execution Region RW_IRAM1 (Exec base: 0x20000000, Load base: 0x08008de4, Size: 0x00000de8, Max: 0x00020000, ABSOLUTE)

    Exec Addr    Load Addr    Size         Type   Attr      Idx    E Section Name        Object

    0x20000000   0x08008de4   0x00000010   Data   RW            4    .data               main.o
    0x20000010   0x08008df4   0x00000014   Data   RW          243    .data               system_stm32f4xx.o
    0x20000024   0x08008e08   0x00000003   Data   RW          356    .data               exti.o
    0x20000027   0x08008e0b   0x00000001   PAD
    0x20000028   0x08008e0c   0x00000002   Data   RW          421    .data               usart3.o
    0x2000002a   0x08008e0e   0x00000002   PAD
    0x2000002c   0x08008e10   0x00000004   Data   RW          478    .data               encoder.o
    0x20000030   0x08008e14   0x00000006   Data   RW          506    .data               oled.o
    0x20000036   0x08008e1a   0x00000004   Data   RW          530    .data               delay.o
    0x2000003a   0x08008e1e   0x00000002   PAD
    0x2000003c   0x08008e20   0x00000006   Data   RW          571    .data               usart.o
    0x20000042   0x08008e26   0x00000010   Data   RW          691    .data               stm32f4xx_rcc.o
    0x20000052   0x08008e36   0x00000002   PAD
    0x20000054   0x08008e38   0x0000000d   Data   RW          794    .data               common.o
    0x20000061   0x08008e45   0x00000003   PAD
    0x20000064   0x08008e48   0x00000004   Data   RW          825    .data               sim800a.o
    0x20000068   0x08008e4c   0x00000002   Data   RW          853    .data               usart6.o
    0x2000006a   0x08008e4e   0x00000002   PAD
    0x2000006c   0x08008e50   0x00000004   Data   RW          925    .data               c_w.l(strtok.o)
    0x20000070        -       0x00000320   Zero   RW          420    .bss                usart3.o
    0x20000390        -       0x00000010   Zero   RW          504    .bss                oled.o
    0x200003a0        -       0x000000c8   Zero   RW          570    .bss                usart.o
    0x20000468        -       0x00000320   Zero   RW          852    .bss                usart6.o
    0x20000788        -       0x00000060   Zero   RW         1108    .bss                c_w.l(libspace.o)
    0x200007e8        -       0x00000200   Zero   RW          599    HEAP                startup_stm32f40_41xxx.o
    0x200009e8        -       0x00000400   Zero   RW          598    STACK               startup_stm32f40_41xxx.o


==============================================================================

Image component sizes


      Code (inc. data)   RO Data    RW Data    ZI Data      Debug   Object Name

       224         10          0          0          0       1159   adc.o
      1636        602         29         13          0       4727   common.o
       260          8          0          4          0       1457   delay.o
       408         14          0          0          0       2138   dht11.o
       256         10          0          4          0       1471   encoder.o
       796        174          0          3          0       2059   exti.o
        52          6          0          0          0        537   hc_sr501.o
        64          4          0          0          0        515   led.o
      1664        462          0         16          0     299926   main.o
       224         20          0          0          0       1793   misc.o
       216         32          0          0          0        790   mq_sensor.o
      1760         40       2648          6         16       6300   oled.o
        52          6          0          0          0        563   rain_detect.o
       676        314         89          4          0       2319   sim800a.o
        64         26        392          0       1536        824   startup_stm32f40_41xxx.o
      1124         24          0          0          0      10662   stm32f4xx_adc.o
       272         10          0          0          0       2263   stm32f4xx_exti.o
       660         44          0          0          0       4137   stm32f4xx_gpio.o
        26          0          0          0          0       1210   stm32f4xx_it.o
      1628         52          0         16          0      12996   stm32f4xx_rcc.o
       148         12          0          0          0       1833   stm32f4xx_syscfg.o
      3234         60          0          0          0      22992   stm32f4xx_tim.o
      1108         34          0          0          0       7860   stm32f4xx_usart.o
       528         46          0         20          0       1743   system_stm32f4xx.o
       452         26          0          0          0       1700   timer.o
       332         18          0          6        200       3303   usart.o
       392         26          0          2        800       2542   usart3.o
       380         24          0          2        800       1926   usart6.o

    ----------------------------------------------------------------------
     18640       2104       3196        108       3352     401745   Object Totals
         0          0         32          0          0          0   (incl. Generated)
         4          0          6         12          0          0   (incl. Padding)

    ----------------------------------------------------------------------

      Code (inc. data)   RO Data    RW Data    ZI Data      Debug   Library Member Name

        24          4          0          0          0         84   __2printf.o
        44          6          0          0          0         84   __2sprintf.o
         8          0          0          0          0         68   __main.o
       392          4         17          0          0         92   __printf_flags_ss_wp.o
        14          0          0          0          0         68   __printf_wp.o
         0          0          0          0          0          0   __rtentry.o
        12          0          0          0          0          0   __rtentry2.o
         6          0          0          0          0          0   __rtentry4.o
        52          8          0          0          0          0   __scatter.o
        26          0          0          0          0          0   __scatter_copy.o
        28          0          0          0          0          0   __scatter_zi.o
        28          0          0          0          0         68   _chval.o
         6          0          0          0          0          0   _printf_a.o
         6          0          0          0          0          0   _printf_c.o
        44          0          0          0          0        108   _printf_char.o
        48          6          0          0          0         96   _printf_char_common.o
        36          4          0          0          0         80   _printf_char_file.o
        40          0          0          0          0         68   _printf_charcount.o
         6          0          0          0          0          0   _printf_d.o
       120         16          0          0          0         92   _printf_dec.o
         6          0          0          0          0          0   _printf_e.o
         6          0          0          0          0          0   _printf_f.o
      1054          0          0          0          0        216   _printf_fp_dec.o
       128         16          0          0          0         84   _printf_fp_infnan.o
         6          0          0          0          0          0   _printf_g.o
       148          4         40          0          0        160   _printf_hex_int_ll_ptr.o
         6          0          0          0          0          0   _printf_i.o
       178          0          0          0          0         88   _printf_intcommon.o
        10          0          0          0          0          0   _printf_l.o
         6          0          0          0          0          0   _printf_lc.o
        10          0          0          0          0          0   _printf_ll.o
         6          0          0          0          0          0   _printf_lld.o
         6          0          0          0          0          0   _printf_lli.o
         6          0          0          0          0          0   _printf_llo.o
         6          0          0          0          0          0   _printf_llu.o
         6          0          0          0          0          0   _printf_llx.o
       124         16          0          0          0         92   _printf_longlong_dec.o
         6          0          0          0          0          0   _printf_ls.o
         6          0          0          0          0          0   _printf_n.o
         6          0          0          0          0          0   _printf_o.o
       112         10          0          0          0        124   _printf_oct_int_ll.o
         6          0          0          0          0          0   _printf_p.o
        78          0          0          0          0        108   _printf_pad.o
         0          0          0          0          0          0   _printf_percent.o
         4          0          0          0          0          0   _printf_percent_end.o
         6          0          0          0          0          0   _printf_s.o
        82          0          0          0          0         80   _printf_str.o
        36          0          0          0          0         84   _printf_truncate.o
         6          0          0          0          0          0   _printf_u.o
        44          0          0          0          0        108   _printf_wchar.o
       188          6          8          0          0         92   _printf_wctomb.o
         6          0          0          0          0          0   _printf_x.o
        22          0          0          0          0        100   _rserrno.o
        10          0          0          0          0         68   _sputc.o
       158          0          0          0          0         92   _strtoul.o
        64          0          0          0          0         92   _wcrtomb.o
        26          0          0          0          0         80   atoi.o
       228          4        148          0          0         96   bigflt0.o
      1936        128          0          0          0        672   btod.o
        36          4          0          0          0         76   c89vsprintf.o
        18          0          0          0          0         80   exit.o
         8          0          0          0          0         68   ferror.o
         6          0          0          0          0        152   heapauxi.o
        44         10        272          0          0         76   lc_ctype_c.o
        44         10         28          0          0         76   lc_numeric_c.o
         2          0          0          0          0          0   libinit.o
        34          0          0          0          0          0   libinit2.o
         2          0          0          0          0          0   libshutdown.o
         2          0          0          0          0          0   libshutdown2.o
         8          4          0          0         96         68   libspace.o
       138          0          0          0          0         80   lludiv10.o
        16          4          0          0          0         76   rt_ctype_table.o
         8          4          0          0          0         68   rt_errno_addr_intlibspace.o
         8          4          0          0          0         68   rt_locale_intlibspace.o
        78          0          0          0          0         80   rt_memclr_w.o
         2          0          0          0          0          0   rtexit.o
        10          0          0          0          0          0   rtexit2.o
       128          0          0          0          0         68   strcmpv7m.o
        32          0          0          0          0         80   strcspn.o
        62          0          0          0          0         76   strlen.o
        28          0          0          0          0         80   strspn.o
        36          0          0          0          0         80   strstr.o
        12          6          0          4          0         68   strtok.o
        68          4          0          0          0         84   strtok_int.o
       112          0          0          0          0         88   strtol.o
        74          0          0          0          0         80   sys_stackheap_outer.o
         2          0          0          0          0         68   use_no_semi.o
         2          0          0          0          0         68   use_no_semi_2.o
        24          0          0          0          0        164   basic.o
        98          4          0          0          0        140   d2f.o
       826         16          0          0          0        492   daddsub_clz.o
        16          4          0          0          0        116   dcheck1.o
        24          0          0          0          0        116   dcmpi.o
       688        140          0          0          0        256   ddiv.o
        46          0          0          0          0        116   dflt_clz.o
       120          4          0          0          0        140   dleqf.o
       340         12          0          0          0        152   dmul.o
       156          4          0          0          0        140   dnaninf.o
        12          0          0          0          0        116   dretinf.o
       108          0          0          0          0        128   drleqf.o
       408         56          0          0          0        168   dsqrt_umaal.o
        86          4          0          0          0        132   f2d.o
       140          4          0          0          0        132   fnaninf.o
        10          0          0          0          0        116   fpinit.o
        10          0          0          0          0        116   fretinf.o
         4          0          0          0          0        116   printf1.o
       100          0          0          0          0        116   retnan.o
        92          0          0          0          0        116   scalbn.o
        48          0          0          0          0        116   trapv.o
         0          0          0          0          0          0   usenofp.o
       164         44          0          0          0        620   dunder.o
        24          0          0          0          0        124   fabs.o
        48          0          0          0          0        124   fpclassify.o
       248          0          0          0          0        152   poly.o
      3152        296        136          0          0        352   pow.o
         0          0          8          0          0          0   qnan.o
       110          0          0          0          0        148   sqrt.o

    ----------------------------------------------------------------------
     13830        870        658          4         96       9876   Library Totals
        26          0          1          0          0          0   (incl. Padding)

    ----------------------------------------------------------------------

      Code (inc. data)   RO Data    RW Data    ZI Data      Debug   Library Name

      6702        282        513          4         96       5152   c_w.l
      3356        248          0          0          0       3204   fz_wm.l
      3746        340        144          0          0       1520   m_wm.l

    ----------------------------------------------------------------------
     13830        870        658          4         96       9876   Library Totals

    ----------------------------------------------------------------------

==============================================================================


      Code (inc. data)   RO Data    RW Data    ZI Data      Debug   

     32470       2974       3854        112       3448     400909   Grand Totals
     32470       2974       3854        112       3448     400909   ELF Image Totals
     32470       2974       3854        112          0          0   ROM Totals

==============================================================================

    Total RO  Size (Code + RO Data)                36324 (  35.47kB)
    Total RW  Size (RW Data + ZI Data)              3560 (   3.48kB)
    Total ROM Size (Code + RO Data + RW Data)      36436 (  35.58kB)

==============================================================================

